Release 13.4 - xst O.87xd (nt)
Copyright (c) 1995-2011 Xilinx, Inc.  All rights reserved.
--> Parameter TMPDIR set to xst/projnav.tmp


Total REAL time to Xst completion: 0.00 secs
Total CPU time to Xst completion: 0.13 secs
 
--> Parameter xsthdpdir set to xst


Total REAL time to Xst completion: 0.00 secs
Total CPU time to Xst completion: 0.13 secs
 
--> Reading design: ALUSTAGE.prj

TABLE OF CONTENTS
  1) Synthesis Options Summary
  2) HDL Compilation
  3) Design Hierarchy Analysis
  4) HDL Analysis
  5) HDL Synthesis
     5.1) HDL Synthesis Report
  6) Advanced HDL Synthesis
     6.1) Advanced HDL Synthesis Report
  7) Low Level Synthesis
  8) Partition Report
  9) Final Report
	9.1) Device utilization summary
	9.2) Partition Resource Summary
	9.3) TIMING REPORT


=========================================================================
*                      Synthesis Options Summary                        *
=========================================================================
---- Source Parameters
Input File Name                    : "ALUSTAGE.prj"
Input Format                       : mixed
Ignore Synthesis Constraint File   : NO

---- Target Parameters
Output File Name                   : "ALUSTAGE"
Output Format                      : NGC
Target Device                      : xc3s1600e-5-fg320

---- Source Options
Top Module Name                    : ALUSTAGE
Automatic FSM Extraction           : YES
FSM Encoding Algorithm             : Auto
Safe Implementation                : No
FSM Style                          : LUT
RAM Extraction                     : Yes
RAM Style                          : Auto
ROM Extraction                     : Yes
Mux Style                          : Auto
Decoder Extraction                 : YES
Priority Encoder Extraction        : Yes
Shift Register Extraction          : YES
Logical Shifter Extraction         : YES
XOR Collapsing                     : YES
ROM Style                          : Auto
Mux Extraction                     : Yes
Resource Sharing                   : YES
Asynchronous To Synchronous        : NO
Multiplier Style                   : Auto
Automatic Register Balancing       : No

---- Target Options
Add IO Buffers                     : YES
Global Maximum Fanout              : 100000
Add Generic Clock Buffer(BUFG)     : 24
Register Duplication               : YES
Slice Packing                      : YES
Optimize Instantiated Primitives   : NO
Use Clock Enable                   : Yes
Use Synchronous Set                : Yes
Use Synchronous Reset              : Yes
Pack IO Registers into IOBs        : Auto
Equivalent register Removal        : YES

---- General Options
Optimization Goal                  : Speed
Optimization Effort                : 1
Keep Hierarchy                     : No
Netlist Hierarchy                  : As_Optimized
RTL Output                         : Yes
Global Optimization                : AllClockNets
Read Cores                         : YES
Write Timing Constraints           : NO
Cross Clock Analysis               : NO
Hierarchy Separator                : /
Bus Delimiter                      : <>
Case Specifier                     : Maintain
Slice Utilization Ratio            : 100
BRAM Utilization Ratio             : 100
Verilog 2001                       : YES
Auto BRAM Packing                  : NO
Slice Utilization Ratio Delta      : 5

=========================================================================


=========================================================================
*                          HDL Compilation                              *
=========================================================================
Compiling vhdl file "C:/Users/Mike/Desktop/organwsh/ALUSTAGE/mux.vhd" in Library work.
Architecture behavioral of Entity mux is up to date.
Compiling vhdl file "C:/Users/Mike/Desktop/organwsh/ALUSTAGE/mux32Bit.vhd" in Library work.
Architecture behavioral of Entity mux32bit is up to date.
Compiling vhdl file "C:/Users/Mike/Desktop/organwsh/ALUSTAGE/top.vhd" in Library work.
Architecture behavioral of Entity alu is up to date.
Compiling vhdl file "C:/Users/Mike/Desktop/organwsh/ALUSTAGE/ALUSTAGE.vhd" in Library work.
Entity <alustage> compiled.
Entity <alustage> (Architecture <behavioral>) compiled.

=========================================================================
*                     Design Hierarchy Analysis                         *
=========================================================================
Analyzing hierarchy for entity <ALUSTAGE> in library <work> (architecture <behavioral>).

Analyzing hierarchy for entity <mux32Bit> in library <work> (architecture <behavioral>).

Analyzing hierarchy for entity <ALU> in library <work> (architecture <behavioral>).

Analyzing hierarchy for entity <mux> in library <work> (architecture <behavioral>).


=========================================================================
*                            HDL Analysis                               *
=========================================================================
Analyzing Entity <ALUSTAGE> in library <work> (Architecture <behavioral>).
WARNING:Xst:754 - "C:/Users/Mike/Desktop/organwsh/ALUSTAGE/ALUSTAGE.vhd" line 46: Unconnected inout port 'Cout' of component 'ALU'.
WARNING:Xst:754 - "C:/Users/Mike/Desktop/organwsh/ALUSTAGE/ALUSTAGE.vhd" line 46: Unconnected inout port 'Ovf' of component 'ALU'.
Entity <ALUSTAGE> analyzed. Unit <ALUSTAGE> generated.

Analyzing Entity <mux32Bit> in library <work> (Architecture <behavioral>).
Entity <mux32Bit> analyzed. Unit <mux32Bit> generated.

Analyzing Entity <mux> in library <work> (Architecture <behavioral>).
Entity <mux> analyzed. Unit <mux> generated.

Analyzing Entity <ALU> in library <work> (Architecture <behavioral>).
Entity <ALU> analyzed. Unit <ALU> generated.


=========================================================================
*                           HDL Synthesis                               *
=========================================================================

Performing bidirectional port resolution...

Synthesizing Unit <ALU>.
    Related source file is "C:/Users/Mike/Desktop/organwsh/ALUSTAGE/top.vhd".
    Found 32-bit adder for signal <BEs$addsub0000> created at line 40.
    Found 33-bit adder for signal <OutEs$addsub0000>.
    Summary:
	inferred   2 Adder/Subtractor(s).
Unit <ALU> synthesized.


Synthesizing Unit <mux>.
    Related source file is "C:/Users/Mike/Desktop/organwsh/ALUSTAGE/mux.vhd".
Unit <mux> synthesized.


Synthesizing Unit <mux32Bit>.
    Related source file is "C:/Users/Mike/Desktop/organwsh/ALUSTAGE/mux32Bit.vhd".
Unit <mux32Bit> synthesized.


Synthesizing Unit <ALUSTAGE>.
    Related source file is "C:/Users/Mike/Desktop/organwsh/ALUSTAGE/ALUSTAGE.vhd".
Unit <ALUSTAGE> synthesized.

INFO:Xst:1767 - HDL ADVISOR - Resource sharing has identified that some arithmetic operations in this design can share the same physical resources for reduced device utilization. For improved clock frequency you may try to disable resource sharing.

=========================================================================
HDL Synthesis Report

Macro Statistics
# Adders/Subtractors                                   : 2
 32-bit adder                                          : 1
 33-bit adder                                          : 1

=========================================================================

=========================================================================
*                       Advanced HDL Synthesis                          *
=========================================================================


=========================================================================
Advanced HDL Synthesis Report

Macro Statistics
# Adders/Subtractors                                   : 2
 32-bit adder                                          : 1
 33-bit adder                                          : 1

=========================================================================

=========================================================================
*                         Low Level Synthesis                           *
=========================================================================

Optimizing unit <ALUSTAGE> ...

Optimizing unit <ALU> ...

Mapping all equations...
Building and optimizing final netlist ...
Found area constraint ratio of 100 (+ 5) on block ALUSTAGE, actual ratio is 1.

Final Macro Processing ...

=========================================================================
Final Register Report

Found no macro
=========================================================================

=========================================================================
*                           Partition Report                            *
=========================================================================

Partition Implementation Status
-------------------------------

  No Partitions were found in this design.

-------------------------------

=========================================================================
*                            Final Report                               *
=========================================================================
Final Results
RTL Top Level Output File Name     : ALUSTAGE.ngr
Top Level Output File Name         : ALUSTAGE
Output Format                      : NGC
Optimization Goal                  : Speed
Keep Hierarchy                     : No

Design Statistics
# IOs                              : 134

Cell Usage :
# BELS                             : 497
#      GND                         : 1
#      LUT2                        : 33
#      LUT3                        : 99
#      LUT4                        : 174
#      MUXCY                       : 62
#      MUXF5                       : 63
#      VCC                         : 1
#      XORCY                       : 64
# IO Buffers                       : 134
#      IBUF                        : 101
#      OBUF                        : 33
=========================================================================

Device utilization summary:
---------------------------

Selected Device : 3s1600efg320-5 

 Number of Slices:                      180  out of  14752     1%  
 Number of 4 input LUTs:                306  out of  29504     1%  
 Number of IOs:                         134
 Number of bonded IOBs:                 134  out of    250    53%  

---------------------------
Partition Resource Summary:
---------------------------

  No Partitions were found in this design.

---------------------------


=========================================================================
TIMING REPORT

NOTE: THESE TIMING NUMBERS ARE ONLY A SYNTHESIS ESTIMATE.
      FOR ACCURATE TIMING INFORMATION PLEASE REFER TO THE TRACE REPORT
      GENERATED AFTER PLACE-and-ROUTE.

Clock Information:
------------------
No clock signals found in this design

Asynchronous Control Signals Information:
----------------------------------------
No asynchronous control signals found in this design

Timing Summary:
---------------
Speed Grade: -5

   Minimum period: No path found
   Minimum input arrival time before clock: No path found
   Maximum output required time after clock: No path found
   Maximum combinational path delay: 17.416ns

Timing Detail:
--------------
All values displayed in nanoseconds (ns)

=========================================================================
Timing constraint: Default path analysis
  Total number of paths / destination ports: 46952 / 33
-------------------------------------------------------------------------
Delay:               17.416ns (Levels of Logic = 43)
  Source:            ALU_Bin_sel (PAD)
  Destination:       Zero (PAD)

  Data Path: ALU_Bin_sel to Zero
                                Gate     Net
    Cell:in->out      fanout   Delay   Delay  Logical Name (Net Name)
    ----------------------------------------  ------------
     IBUF:I->O            64   1.106   1.233  ALU_Bin_sel_IBUF (ALU_Bin_sel_IBUF)
     LUT3:I0->O            1   0.612   0.000  mux32Bit0/mux0/output11 (mux32Bit0/mux0/output1)
     MUXCY:S->O            1   0.404   0.000  ALU0/Madd_BEs_addsub0000_cy<0> (ALU0/Madd_BEs_addsub0000_cy<0>)
     MUXCY:CI->O           1   0.052   0.000  ALU0/Madd_BEs_addsub0000_cy<1> (ALU0/Madd_BEs_addsub0000_cy<1>)
     MUXCY:CI->O           1   0.052   0.000  ALU0/Madd_BEs_addsub0000_cy<2> (ALU0/Madd_BEs_addsub0000_cy<2>)
     MUXCY:CI->O           1   0.052   0.000  ALU0/Madd_BEs_addsub0000_cy<3> (ALU0/Madd_BEs_addsub0000_cy<3>)
     MUXCY:CI->O           1   0.052   0.000  ALU0/Madd_BEs_addsub0000_cy<4> (ALU0/Madd_BEs_addsub0000_cy<4>)
     MUXCY:CI->O           1   0.052   0.000  ALU0/Madd_BEs_addsub0000_cy<5> (ALU0/Madd_BEs_addsub0000_cy<5>)
     MUXCY:CI->O           1   0.052   0.000  ALU0/Madd_BEs_addsub0000_cy<6> (ALU0/Madd_BEs_addsub0000_cy<6>)
     MUXCY:CI->O           1   0.052   0.000  ALU0/Madd_BEs_addsub0000_cy<7> (ALU0/Madd_BEs_addsub0000_cy<7>)
     MUXCY:CI->O           1   0.052   0.000  ALU0/Madd_BEs_addsub0000_cy<8> (ALU0/Madd_BEs_addsub0000_cy<8>)
     MUXCY:CI->O           1   0.052   0.000  ALU0/Madd_BEs_addsub0000_cy<9> (ALU0/Madd_BEs_addsub0000_cy<9>)
     MUXCY:CI->O           1   0.052   0.000  ALU0/Madd_BEs_addsub0000_cy<10> (ALU0/Madd_BEs_addsub0000_cy<10>)
     MUXCY:CI->O           1   0.052   0.000  ALU0/Madd_BEs_addsub0000_cy<11> (ALU0/Madd_BEs_addsub0000_cy<11>)
     MUXCY:CI->O           1   0.052   0.000  ALU0/Madd_BEs_addsub0000_cy<12> (ALU0/Madd_BEs_addsub0000_cy<12>)
     MUXCY:CI->O           1   0.052   0.000  ALU0/Madd_BEs_addsub0000_cy<13> (ALU0/Madd_BEs_addsub0000_cy<13>)
     MUXCY:CI->O           1   0.052   0.000  ALU0/Madd_BEs_addsub0000_cy<14> (ALU0/Madd_BEs_addsub0000_cy<14>)
     MUXCY:CI->O           1   0.052   0.000  ALU0/Madd_BEs_addsub0000_cy<15> (ALU0/Madd_BEs_addsub0000_cy<15>)
     MUXCY:CI->O           1   0.052   0.000  ALU0/Madd_BEs_addsub0000_cy<16> (ALU0/Madd_BEs_addsub0000_cy<16>)
     MUXCY:CI->O           1   0.052   0.000  ALU0/Madd_BEs_addsub0000_cy<17> (ALU0/Madd_BEs_addsub0000_cy<17>)
     MUXCY:CI->O           1   0.052   0.000  ALU0/Madd_BEs_addsub0000_cy<18> (ALU0/Madd_BEs_addsub0000_cy<18>)
     MUXCY:CI->O           1   0.052   0.000  ALU0/Madd_BEs_addsub0000_cy<19> (ALU0/Madd_BEs_addsub0000_cy<19>)
     MUXCY:CI->O           1   0.052   0.000  ALU0/Madd_BEs_addsub0000_cy<20> (ALU0/Madd_BEs_addsub0000_cy<20>)
     MUXCY:CI->O           1   0.052   0.000  ALU0/Madd_BEs_addsub0000_cy<21> (ALU0/Madd_BEs_addsub0000_cy<21>)
     MUXCY:CI->O           1   0.052   0.000  ALU0/Madd_BEs_addsub0000_cy<22> (ALU0/Madd_BEs_addsub0000_cy<22>)
     MUXCY:CI->O           1   0.052   0.000  ALU0/Madd_BEs_addsub0000_cy<23> (ALU0/Madd_BEs_addsub0000_cy<23>)
     MUXCY:CI->O           1   0.052   0.000  ALU0/Madd_BEs_addsub0000_cy<24> (ALU0/Madd_BEs_addsub0000_cy<24>)
     MUXCY:CI->O           1   0.052   0.000  ALU0/Madd_BEs_addsub0000_cy<25> (ALU0/Madd_BEs_addsub0000_cy<25>)
     MUXCY:CI->O           1   0.052   0.000  ALU0/Madd_BEs_addsub0000_cy<26> (ALU0/Madd_BEs_addsub0000_cy<26>)
     MUXCY:CI->O           1   0.052   0.000  ALU0/Madd_BEs_addsub0000_cy<27> (ALU0/Madd_BEs_addsub0000_cy<27>)
     MUXCY:CI->O           1   0.052   0.000  ALU0/Madd_BEs_addsub0000_cy<28> (ALU0/Madd_BEs_addsub0000_cy<28>)
     XORCY:CI->O           1   0.699   0.387  ALU0/Madd_BEs_addsub0000_xor<29> (ALU0/BEs_addsub0000<29>)
     LUT4:I2->O            1   0.612   0.426  ALU0/OutEs_mux0000<29>1 (ALU0/OutEs_mux0000<29>)
     LUT2:I1->O            1   0.612   0.000  ALU0/Madd_OutEs_addsub0000_lut<29> (ALU0/Madd_OutEs_addsub0000_lut<29>)
     MUXCY:S->O            1   0.404   0.000  ALU0/Madd_OutEs_addsub0000_cy<29> (ALU0/Madd_OutEs_addsub0000_cy<29>)
     XORCY:CI->O           1   0.699   0.387  ALU0/Madd_OutEs_addsub0000_xor<30> (ALU0/OutEs_addsub0000<30>)
     LUT4:I2->O            1   0.612   0.000  ALU0/Outt_30_mux000088_SW0_F (N283)
     MUXF5:I0->O           1   0.278   0.426  ALU0/Outt_30_mux000088_SW0 (N155)
     LUT4:I1->O            2   0.612   0.383  ALU0/Outt_30_mux000088 (ALU_out_30_OBUF)
     LUT4:I3->O            1   0.612   0.360  ALU0/Zero314_SW0 (N95)
     LUT4:I3->O            1   0.612   0.360  ALU0/Zero314 (ALU0/Zero314)
     LUT4:I3->O            1   0.612   0.357  ALU0/Zero342 (Zero_OBUF)
     OBUF:I->O                 3.169          Zero_OBUF (Zero)
    ----------------------------------------
    Total                     17.416ns (13.097ns logic, 4.319ns route)
                                       (75.2% logic, 24.8% route)

=========================================================================


Total REAL time to Xst completion: 4.00 secs
Total CPU time to Xst completion: 4.58 secs
 
--> 

Total memory usage is 250880 kilobytes

Number of errors   :    0 (   0 filtered)
Number of warnings :    2 (   0 filtered)
Number of infos    :    1 (   0 filtered)

