V3 3
FL C:/Users/Mike/Desktop/organwsh/lab1/top.vhd 2017/02/10.21:44:37 O.87xd
EN work/ALU 1486755880 FL C:/Users/Mike/Desktop/organwsh/lab1/top.vhd \
      PB ieee/std_logic_1164 1325952872 PB ieee/STD_LOGIC_UNSIGNED 1325952875
AR work/ALU/Behavioral 1486755881 \
      FL C:/Users/Mike/Desktop/organwsh/lab1/top.vhd EN work/ALU 1486755880
