EN adder NULL C:/Users/Mike/Desktop/organwsh/CommandRecallLevel/Adder.vhd sub00/vhpl14 1487611392
AR flipflop behavioral C:/Users/Mike/Desktop/organwsh/CommandRecallLevel/flipflop.vhd sub00/vhpl05 1487611381
AR reg32bit structural C:/Users/Mike/Desktop/organwsh/CommandRecallLevel/Reg32Bit.vhd sub00/vhpl11 1487611387
EN mux32bit NULL C:/Users/Mike/Desktop/organwsh/CommandRecallLevel/mux32Bit.vhd sub00/vhpl16 1487611394
EN incrementor NULL C:/Users/Mike/Desktop/organwsh/CommandRecallLevel/Incrementor.vhd sub00/vhpl00 1487611390
AR reg4bit structural C:/Users/Mike/Desktop/organwsh/CommandRecallLevel/Reg4Bit.vhd sub00/vhpl09 1487611385
AR reg1bit behavioral C:/Users/Mike/Desktop/organwsh/CommandRecallLevel/Reg1Bit.vhd sub00/vhpl07 1487611383
AR mux behavioral C:/Users/Mike/Desktop/organwsh/CommandRecallLevel/mux.vhd sub00/vhpl03 1487611379
EN if_mem NULL C:/Users/Mike/Desktop/organwsh/CommandRecallLevel/IF_MEM.vhd sub00/vhpl12 1487611388
AR mux32bit behavioral C:/Users/Mike/Desktop/organwsh/CommandRecallLevel/mux32Bit.vhd sub00/vhpl17 1487611395
EN reg32bit NULL C:/Users/Mike/Desktop/organwsh/CommandRecallLevel/Reg32Bit.vhd sub00/vhpl10 1487611386
EN ifstage NULL C:/Users/Mike/Desktop/organwsh/CommandRecallLevel/IFSTAGE.vhd sub00/vhpl18 1487611396
AR ifstage structral C:/Users/Mike/Desktop/organwsh/CommandRecallLevel/IFSTAGE.vhd sub00/vhpl19 1487611397
AR incrementor behavioral C:/Users/Mike/Desktop/organwsh/CommandRecallLevel/Incrementor.vhd sub00/vhpl01 1487611391
AR adder behavioral C:/Users/Mike/Desktop/organwsh/CommandRecallLevel/Adder.vhd sub00/vhpl15 1487611393
EN flipflop NULL C:/Users/Mike/Desktop/organwsh/CommandRecallLevel/flipflop.vhd sub00/vhpl04 1487611380
EN mux NULL C:/Users/Mike/Desktop/organwsh/CommandRecallLevel/mux.vhd sub00/vhpl02 1487611378
EN reg4bit NULL C:/Users/Mike/Desktop/organwsh/CommandRecallLevel/Reg4Bit.vhd sub00/vhpl08 1487611384
EN reg1bit NULL C:/Users/Mike/Desktop/organwsh/CommandRecallLevel/Reg1Bit.vhd sub00/vhpl06 1487611382
AR if_mem syn C:/Users/Mike/Desktop/organwsh/CommandRecallLevel/IF_MEM.vhd sub00/vhpl13 1487611389
