V3 39
FL C:/Users/Mike/Desktop/organwsh/CommandRecallLevel/Adder.vhd 2017/02/19.17:10:25 O.87xd
EN work/Adder 1487611392 \
      FL C:/Users/Mike/Desktop/organwsh/CommandRecallLevel/Adder.vhd \
      PB ieee/std_logic_1164 1325952872 PB ieee/STD_LOGIC_UNSIGNED 1325952875
AR work/Adder/Behavioral 1487611393 \
      FL C:/Users/Mike/Desktop/organwsh/CommandRecallLevel/Adder.vhd \
      EN work/Adder 1487611392
FL C:/Users/Mike/Desktop/organwsh/CommandRecallLevel/flipflop.vhd 2016/04/20.17:44:40 O.87xd
EN work/flipflop 1487611380 \
      FL C:/Users/Mike/Desktop/organwsh/CommandRecallLevel/flipflop.vhd \
      PB ieee/std_logic_1164 1325952872
AR work/flipflop/Behavioral 1487611381 \
      FL C:/Users/Mike/Desktop/organwsh/CommandRecallLevel/flipflop.vhd \
      EN work/flipflop 1487611380
FL C:/Users/Mike/Desktop/organwsh/CommandRecallLevel/IFSTAGE.vhd 2017/02/20.19:16:28 O.87xd
EN work/IFSTAGE 1487611396 \
      FL C:/Users/Mike/Desktop/organwsh/CommandRecallLevel/IFSTAGE.vhd \
      PB ieee/std_logic_1164 1325952872
AR work/IFSTAGE/Structral 1487611397 \
      FL C:/Users/Mike/Desktop/organwsh/CommandRecallLevel/IFSTAGE.vhd \
      EN work/IFSTAGE 1487611396 CP Reg32Bit CP IF_MEM CP Incrementor CP Adder \
      CP mux32Bit
FL C:/Users/Mike/Desktop/organwsh/CommandRecallLevel/IF_MEM.vhd 2017/02/19.16:15:10 O.87xd
EN work/IF_MEM 1487611388 \
      FL C:/Users/Mike/Desktop/organwsh/CommandRecallLevel/IF_MEM.vhd \
      PB ieee/std_logic_1164 1325952872 PB ieee/STD_LOGIC_UNSIGNED 1325952875 \
      PB std/TEXTIO 1325952871 PB ieee/STD_LOGIC_TEXTIO 1325952876
AR work/IF_MEM/syn 1487611389 \
      FL C:/Users/Mike/Desktop/organwsh/CommandRecallLevel/IF_MEM.vhd \
      EN work/IF_MEM 1487611388
FL C:/Users/Mike/Desktop/organwsh/CommandRecallLevel/Incrementor.vhd 2017/02/19.17:06:13 O.87xd
EN work/Incrementor 1487611390 \
      FL C:/Users/Mike/Desktop/organwsh/CommandRecallLevel/Incrementor.vhd \
      PB ieee/std_logic_1164 1325952872 PB ieee/STD_LOGIC_UNSIGNED 1325952875
AR work/Incrementor/Behavioral 1487611391 \
      FL C:/Users/Mike/Desktop/organwsh/CommandRecallLevel/Incrementor.vhd \
      EN work/Incrementor 1487611390
FL C:/Users/Mike/Desktop/organwsh/CommandRecallLevel/mux.vhd 2016/04/22.16:28:07 O.87xd
EN work/mux 1487611378 \
      FL C:/Users/Mike/Desktop/organwsh/CommandRecallLevel/mux.vhd \
      PB ieee/std_logic_1164 1325952872
AR work/mux/Behavioral 1487611379 \
      FL C:/Users/Mike/Desktop/organwsh/CommandRecallLevel/mux.vhd EN work/mux 1487611378
FL C:/Users/Mike/Desktop/organwsh/CommandRecallLevel/mux32Bit.vhd 2017/02/11.19:06:19 O.87xd
EN work/mux32Bit 1487611394 \
      FL C:/Users/Mike/Desktop/organwsh/CommandRecallLevel/mux32Bit.vhd \
      PB ieee/std_logic_1164 1325952872
AR work/mux32Bit/Behavioral 1487611395 \
      FL C:/Users/Mike/Desktop/organwsh/CommandRecallLevel/mux32Bit.vhd \
      EN work/mux32Bit 1487611394 CP mux
FL C:/Users/Mike/Desktop/organwsh/CommandRecallLevel/Reg1Bit.vhd 2017/02/19.16:30:48 O.87xd
EN work/Reg1Bit 1487611382 \
      FL C:/Users/Mike/Desktop/organwsh/CommandRecallLevel/Reg1Bit.vhd \
      PB ieee/std_logic_1164 1325952872
AR work/Reg1Bit/Behavioral 1487611383 \
      FL C:/Users/Mike/Desktop/organwsh/CommandRecallLevel/Reg1Bit.vhd \
      EN work/Reg1Bit 1487611382 CP mux CP flipflop
FL C:/Users/Mike/Desktop/organwsh/CommandRecallLevel/Reg32Bit.vhd 2017/02/19.17:45:06 O.87xd
EN work/Reg32Bit 1487611386 \
      FL C:/Users/Mike/Desktop/organwsh/CommandRecallLevel/Reg32Bit.vhd \
      PB ieee/std_logic_1164 1325952872
AR work/Reg32Bit/Structural 1487611387 \
      FL C:/Users/Mike/Desktop/organwsh/CommandRecallLevel/Reg32Bit.vhd \
      EN work/Reg32Bit 1487611386 CP Reg4Bit
FL C:/Users/Mike/Desktop/organwsh/CommandRecallLevel/Reg4Bit.vhd 2017/02/19.16:33:58 O.87xd
EN work/Reg4Bit 1487611384 \
      FL C:/Users/Mike/Desktop/organwsh/CommandRecallLevel/Reg4Bit.vhd \
      PB ieee/std_logic_1164 1325952872
AR work/Reg4Bit/Structural 1487611385 \
      FL C:/Users/Mike/Desktop/organwsh/CommandRecallLevel/Reg4Bit.vhd \
      EN work/Reg4Bit 1487611384 CP Reg1Bit
