V3 67
FL C:/Users/Mike/Desktop/organwsh/lab1b/compareModule.vhd 2017/02/11.22:00:35 O.87xd
EN work/compareModule 1487435667 \
      FL C:/Users/Mike/Desktop/organwsh/lab1b/compareModule.vhd \
      PB ieee/std_logic_1164 1325952872
AR work/compareModule/Behavioral 1487435668 \
      FL C:/Users/Mike/Desktop/organwsh/lab1b/compareModule.vhd \
      EN work/compareModule 1487435667
FL C:/Users/Mike/Desktop/organwsh/lab1b/demux1bit.vhd 2017/02/11.21:04:36 O.87xd
EN work/demux 1487435641 FL C:/Users/Mike/Desktop/organwsh/lab1b/demux1bit.vhd \
      PB ieee/std_logic_1164 1325952872
AR work/demux/Behavioral 1487435642 \
      FL C:/Users/Mike/Desktop/organwsh/lab1b/demux1bit.vhd EN work/demux 1487435641
FL C:/Users/Mike/Desktop/organwsh/lab1b/demux2to4.vhd 2017/02/11.21:17:11 O.87xd
EN work/demux2to4 1487435647 \
      FL C:/Users/Mike/Desktop/organwsh/lab1b/demux2to4.vhd \
      PB ieee/std_logic_1164 1325952872
AR work/demux2to4/Behavioral 1487435648 \
      FL C:/Users/Mike/Desktop/organwsh/lab1b/demux2to4.vhd EN work/demux2to4 1487435647 \
      CP demux
FL C:/Users/Mike/Desktop/organwsh/lab1b/demux3to8.vhd 2017/02/11.21:29:39 O.87xd
EN work/demux3to8 1487435653 \
      FL C:/Users/Mike/Desktop/organwsh/lab1b/demux3to8.vhd \
      PB ieee/std_logic_1164 1325952872
AR work/demux3to8/Behavioral 1487435654 \
      FL C:/Users/Mike/Desktop/organwsh/lab1b/demux3to8.vhd EN work/demux3to8 1487435653 \
      CP demux CP demux2to4
FL C:/Users/Mike/Desktop/organwsh/lab1b/demux4to16.vhd 2017/02/11.21:33:55 O.87xd
EN work/demux4to16 1487435659 \
      FL C:/Users/Mike/Desktop/organwsh/lab1b/demux4to16.vhd \
      PB ieee/std_logic_1164 1325952872
AR work/demux4to16/Behavioral 1487435660 \
      FL C:/Users/Mike/Desktop/organwsh/lab1b/demux4to16.vhd EN work/demux4to16 1487435659 \
      CP demux CP demux3to8
FL C:/Users/Mike/Desktop/organwsh/lab1b/demux5to32.vhd 2017/02/18.18:23:17 O.87xd
EN work/Decoder5to32 1487435661 \
      FL C:/Users/Mike/Desktop/organwsh/lab1b/demux5to32.vhd \
      PB ieee/std_logic_1164 1325952872
AR work/Decoder5to32/Behavioral 1487435662 \
      FL C:/Users/Mike/Desktop/organwsh/lab1b/demux5to32.vhd EN work/Decoder5to32 1487435661 \
      CP demux CP demux4to16
FL C:/Users/Mike/Desktop/organwsh/lab1b/flipflop.vhd 2016/04/20.17:44:40 O.87xd
EN work/flipflop 1487435645 FL C:/Users/Mike/Desktop/organwsh/lab1b/flipflop.vhd \
      PB ieee/std_logic_1164 1325952872
AR work/flipflop/Behavioral 1487435646 \
      FL C:/Users/Mike/Desktop/organwsh/lab1b/flipflop.vhd EN work/flipflop 1487435645
FL C:/Users/Mike/Desktop/organwsh/lab1b/mux.vhd 2016/04/22.16:28:07 O.87xd
EN work/mux 1487435637 FL C:/Users/Mike/Desktop/organwsh/lab1b/mux.vhd \
      PB ieee/std_logic_1164 1325952872
AR work/mux/Behavioral 1487435638 \
      FL C:/Users/Mike/Desktop/organwsh/lab1b/mux.vhd EN work/mux 1487435637
FL C:/Users/Mike/Desktop/organwsh/lab1b/mux16to1_32Bit.vhd 2017/02/11.20:29:04 O.87xd
EN work/mux16to1_32Bit 1487435655 \
      FL C:/Users/Mike/Desktop/organwsh/lab1b/mux16to1_32Bit.vhd \
      PB ieee/std_logic_1164 1325952872
AR work/mux16to1_32Bit/Behavioral 1487435656 \
      FL C:/Users/Mike/Desktop/organwsh/lab1b/mux16to1_32Bit.vhd \
      EN work/mux16to1_32Bit 1487435655 CP mux8to1_32Bit CP mux32Bit
FL C:/Users/Mike/Desktop/organwsh/lab1b/mux32Bit.vhd 2017/02/11.19:06:19 O.87xd
EN work/mux32Bit 1487435639 FL C:/Users/Mike/Desktop/organwsh/lab1b/mux32Bit.vhd \
      PB ieee/std_logic_1164 1325952872
AR work/mux32Bit/Behavioral 1487435640 \
      FL C:/Users/Mike/Desktop/organwsh/lab1b/mux32Bit.vhd EN work/mux32Bit 1487435639 \
      CP mux
FL C:/Users/Mike/Desktop/organwsh/lab1b/mux32to1_32Bit.vhd 2017/02/11.20:55:02 O.87xd
EN work/mux32to1_32Bit 1487435665 \
      FL C:/Users/Mike/Desktop/organwsh/lab1b/mux32to1_32Bit.vhd \
      PB ieee/std_logic_1164 1325952872
AR work/mux32to1_32Bit/Behavioral 1487435666 \
      FL C:/Users/Mike/Desktop/organwsh/lab1b/mux32to1_32Bit.vhd \
      EN work/mux32to1_32Bit 1487435665 CP mux16to1_32Bit CP mux32Bit
FL C:/Users/Mike/Desktop/organwsh/lab1b/mux4to1_32Bit.vhd 2017/02/11.19:31:29 O.87xd
EN work/mux4to1_32Bit 1487435643 \
      FL C:/Users/Mike/Desktop/organwsh/lab1b/mux4to1_32Bit.vhd \
      PB ieee/std_logic_1164 1325952872
AR work/mux4to1_32Bit/Behavioral 1487435644 \
      FL C:/Users/Mike/Desktop/organwsh/lab1b/mux4to1_32Bit.vhd \
      EN work/mux4to1_32Bit 1487435643 CP mux32Bit
FL C:/Users/Mike/Desktop/organwsh/lab1b/mux8to1_32Bit.vhd 2017/02/11.20:02:37 O.87xd
EN work/mux8to1_32Bit 1487435649 \
      FL C:/Users/Mike/Desktop/organwsh/lab1b/mux8to1_32Bit.vhd \
      PB ieee/std_logic_1164 1325952872
AR work/mux8to1_32Bit/Behavioral 1487435650 \
      FL C:/Users/Mike/Desktop/organwsh/lab1b/mux8to1_32Bit.vhd \
      EN work/mux8to1_32Bit 1487435649 CP mux4to1_32Bit CP mux32Bit
FL C:/Users/Mike/Desktop/organwsh/lab1b/Reg1Bit.vhd 2017/02/11.18:20:18 O.87xd
EN work/Reg1Bit 1487435651 FL C:/Users/Mike/Desktop/organwsh/lab1b/Reg1Bit.vhd \
      PB ieee/std_logic_1164 1325952872
AR work/Reg1Bit/Behavioral 1487435652 \
      FL C:/Users/Mike/Desktop/organwsh/lab1b/Reg1Bit.vhd EN work/Reg1Bit 1487435651 \
      CP mux CP flipflop
FL C:/Users/Mike/Desktop/organwsh/lab1b/Reg32Bit.vhd 2017/02/12.19:22:03 O.87xd
EN work/Reg32Bit 1487435663 FL C:/Users/Mike/Desktop/organwsh/lab1b/Reg32Bit.vhd \
      PB ieee/std_logic_1164 1325952872
AR work/Reg32Bit/Structural 1487435664 \
      FL C:/Users/Mike/Desktop/organwsh/lab1b/Reg32Bit.vhd EN work/Reg32Bit 1487435663 \
      CP Reg4Bit
FL C:/Users/Mike/Desktop/organwsh/lab1b/Reg4Bit.vhd 2017/02/11.18:26:37 O.87xd
EN work/Reg4Bit 1487435657 FL C:/Users/Mike/Desktop/organwsh/lab1b/Reg4Bit.vhd \
      PB ieee/std_logic_1164 1325952872
AR work/Reg4Bit/Behavioral 1487435658 \
      FL C:/Users/Mike/Desktop/organwsh/lab1b/Reg4Bit.vhd EN work/Reg4Bit 1487435657 \
      CP Reg1Bit
FL C:/Users/Mike/Desktop/organwsh/lab1b/RegisterFile.vhd 2017/02/18.18:33:51 O.87xd
EN work/RegisterFile 1487435669 \
      FL C:/Users/Mike/Desktop/organwsh/lab1b/RegisterFile.vhd \
      PB ieee/std_logic_1164 1325952872
AR work/RegisterFile/Behavioral 1487435670 \
      FL C:/Users/Mike/Desktop/organwsh/lab1b/RegisterFile.vhd \
      EN work/RegisterFile 1487435669 CP Decoder5to32 CP Reg32Bit CP mux32to1_32Bit \
      CP compareModule CP mux32Bit
