--------------------------------------------------------------------------------
Release 13.4 Trace  (nt)
Copyright (c) 1995-2011 Xilinx, Inc.  All rights reserved.

C:\Xilinx\13.4\ISE_DS\ISE\bin\nt\unwrapped\trce.exe -intstyle ise -v 3 -s 5 -n
3 -fastpaths -xml Incrementor.twx Incrementor.ncd -o Incrementor.twr
Incrementor.pcf

Design file:              Incrementor.ncd
Physical constraint file: Incrementor.pcf
Device,package,speed:     xc3s1600e,fg320,-5 (PRODUCTION 1.27 2012-01-07)
Report level:             verbose report

Environment Variable      Effect 
--------------------      ------ 
NONE                      No environment variables were set
--------------------------------------------------------------------------------

INFO:Timing:2698 - No timing constraints found, doing default enumeration.
INFO:Timing:3412 - To improve timing, see the Timing Closure User Guide (UG612).
INFO:Timing:2752 - To get complete path coverage, use the unconstrained paths 
   option. All paths that are not constrained will be reported in the 
   unconstrained paths section(s) of the report.
INFO:Timing:3339 - The clock-to-out numbers in this timing report are based on 
   a 50 Ohm transmission line loading model.  For the details of this model, 
   and for more information on accounting for different loading conditions, 
   please see the device datasheet.
INFO:Timing:3390 - This architecture does not support a default System Jitter 
   value, please add SYSTEM_JITTER constraint to the UCF to modify the Clock 
   Uncertainty calculation.
INFO:Timing:3389 - This architecture does not support 'Discrete Jitter' and 
   'Phase Error' calculations, these terms will be zero in the Clock 
   Uncertainty calculation.  Please make appropriate modification to 
   SYSTEM_JITTER to account for the unsupported Discrete Jitter and Phase 
   Error.



Data Sheet report:
-----------------
All values displayed in nanoseconds (ns)

Pad to Pad
---------------+---------------+---------+
Source Pad     |Destination Pad|  Delay  |
---------------+---------------+---------+
input<0>       |output<0>      |    4.452|
input<1>       |output<1>      |    5.331|
input<2>       |output<2>      |    9.539|
input<2>       |output<3>      |   10.064|
input<2>       |output<4>      |    7.941|
input<2>       |output<5>      |   10.092|
input<2>       |output<6>      |    7.796|
input<2>       |output<7>      |    8.631|
input<2>       |output<8>      |    9.330|
input<2>       |output<9>      |    8.244|
input<2>       |output<10>     |    8.211|
input<2>       |output<11>     |    8.651|
input<2>       |output<12>     |    9.386|
input<2>       |output<13>     |   10.681|
input<2>       |output<14>     |    8.781|
input<2>       |output<15>     |   10.328|
input<2>       |output<16>     |    9.158|
input<2>       |output<17>     |   10.100|
input<2>       |output<18>     |    8.405|
input<2>       |output<19>     |   10.435|
input<2>       |output<20>     |    9.387|
input<2>       |output<21>     |   10.844|
input<2>       |output<22>     |    9.193|
input<2>       |output<23>     |   10.093|
input<2>       |output<24>     |   10.526|
input<2>       |output<25>     |    9.059|
input<2>       |output<26>     |    8.817|
input<2>       |output<27>     |    9.828|
input<2>       |output<28>     |   10.242|
input<2>       |output<29>     |   10.121|
input<2>       |output<30>     |    9.280|
input<2>       |output<31>     |   10.147|
input<3>       |output<3>      |    9.544|
input<3>       |output<4>      |    7.638|
input<3>       |output<5>      |    9.789|
input<3>       |output<6>      |    7.493|
input<3>       |output<7>      |    8.328|
input<3>       |output<8>      |    9.027|
input<3>       |output<9>      |    7.941|
input<3>       |output<10>     |    7.908|
input<3>       |output<11>     |    8.348|
input<3>       |output<12>     |    9.083|
input<3>       |output<13>     |   10.378|
input<3>       |output<14>     |    8.478|
input<3>       |output<15>     |   10.025|
input<3>       |output<16>     |    8.855|
input<3>       |output<17>     |    9.797|
input<3>       |output<18>     |    8.102|
input<3>       |output<19>     |   10.132|
input<3>       |output<20>     |    9.084|
input<3>       |output<21>     |   10.541|
input<3>       |output<22>     |    8.890|
input<3>       |output<23>     |    9.790|
input<3>       |output<24>     |   10.223|
input<3>       |output<25>     |    8.756|
input<3>       |output<26>     |    8.514|
input<3>       |output<27>     |    9.525|
input<3>       |output<28>     |    9.939|
input<3>       |output<29>     |    9.818|
input<3>       |output<30>     |    8.977|
input<3>       |output<31>     |    9.844|
input<4>       |output<4>      |    6.623|
input<4>       |output<5>      |    8.925|
input<4>       |output<6>      |    6.866|
input<4>       |output<7>      |    7.701|
input<4>       |output<8>      |    8.400|
input<4>       |output<9>      |    7.314|
input<4>       |output<10>     |    7.281|
input<4>       |output<11>     |    7.721|
input<4>       |output<12>     |    8.456|
input<4>       |output<13>     |    9.751|
input<4>       |output<14>     |    7.851|
input<4>       |output<15>     |    9.398|
input<4>       |output<16>     |    8.228|
input<4>       |output<17>     |    9.170|
input<4>       |output<18>     |    7.475|
input<4>       |output<19>     |    9.505|
input<4>       |output<20>     |    8.457|
input<4>       |output<21>     |    9.914|
input<4>       |output<22>     |    8.263|
input<4>       |output<23>     |    9.163|
input<4>       |output<24>     |    9.596|
input<4>       |output<25>     |    8.129|
input<4>       |output<26>     |    7.887|
input<4>       |output<27>     |    8.898|
input<4>       |output<28>     |    9.312|
input<4>       |output<29>     |    9.191|
input<4>       |output<30>     |    8.350|
input<4>       |output<31>     |    9.217|
input<5>       |output<5>      |    8.464|
input<5>       |output<6>      |    6.622|
input<5>       |output<7>      |    7.457|
input<5>       |output<8>      |    8.156|
input<5>       |output<9>      |    7.070|
input<5>       |output<10>     |    7.037|
input<5>       |output<11>     |    7.477|
input<5>       |output<12>     |    8.212|
input<5>       |output<13>     |    9.507|
input<5>       |output<14>     |    7.607|
input<5>       |output<15>     |    9.154|
input<5>       |output<16>     |    7.984|
input<5>       |output<17>     |    8.926|
input<5>       |output<18>     |    7.231|
input<5>       |output<19>     |    9.261|
input<5>       |output<20>     |    8.213|
input<5>       |output<21>     |    9.670|
input<5>       |output<22>     |    8.019|
input<5>       |output<23>     |    8.919|
input<5>       |output<24>     |    9.352|
input<5>       |output<25>     |    7.885|
input<5>       |output<26>     |    7.643|
input<5>       |output<27>     |    8.654|
input<5>       |output<28>     |    9.068|
input<5>       |output<29>     |    8.947|
input<5>       |output<30>     |    8.106|
input<5>       |output<31>     |    8.973|
input<6>       |output<6>      |    5.859|
input<6>       |output<7>      |    6.845|
input<6>       |output<8>      |    7.781|
input<6>       |output<9>      |    6.695|
input<6>       |output<10>     |    6.662|
input<6>       |output<11>     |    7.102|
input<6>       |output<12>     |    7.837|
input<6>       |output<13>     |    9.132|
input<6>       |output<14>     |    7.232|
input<6>       |output<15>     |    8.779|
input<6>       |output<16>     |    7.609|
input<6>       |output<17>     |    8.551|
input<6>       |output<18>     |    6.856|
input<6>       |output<19>     |    8.886|
input<6>       |output<20>     |    7.838|
input<6>       |output<21>     |    9.295|
input<6>       |output<22>     |    7.644|
input<6>       |output<23>     |    8.544|
input<6>       |output<24>     |    8.977|
input<6>       |output<25>     |    7.510|
input<6>       |output<26>     |    7.268|
input<6>       |output<27>     |    8.279|
input<6>       |output<28>     |    8.693|
input<6>       |output<29>     |    8.572|
input<6>       |output<30>     |    7.731|
input<6>       |output<31>     |    8.598|
input<7>       |output<7>      |    6.141|
input<7>       |output<8>      |    7.294|
input<7>       |output<9>      |    6.208|
input<7>       |output<10>     |    6.175|
input<7>       |output<11>     |    6.615|
input<7>       |output<12>     |    7.350|
input<7>       |output<13>     |    8.645|
input<7>       |output<14>     |    6.745|
input<7>       |output<15>     |    8.292|
input<7>       |output<16>     |    7.122|
input<7>       |output<17>     |    8.064|
input<7>       |output<18>     |    6.369|
input<7>       |output<19>     |    8.399|
input<7>       |output<20>     |    7.351|
input<7>       |output<21>     |    8.808|
input<7>       |output<22>     |    7.157|
input<7>       |output<23>     |    8.057|
input<7>       |output<24>     |    8.490|
input<7>       |output<25>     |    7.023|
input<7>       |output<26>     |    6.781|
input<7>       |output<27>     |    7.792|
input<7>       |output<28>     |    8.206|
input<7>       |output<29>     |    8.085|
input<7>       |output<30>     |    7.244|
input<7>       |output<31>     |    8.111|
input<8>       |output<8>      |    6.986|
input<8>       |output<9>      |    6.051|
input<8>       |output<10>     |    6.255|
input<8>       |output<11>     |    6.695|
input<8>       |output<12>     |    7.430|
input<8>       |output<13>     |    8.725|
input<8>       |output<14>     |    6.825|
input<8>       |output<15>     |    8.372|
input<8>       |output<16>     |    7.202|
input<8>       |output<17>     |    8.144|
input<8>       |output<18>     |    6.449|
input<8>       |output<19>     |    8.479|
input<8>       |output<20>     |    7.431|
input<8>       |output<21>     |    8.888|
input<8>       |output<22>     |    7.237|
input<8>       |output<23>     |    8.137|
input<8>       |output<24>     |    8.570|
input<8>       |output<25>     |    7.103|
input<8>       |output<26>     |    6.861|
input<8>       |output<27>     |    7.872|
input<8>       |output<28>     |    8.286|
input<8>       |output<29>     |    8.165|
input<8>       |output<30>     |    7.324|
input<8>       |output<31>     |    8.191|
input<9>       |output<9>      |    5.939|
input<9>       |output<10>     |    6.360|
input<9>       |output<11>     |    6.800|
input<9>       |output<12>     |    7.535|
input<9>       |output<13>     |    8.830|
input<9>       |output<14>     |    6.930|
input<9>       |output<15>     |    8.477|
input<9>       |output<16>     |    7.307|
input<9>       |output<17>     |    8.249|
input<9>       |output<18>     |    6.554|
input<9>       |output<19>     |    8.584|
input<9>       |output<20>     |    7.536|
input<9>       |output<21>     |    8.993|
input<9>       |output<22>     |    7.342|
input<9>       |output<23>     |    8.242|
input<9>       |output<24>     |    8.675|
input<9>       |output<25>     |    7.208|
input<9>       |output<26>     |    6.966|
input<9>       |output<27>     |    7.977|
input<9>       |output<28>     |    8.391|
input<9>       |output<29>     |    8.270|
input<9>       |output<30>     |    7.429|
input<9>       |output<31>     |    8.296|
input<10>      |output<10>     |    6.190|
input<10>      |output<11>     |    6.781|
input<10>      |output<12>     |    7.753|
input<10>      |output<13>     |    9.048|
input<10>      |output<14>     |    7.148|
input<10>      |output<15>     |    8.695|
input<10>      |output<16>     |    7.525|
input<10>      |output<17>     |    8.467|
input<10>      |output<18>     |    6.772|
input<10>      |output<19>     |    8.802|
input<10>      |output<20>     |    7.754|
input<10>      |output<21>     |    9.211|
input<10>      |output<22>     |    7.560|
input<10>      |output<23>     |    8.460|
input<10>      |output<24>     |    8.893|
input<10>      |output<25>     |    7.426|
input<10>      |output<26>     |    7.184|
input<10>      |output<27>     |    8.195|
input<10>      |output<28>     |    8.609|
input<10>      |output<29>     |    8.488|
input<10>      |output<30>     |    7.647|
input<10>      |output<31>     |    8.514|
input<11>      |output<11>     |    7.878|
input<11>      |output<12>     |    9.067|
input<11>      |output<13>     |   10.362|
input<11>      |output<14>     |    8.462|
input<11>      |output<15>     |   10.009|
input<11>      |output<16>     |    8.839|
input<11>      |output<17>     |    9.781|
input<11>      |output<18>     |    8.086|
input<11>      |output<19>     |   10.116|
input<11>      |output<20>     |    9.068|
input<11>      |output<21>     |   10.525|
input<11>      |output<22>     |    8.874|
input<11>      |output<23>     |    9.774|
input<11>      |output<24>     |   10.207|
input<11>      |output<25>     |    8.740|
input<11>      |output<26>     |    8.498|
input<11>      |output<27>     |    9.509|
input<11>      |output<28>     |    9.923|
input<11>      |output<29>     |    9.802|
input<11>      |output<30>     |    8.961|
input<11>      |output<31>     |    9.828|
input<12>      |output<12>     |    7.892|
input<12>      |output<13>     |    9.338|
input<12>      |output<14>     |    7.675|
input<12>      |output<15>     |    9.222|
input<12>      |output<16>     |    8.052|
input<12>      |output<17>     |    8.994|
input<12>      |output<18>     |    7.299|
input<12>      |output<19>     |    9.329|
input<12>      |output<20>     |    8.281|
input<12>      |output<21>     |    9.738|
input<12>      |output<22>     |    8.087|
input<12>      |output<23>     |    8.987|
input<12>      |output<24>     |    9.420|
input<12>      |output<25>     |    7.953|
input<12>      |output<26>     |    7.711|
input<12>      |output<27>     |    8.722|
input<12>      |output<28>     |    9.136|
input<12>      |output<29>     |    9.015|
input<12>      |output<30>     |    8.174|
input<12>      |output<31>     |    9.041|
input<13>      |output<13>     |    8.390|
input<13>      |output<14>     |    6.944|
input<13>      |output<15>     |    8.491|
input<13>      |output<16>     |    7.321|
input<13>      |output<17>     |    8.263|
input<13>      |output<18>     |    6.568|
input<13>      |output<19>     |    8.598|
input<13>      |output<20>     |    7.550|
input<13>      |output<21>     |    9.007|
input<13>      |output<22>     |    7.356|
input<13>      |output<23>     |    8.256|
input<13>      |output<24>     |    8.689|
input<13>      |output<25>     |    7.222|
input<13>      |output<26>     |    6.980|
input<13>      |output<27>     |    7.991|
input<13>      |output<28>     |    8.405|
input<13>      |output<29>     |    8.284|
input<13>      |output<30>     |    7.443|
input<13>      |output<31>     |    8.310|
input<14>      |output<14>     |    6.574|
input<14>      |output<15>     |    8.272|
input<14>      |output<16>     |    7.339|
input<14>      |output<17>     |    8.281|
input<14>      |output<18>     |    6.586|
input<14>      |output<19>     |    8.616|
input<14>      |output<20>     |    7.568|
input<14>      |output<21>     |    9.025|
input<14>      |output<22>     |    7.374|
input<14>      |output<23>     |    8.274|
input<14>      |output<24>     |    8.707|
input<14>      |output<25>     |    7.240|
input<14>      |output<26>     |    6.998|
input<14>      |output<27>     |    8.009|
input<14>      |output<28>     |    8.423|
input<14>      |output<29>     |    8.302|
input<14>      |output<30>     |    7.461|
input<14>      |output<31>     |    8.328|
input<15>      |output<15>     |    7.944|
input<15>      |output<16>     |    7.228|
input<15>      |output<17>     |    8.170|
input<15>      |output<18>     |    6.475|
input<15>      |output<19>     |    8.505|
input<15>      |output<20>     |    7.457|
input<15>      |output<21>     |    8.914|
input<15>      |output<22>     |    7.263|
input<15>      |output<23>     |    8.163|
input<15>      |output<24>     |    8.596|
input<15>      |output<25>     |    7.129|
input<15>      |output<26>     |    6.887|
input<15>      |output<27>     |    7.898|
input<15>      |output<28>     |    8.312|
input<15>      |output<29>     |    8.191|
input<15>      |output<30>     |    7.350|
input<15>      |output<31>     |    8.217|
input<16>      |output<16>     |    7.291|
input<16>      |output<17>     |    8.384|
input<16>      |output<18>     |    6.926|
input<16>      |output<19>     |    8.956|
input<16>      |output<20>     |    7.908|
input<16>      |output<21>     |    9.365|
input<16>      |output<22>     |    7.714|
input<16>      |output<23>     |    8.614|
input<16>      |output<24>     |    9.047|
input<16>      |output<25>     |    7.580|
input<16>      |output<26>     |    7.338|
input<16>      |output<27>     |    8.349|
input<16>      |output<28>     |    8.763|
input<16>      |output<29>     |    8.642|
input<16>      |output<30>     |    7.801|
input<16>      |output<31>     |    8.668|
input<17>      |output<17>     |    7.690|
input<17>      |output<18>     |    6.449|
input<17>      |output<19>     |    8.479|
input<17>      |output<20>     |    7.431|
input<17>      |output<21>     |    8.888|
input<17>      |output<22>     |    7.237|
input<17>      |output<23>     |    8.137|
input<17>      |output<24>     |    8.570|
input<17>      |output<25>     |    7.103|
input<17>      |output<26>     |    6.861|
input<17>      |output<27>     |    7.872|
input<17>      |output<28>     |    8.286|
input<17>      |output<29>     |    8.165|
input<17>      |output<30>     |    7.324|
input<17>      |output<31>     |    8.191|
input<18>      |output<18>     |    6.070|
input<18>      |output<19>     |    8.251|
input<18>      |output<20>     |    7.440|
input<18>      |output<21>     |    8.897|
input<18>      |output<22>     |    7.246|
input<18>      |output<23>     |    8.146|
input<18>      |output<24>     |    8.579|
input<18>      |output<25>     |    7.112|
input<18>      |output<26>     |    6.870|
input<18>      |output<27>     |    7.881|
input<18>      |output<28>     |    8.295|
input<18>      |output<29>     |    8.174|
input<18>      |output<30>     |    7.333|
input<18>      |output<31>     |    8.200|
input<19>      |output<19>     |    8.053|
input<19>      |output<20>     |    7.459|
input<19>      |output<21>     |    8.916|
input<19>      |output<22>     |    7.265|
input<19>      |output<23>     |    8.165|
input<19>      |output<24>     |    8.598|
input<19>      |output<25>     |    7.131|
input<19>      |output<26>     |    6.889|
input<19>      |output<27>     |    7.900|
input<19>      |output<28>     |    8.314|
input<19>      |output<29>     |    8.193|
input<19>      |output<30>     |    7.352|
input<19>      |output<31>     |    8.219|
input<20>      |output<20>     |    7.485|
input<20>      |output<21>     |    9.093|
input<20>      |output<22>     |    7.679|
input<20>      |output<23>     |    8.579|
input<20>      |output<24>     |    9.012|
input<20>      |output<25>     |    7.545|
input<20>      |output<26>     |    7.303|
input<20>      |output<27>     |    8.314|
input<20>      |output<28>     |    8.728|
input<20>      |output<29>     |    8.607|
input<20>      |output<30>     |    7.766|
input<20>      |output<31>     |    8.633|
input<21>      |output<21>     |    8.774|
input<21>      |output<22>     |    7.577|
input<21>      |output<23>     |    8.477|
input<21>      |output<24>     |    8.910|
input<21>      |output<25>     |    7.443|
input<21>      |output<26>     |    7.201|
input<21>      |output<27>     |    8.212|
input<21>      |output<28>     |    8.626|
input<21>      |output<29>     |    8.505|
input<21>      |output<30>     |    7.664|
input<21>      |output<31>     |    8.531|
input<22>      |output<22>     |    7.398|
input<22>      |output<23>     |    8.449|
input<22>      |output<24>     |    9.119|
input<22>      |output<25>     |    7.652|
input<22>      |output<26>     |    7.410|
input<22>      |output<27>     |    8.421|
input<22>      |output<28>     |    8.835|
input<22>      |output<29>     |    8.714|
input<22>      |output<30>     |    7.873|
input<22>      |output<31>     |    8.740|
input<23>      |output<23>     |    7.455|
input<23>      |output<24>     |    8.342|
input<23>      |output<25>     |    6.875|
input<23>      |output<26>     |    6.633|
input<23>      |output<27>     |    7.644|
input<23>      |output<28>     |    8.058|
input<23>      |output<29>     |    7.937|
input<23>      |output<30>     |    7.096|
input<23>      |output<31>     |    7.963|
input<24>      |output<24>     |    7.716|
input<24>      |output<25>     |    6.400|
input<24>      |output<26>     |    6.395|
input<24>      |output<27>     |    7.406|
input<24>      |output<28>     |    7.820|
input<24>      |output<29>     |    7.699|
input<24>      |output<30>     |    6.858|
input<24>      |output<31>     |    7.725|
input<25>      |output<25>     |    7.378|
input<25>      |output<26>     |    7.590|
input<25>      |output<27>     |    8.601|
input<25>      |output<28>     |    9.015|
input<25>      |output<29>     |    8.894|
input<25>      |output<30>     |    8.053|
input<25>      |output<31>     |    8.920|
input<26>      |output<26>     |    7.431|
input<26>      |output<27>     |    8.593|
input<26>      |output<28>     |    9.244|
input<26>      |output<29>     |    9.123|
input<26>      |output<30>     |    8.282|
input<26>      |output<31>     |    9.149|
input<27>      |output<27>     |    6.756|
input<27>      |output<28>     |    7.624|
input<27>      |output<29>     |    7.503|
input<27>      |output<30>     |    6.662|
input<27>      |output<31>     |    7.529|
input<28>      |output<28>     |    6.868|
input<28>      |output<29>     |    6.898|
input<28>      |output<30>     |    6.294|
input<28>      |output<31>     |    7.161|
input<29>      |output<29>     |    8.537|
input<29>      |output<30>     |    8.150|
input<29>      |output<31>     |    9.017|
input<30>      |output<30>     |    7.897|
input<30>      |output<31>     |    8.915|
input<31>      |output<31>     |    8.343|
---------------+---------------+---------+


Analysis completed Sun Feb 19 17:25:30 2017 
--------------------------------------------------------------------------------

Trace Settings:
-------------------------
Trace Settings 

Peak Memory Usage: 158 MB



