V3 178
FL C:/Users/Mike/Desktop/organwsh/lab6/ExceptionAndCache/Adder.vhd 2017/05/04.20:12:40 O.87xd
EN work/Adder 1494435102 \
      FL C:/Users/Mike/Desktop/organwsh/lab6/ExceptionAndCache/Adder.vhd \
      PB ieee/std_logic_1164 1325952872 PB ieee/STD_LOGIC_UNSIGNED 1325952875
AR work/Adder/Behavioral 1494435103 \
      FL C:/Users/Mike/Desktop/organwsh/lab6/ExceptionAndCache/Adder.vhd \
      EN work/Adder 1494435102
FL C:/Users/Mike/Desktop/organwsh/lab6/ExceptionAndCache/ALUSTAGE.vhd 2017/05/06.21:36:29 O.87xd
EN work/ALUSTAGE 1494435106 \
      FL C:/Users/Mike/Desktop/organwsh/lab6/ExceptionAndCache/ALUSTAGE.vhd \
      PB ieee/std_logic_1164 1325952872
AR work/ALUSTAGE/Behavioral 1494435107 \
      FL C:/Users/Mike/Desktop/organwsh/lab6/ExceptionAndCache/ALUSTAGE.vhd \
      EN work/ALUSTAGE 1494435106 CP mux32Bit CP ALU
FL C:/Users/Mike/Desktop/organwsh/lab6/ExceptionAndCache/Cache.vhd 2017/05/07.17:14:05 O.87xd
EN work/Cache 1494435108 \
      FL C:/Users/Mike/Desktop/organwsh/lab6/ExceptionAndCache/Cache.vhd \
      PB ieee/std_logic_1164 1325952872 PB ieee/STD_LOGIC_UNSIGNED 1325952875 \
      PB std/TEXTIO 1325952871 PB ieee/STD_LOGIC_TEXTIO 1325952876
AR work/Cache/syn 1494435109 \
      FL C:/Users/Mike/Desktop/organwsh/lab6/ExceptionAndCache/Cache.vhd \
      EN work/Cache 1494435108
FL C:/Users/Mike/Desktop/organwsh/lab6/ExceptionAndCache/compareModule.vhd 2017/03/13.16:39:42 O.87xd
EN work/compareModule 1494435072 \
      FL C:/Users/Mike/Desktop/organwsh/lab6/ExceptionAndCache/compareModule.vhd \
      PB ieee/std_logic_1164 1325952872
AR work/compareModule/Behavioral 1494435073 \
      FL C:/Users/Mike/Desktop/organwsh/lab6/ExceptionAndCache/compareModule.vhd \
      EN work/compareModule 1494435072
FL C:/Users/Mike/Desktop/organwsh/lab6/ExceptionAndCache/Control.vhd 2017/05/07.19:39:49 O.87xd
EN work/Control 1494435116 \
      FL C:/Users/Mike/Desktop/organwsh/lab6/ExceptionAndCache/Control.vhd \
      PB ieee/std_logic_1164 1325952872
AR work/Control/Behavioral 1494435117 \
      FL C:/Users/Mike/Desktop/organwsh/lab6/ExceptionAndCache/Control.vhd \
      EN work/Control 1494435116 CP Table CP Reg1BitR CP mux CP Reg4BitR
FL C:/Users/Mike/Desktop/organwsh/lab6/ExceptionAndCache/Datapath.vhd 2017/05/07.20:26:01 O.87xd
EN work/Datapath 1494435114 \
      FL C:/Users/Mike/Desktop/organwsh/lab6/ExceptionAndCache/Datapath.vhd \
      PB ieee/std_logic_1164 1325952872
AR work/Datapath/Behavioral 1494435115 \
      FL C:/Users/Mike/Desktop/organwsh/lab6/ExceptionAndCache/Datapath.vhd \
      EN work/Datapath 1494435114 CP IFSTAGE CP Reg32BitR CP Reg1BitR CP mux32Bit \
      CP exceptionHandler CP DECODE CP Adder CP Reg8Bit CP mux4to1_32Bit CP ALUSTAGE \
      CP Cache CP hitFinder CP Reg128BitR
FL C:/Users/Mike/Desktop/organwsh/lab6/ExceptionAndCache/DECODE.vhd 2017/04/03.19:07:59 O.87xd
EN work/DECODE 1494435100 \
      FL C:/Users/Mike/Desktop/organwsh/lab6/ExceptionAndCache/DECODE.vhd \
      PB ieee/std_logic_1164 1325952872
AR work/DECODE/Behavioral 1494435101 \
      FL C:/Users/Mike/Desktop/organwsh/lab6/ExceptionAndCache/DECODE.vhd \
      EN work/DECODE 1494435100 CP ImmedBox CP mux5Bit CP RegisterFile CP mux32Bit
FL C:/Users/Mike/Desktop/organwsh/lab6/ExceptionAndCache/demux1bit.vhd 2017/02/11.22:04:40 O.87xd
EN work/demux 1494435042 \
      FL C:/Users/Mike/Desktop/organwsh/lab6/ExceptionAndCache/demux1bit.vhd \
      PB ieee/std_logic_1164 1325952872
AR work/demux/Behavioral 1494435043 \
      FL C:/Users/Mike/Desktop/organwsh/lab6/ExceptionAndCache/demux1bit.vhd \
      EN work/demux 1494435042
FL C:/Users/Mike/Desktop/organwsh/lab6/ExceptionAndCache/demux2to4.vhd 2017/02/11.22:17:12 O.87xd
EN work/demux2to4 1494435048 \
      FL C:/Users/Mike/Desktop/organwsh/lab6/ExceptionAndCache/demux2to4.vhd \
      PB ieee/std_logic_1164 1325952872
AR work/demux2to4/Behavioral 1494435049 \
      FL C:/Users/Mike/Desktop/organwsh/lab6/ExceptionAndCache/demux2to4.vhd \
      EN work/demux2to4 1494435048 CP demux
FL C:/Users/Mike/Desktop/organwsh/lab6/ExceptionAndCache/demux3to8.vhd 2017/02/11.22:29:40 O.87xd
EN work/demux3to8 1494435054 \
      FL C:/Users/Mike/Desktop/organwsh/lab6/ExceptionAndCache/demux3to8.vhd \
      PB ieee/std_logic_1164 1325952872
AR work/demux3to8/Behavioral 1494435055 \
      FL C:/Users/Mike/Desktop/organwsh/lab6/ExceptionAndCache/demux3to8.vhd \
      EN work/demux3to8 1494435054 CP demux CP demux2to4
FL C:/Users/Mike/Desktop/organwsh/lab6/ExceptionAndCache/demux4to16.vhd 2017/02/11.22:33:58 O.87xd
EN work/demux4to16 1494435062 \
      FL C:/Users/Mike/Desktop/organwsh/lab6/ExceptionAndCache/demux4to16.vhd \
      PB ieee/std_logic_1164 1325952872
AR work/demux4to16/Behavioral 1494435063 \
      FL C:/Users/Mike/Desktop/organwsh/lab6/ExceptionAndCache/demux4to16.vhd \
      EN work/demux4to16 1494435062 CP demux CP demux3to8
FL C:/Users/Mike/Desktop/organwsh/lab6/ExceptionAndCache/demux5to32.vhd 2017/02/18.19:23:20 O.87xd
EN work/Decoder5to32 1494435066 \
      FL C:/Users/Mike/Desktop/organwsh/lab6/ExceptionAndCache/demux5to32.vhd \
      PB ieee/std_logic_1164 1325952872
AR work/Decoder5to32/Behavioral 1494435067 \
      FL C:/Users/Mike/Desktop/organwsh/lab6/ExceptionAndCache/demux5to32.vhd \
      EN work/Decoder5to32 1494435066 CP demux CP demux4to16
FL C:/Users/Mike/Desktop/organwsh/lab6/ExceptionAndCache/exceptionFinder.vhd 2017/05/06.18:59:23 O.87xd
EN work/exceptionFinder 1494435086 \
      FL C:/Users/Mike/Desktop/organwsh/lab6/ExceptionAndCache/exceptionFinder.vhd \
      PB ieee/std_logic_1164 1325952872
AR work/exceptionFinder/Behavioral 1494435087 \
      FL C:/Users/Mike/Desktop/organwsh/lab6/ExceptionAndCache/exceptionFinder.vhd \
      EN work/exceptionFinder 1494435086
FL C:/Users/Mike/Desktop/organwsh/lab6/ExceptionAndCache/exceptionFSM.vhd 2017/05/04.17:44:49 O.87xd
EN work/exceptionFSM 1494435088 \
      FL C:/Users/Mike/Desktop/organwsh/lab6/ExceptionAndCache/exceptionFSM.vhd \
      PB ieee/std_logic_1164 1325952872
AR work/exceptionFSM/Behavioral 1494435089 \
      FL C:/Users/Mike/Desktop/organwsh/lab6/ExceptionAndCache/exceptionFSM.vhd \
      EN work/exceptionFSM 1494435088
FL C:/Users/Mike/Desktop/organwsh/lab6/ExceptionAndCache/exceptionHandler.vhd 2017/05/10.19:50:35 O.87xd
EN work/exceptionHandler 1494435098 \
      FL C:/Users/Mike/Desktop/organwsh/lab6/ExceptionAndCache/exceptionHandler.vhd \
      PB ieee/std_logic_1164 1325952872
AR work/exceptionHandler/Behavioral 1494435099 \
      FL C:/Users/Mike/Desktop/organwsh/lab6/ExceptionAndCache/exceptionHandler.vhd \
      EN work/exceptionHandler 1494435098 CP Reg32BitR CP exceptionFinder \
      CP exceptionFSM
FL C:/Users/Mike/Desktop/organwsh/lab6/ExceptionAndCache/Extender16to32.vhd 2017/03/27.19:33:44 O.87xd
EN work/ImmedBox 1494435080 \
      FL C:/Users/Mike/Desktop/organwsh/lab6/ExceptionAndCache/Extender16to32.vhd \
      PB ieee/std_logic_1164 1325952872 PB ieee/NUMERIC_STD 1325952877
AR work/ImmedBox/Structural 1494435081 \
      FL C:/Users/Mike/Desktop/organwsh/lab6/ExceptionAndCache/Extender16to32.vhd \
      EN work/ImmedBox 1494435080 CP mux16Bit CP mux32Bit
FL C:/Users/Mike/Desktop/organwsh/lab6/ExceptionAndCache/flipflop.vhd 2017/05/06.18:43:34 O.87xd
EN work/flipflop 1494435046 \
      FL C:/Users/Mike/Desktop/organwsh/lab6/ExceptionAndCache/flipflop.vhd \
      PB ieee/std_logic_1164 1325952872
AR work/flipflop/Behavioral 1494435047 \
      FL C:/Users/Mike/Desktop/organwsh/lab6/ExceptionAndCache/flipflop.vhd \
      EN work/flipflop 1494435046
FL C:/Users/Mike/Desktop/organwsh/lab6/ExceptionAndCache/Forwarding_Unit.vhd 2017/05/07.19:08:31 O.87xd
EN work/Forwarding_Unit 1494435118 \
      FL C:/Users/Mike/Desktop/organwsh/lab6/ExceptionAndCache/Forwarding_Unit.vhd \
      PB ieee/std_logic_1164 1325952872
AR work/Forwarding_Unit/Behavioral 1494435119 \
      FL C:/Users/Mike/Desktop/organwsh/lab6/ExceptionAndCache/Forwarding_Unit.vhd \
      EN work/Forwarding_Unit 1494435118
FL C:/Users/Mike/Desktop/organwsh/lab6/ExceptionAndCache/hitFinder.vhd 2017/05/09.22:12:48 O.87xd
EN work/hitFinder 1494435110 \
      FL C:/Users/Mike/Desktop/organwsh/lab6/ExceptionAndCache/hitFinder.vhd \
      PB ieee/std_logic_1164 1325952872
AR work/hitFinder/Behavioral 1494435111 \
      FL C:/Users/Mike/Desktop/organwsh/lab6/ExceptionAndCache/hitFinder.vhd \
      EN work/hitFinder 1494435110
FL C:/Users/Mike/Desktop/organwsh/lab6/ExceptionAndCache/IFSTAGE.vhd 2017/05/06.19:04:45 O.87xd
EN work/IFSTAGE 1494435096 \
      FL C:/Users/Mike/Desktop/organwsh/lab6/ExceptionAndCache/IFSTAGE.vhd \
      PB ieee/std_logic_1164 1325952872
AR work/IFSTAGE/Structral 1494435097 \
      FL C:/Users/Mike/Desktop/organwsh/lab6/ExceptionAndCache/IFSTAGE.vhd \
      EN work/IFSTAGE 1494435096 CP Reg32BitR CP IF_MEM CP mux32Bit CP Incrementor \
      CP mux4to1_32Bit
FL C:/Users/Mike/Desktop/organwsh/lab6/ExceptionAndCache/IF_MEM.vhd 2017/05/06.21:07:53 O.87xd
EN work/IF_MEM 1494435090 \
      FL C:/Users/Mike/Desktop/organwsh/lab6/ExceptionAndCache/IF_MEM.vhd \
      PB ieee/std_logic_1164 1325952872 PB ieee/STD_LOGIC_UNSIGNED 1325952875 \
      PB std/TEXTIO 1325952871 PB ieee/STD_LOGIC_TEXTIO 1325952876
AR work/IF_MEM/syn 1494435091 \
      FL C:/Users/Mike/Desktop/organwsh/lab6/ExceptionAndCache/IF_MEM.vhd \
      EN work/IF_MEM 1494435090
FL C:/Users/Mike/Desktop/organwsh/lab6/ExceptionAndCache/Incrementor.vhd 2017/02/19.18:06:14 O.87xd
EN work/Incrementor 1494435092 \
      FL C:/Users/Mike/Desktop/organwsh/lab6/ExceptionAndCache/Incrementor.vhd \
      PB ieee/std_logic_1164 1325952872 PB ieee/STD_LOGIC_UNSIGNED 1325952875
AR work/Incrementor/Behavioral 1494435093 \
      FL C:/Users/Mike/Desktop/organwsh/lab6/ExceptionAndCache/Incrementor.vhd \
      EN work/Incrementor 1494435092
FL C:/Users/Mike/Desktop/organwsh/lab6/ExceptionAndCache/MEMSTAGE.vhd 2017/02/20.20:27:58 O.87xd
EN work/Data_MEM 1494098721 \
      FL C:/Users/Mike/Desktop/organwsh/lab6/ExceptionAndCache/MEMSTAGE.vhd \
      PB ieee/std_logic_1164 1325952872 PB ieee/STD_LOGIC_UNSIGNED 1325952875
AR work/Data_MEM/syn 1494098722 \
      FL C:/Users/Mike/Desktop/organwsh/lab6/ExceptionAndCache/MEMSTAGE.vhd \
      EN work/Data_MEM 1494098721
FL C:/Users/Mike/Desktop/organwsh/lab6/ExceptionAndCache/mux.vhd 2016/04/22.17:28:08 O.87xd
EN work/mux 1494435038 \
      FL C:/Users/Mike/Desktop/organwsh/lab6/ExceptionAndCache/mux.vhd \
      PB ieee/std_logic_1164 1325952872
AR work/mux/Behavioral 1494435039 \
      FL C:/Users/Mike/Desktop/organwsh/lab6/ExceptionAndCache/mux.vhd \
      EN work/mux 1494435038
FL C:/Users/Mike/Desktop/organwsh/lab6/ExceptionAndCache/mux16bit.vhd 2017/02/19.19:35:06 O.87xd
EN work/mux16Bit 1494435074 \
      FL C:/Users/Mike/Desktop/organwsh/lab6/ExceptionAndCache/mux16bit.vhd \
      PB ieee/std_logic_1164 1325952872
AR work/mux16Bit/Behavioral 1494435075 \
      FL C:/Users/Mike/Desktop/organwsh/lab6/ExceptionAndCache/mux16bit.vhd \
      EN work/mux16Bit 1494435074 CP mux
FL C:/Users/Mike/Desktop/organwsh/lab6/ExceptionAndCache/mux16to1_32Bit.vhd 2017/02/11.21:29:06 O.87xd
EN work/mux16to1_32Bit 1494435058 \
      FL C:/Users/Mike/Desktop/organwsh/lab6/ExceptionAndCache/mux16to1_32Bit.vhd \
      PB ieee/std_logic_1164 1325952872
AR work/mux16to1_32Bit/Behavioral 1494435059 \
      FL C:/Users/Mike/Desktop/organwsh/lab6/ExceptionAndCache/mux16to1_32Bit.vhd \
      EN work/mux16to1_32Bit 1494435058 CP mux8to1_32Bit CP mux32Bit
FL C:/Users/Mike/Desktop/organwsh/lab6/ExceptionAndCache/mux2to1_2bit.vhd 2017/05/04.19:26:49 O.87xd
EN work/mux2to1_2bit 1494178134 \
      FL C:/Users/Mike/Desktop/organwsh/lab6/ExceptionAndCache/mux2to1_2bit.vhd \
      PB ieee/std_logic_1164 1325952872
AR work/mux2to1_2bit/Behavioral 1494178135 \
      FL C:/Users/Mike/Desktop/organwsh/lab6/ExceptionAndCache/mux2to1_2bit.vhd \
      EN work/mux2to1_2bit 1494178134 CP mux
FL C:/Users/Mike/Desktop/organwsh/lab6/ExceptionAndCache/mux32Bit.vhd 2017/02/11.20:06:22 O.87xd
EN work/mux32Bit 1494435040 \
      FL C:/Users/Mike/Desktop/organwsh/lab6/ExceptionAndCache/mux32Bit.vhd \
      PB ieee/std_logic_1164 1325952872
AR work/mux32Bit/Behavioral 1494435041 \
      FL C:/Users/Mike/Desktop/organwsh/lab6/ExceptionAndCache/mux32Bit.vhd \
      EN work/mux32Bit 1494435040 CP mux
FL C:/Users/Mike/Desktop/organwsh/lab6/ExceptionAndCache/mux32to1_32Bit.vhd 2017/02/11.21:55:04 O.87xd
EN work/mux32to1_32Bit 1494435070 \
      FL C:/Users/Mike/Desktop/organwsh/lab6/ExceptionAndCache/mux32to1_32Bit.vhd \
      PB ieee/std_logic_1164 1325952872
AR work/mux32to1_32Bit/Behavioral 1494435071 \
      FL C:/Users/Mike/Desktop/organwsh/lab6/ExceptionAndCache/mux32to1_32Bit.vhd \
      EN work/mux32to1_32Bit 1494435070 CP mux16to1_32Bit CP mux32Bit
FL C:/Users/Mike/Desktop/organwsh/lab6/ExceptionAndCache/mux4to1_32Bit.vhd 2017/02/11.20:31:30 O.87xd
EN work/mux4to1_32Bit 1494435044 \
      FL C:/Users/Mike/Desktop/organwsh/lab6/ExceptionAndCache/mux4to1_32Bit.vhd \
      PB ieee/std_logic_1164 1325952872
AR work/mux4to1_32Bit/Behavioral 1494435045 \
      FL C:/Users/Mike/Desktop/organwsh/lab6/ExceptionAndCache/mux4to1_32Bit.vhd \
      EN work/mux4to1_32Bit 1494435044 CP mux32Bit
FL C:/Users/Mike/Desktop/organwsh/lab6/ExceptionAndCache/mux5Bit.vhd 2017/02/19.19:00:00 O.87xd
EN work/mux5Bit 1494435082 \
      FL C:/Users/Mike/Desktop/organwsh/lab6/ExceptionAndCache/mux5Bit.vhd \
      PB ieee/std_logic_1164 1325952872
AR work/mux5Bit/Behavioral 1494435083 \
      FL C:/Users/Mike/Desktop/organwsh/lab6/ExceptionAndCache/mux5Bit.vhd \
      EN work/mux5Bit 1494435082 CP mux
FL C:/Users/Mike/Desktop/organwsh/lab6/ExceptionAndCache/mux8to1_32Bit.vhd 2017/02/11.21:02:38 O.87xd
EN work/mux8to1_32Bit 1494435050 \
      FL C:/Users/Mike/Desktop/organwsh/lab6/ExceptionAndCache/mux8to1_32Bit.vhd \
      PB ieee/std_logic_1164 1325952872
AR work/mux8to1_32Bit/Behavioral 1494435051 \
      FL C:/Users/Mike/Desktop/organwsh/lab6/ExceptionAndCache/mux8to1_32Bit.vhd \
      EN work/mux8to1_32Bit 1494435050 CP mux4to1_32Bit CP mux32Bit
FL C:/Users/Mike/Desktop/organwsh/lab6/ExceptionAndCache/PipelinedProcessor.vhd 2017/05/07.19:51:14 O.87xd
EN work/PipelinedProcessor 1494435122 \
      FL C:/Users/Mike/Desktop/organwsh/lab6/ExceptionAndCache/PipelinedProcessor.vhd \
      PB ieee/std_logic_1164 1325952872
AR work/PipelinedProcessor/Behavioral 1494435123 \
      FL C:/Users/Mike/Desktop/organwsh/lab6/ExceptionAndCache/PipelinedProcessor.vhd \
      EN work/PipelinedProcessor 1494435122 CP Datapath CP Control CP Reg32BitR \
      CP Forwarding_Unit CP Stall_Unit CP Reg4BitR
FL C:/Users/Mike/Desktop/organwsh/lab6/ExceptionAndCache/Reg128BitR.vhd 2017/05/07.19:40:17 O.87xd
EN work/Reg128BitR 1494435112 \
      FL C:/Users/Mike/Desktop/organwsh/lab6/ExceptionAndCache/Reg128BitR.vhd \
      PB ieee/std_logic_1164 1325952872
AR work/Reg128BitR/Behavioral 1494435113 \
      FL C:/Users/Mike/Desktop/organwsh/lab6/ExceptionAndCache/Reg128BitR.vhd \
      EN work/Reg128BitR 1494435112 CP Reg32BitR
FL C:/Users/Mike/Desktop/organwsh/lab6/ExceptionAndCache/Reg1Bit.vhd 2017/02/11.19:20:22 O.87xd
EN work/Reg1Bit 1494435052 \
      FL C:/Users/Mike/Desktop/organwsh/lab6/ExceptionAndCache/Reg1Bit.vhd \
      PB ieee/std_logic_1164 1325952872
AR work/Reg1Bit/Behavioral 1494435053 \
      FL C:/Users/Mike/Desktop/organwsh/lab6/ExceptionAndCache/Reg1Bit.vhd \
      EN work/Reg1Bit 1494435052 CP mux CP flipflop
FL C:/Users/Mike/Desktop/organwsh/lab6/ExceptionAndCache/Reg1BitR.vhd 2017/02/20.21:27:00 O.87xd
EN work/Reg1BitR 1494435056 \
      FL C:/Users/Mike/Desktop/organwsh/lab6/ExceptionAndCache/Reg1BitR.vhd \
      PB ieee/std_logic_1164 1325952872
AR work/Reg1BitR/Behavioral 1494435057 \
      FL C:/Users/Mike/Desktop/organwsh/lab6/ExceptionAndCache/Reg1BitR.vhd \
      EN work/Reg1BitR 1494435056 CP mux CP flipflop
FL C:/Users/Mike/Desktop/organwsh/lab6/ExceptionAndCache/Reg32Bit.vhd 2017/05/06.18:31:43 O.87xd
EN work/Reg32Bit 1494435068 \
      FL C:/Users/Mike/Desktop/organwsh/lab6/ExceptionAndCache/Reg32Bit.vhd \
      PB ieee/std_logic_1164 1325952872
AR work/Reg32Bit/Structural 1494435069 \
      FL C:/Users/Mike/Desktop/organwsh/lab6/ExceptionAndCache/Reg32Bit.vhd \
      EN work/Reg32Bit 1494435068 CP Reg4Bit
FL C:/Users/Mike/Desktop/organwsh/lab6/ExceptionAndCache/Reg32BitR.vhd 2017/02/20.21:29:24 O.87xd
EN work/Reg32BitR 1494435076 \
      FL C:/Users/Mike/Desktop/organwsh/lab6/ExceptionAndCache/Reg32BitR.vhd \
      PB ieee/std_logic_1164 1325952872
AR work/Reg32BitR/Structural 1494435077 \
      FL C:/Users/Mike/Desktop/organwsh/lab6/ExceptionAndCache/Reg32BitR.vhd \
      EN work/Reg32BitR 1494435076 CP Reg4BitR
FL C:/Users/Mike/Desktop/organwsh/lab6/ExceptionAndCache/Reg4Bit.vhd 2017/02/11.19:26:40 O.87xd
EN work/Reg4Bit 1494435060 \
      FL C:/Users/Mike/Desktop/organwsh/lab6/ExceptionAndCache/Reg4Bit.vhd \
      PB ieee/std_logic_1164 1325952872
AR work/Reg4Bit/Behavioral 1494435061 \
      FL C:/Users/Mike/Desktop/organwsh/lab6/ExceptionAndCache/Reg4Bit.vhd \
      EN work/Reg4Bit 1494435060 CP Reg1Bit
FL C:/Users/Mike/Desktop/organwsh/lab6/ExceptionAndCache/Reg4BitR.vhd 2017/02/20.21:27:58 O.87xd
EN work/Reg4BitR 1494435064 \
      FL C:/Users/Mike/Desktop/organwsh/lab6/ExceptionAndCache/Reg4BitR.vhd \
      PB ieee/std_logic_1164 1325952872
AR work/Reg4BitR/Behavioral 1494435065 \
      FL C:/Users/Mike/Desktop/organwsh/lab6/ExceptionAndCache/Reg4BitR.vhd \
      EN work/Reg4BitR 1494435064 CP Reg1BitR
FL C:/Users/Mike/Desktop/organwsh/lab6/ExceptionAndCache/Reg8Bit.vhd 2017/03/24.21:58:42 O.87xd
EN work/Reg8Bit 1494435104 \
      FL C:/Users/Mike/Desktop/organwsh/lab6/ExceptionAndCache/Reg8Bit.vhd \
      PB ieee/std_logic_1164 1325952872
AR work/Reg8Bit/Behavioral 1494435105 \
      FL C:/Users/Mike/Desktop/organwsh/lab6/ExceptionAndCache/Reg8Bit.vhd \
      EN work/Reg8Bit 1494435104 CP Reg4Bit
FL C:/Users/Mike/Desktop/organwsh/lab6/ExceptionAndCache/RegisterFile.vhd 2017/05/06.18:35:51 O.87xd
EN work/RegisterFile 1494435084 \
      FL C:/Users/Mike/Desktop/organwsh/lab6/ExceptionAndCache/RegisterFile.vhd \
      PB ieee/std_logic_1164 1325952872
AR work/RegisterFile/Behavioral 1494435085 \
      FL C:/Users/Mike/Desktop/organwsh/lab6/ExceptionAndCache/RegisterFile.vhd \
      EN work/RegisterFile 1494435084 CP Decoder5to32 CP Reg32Bit CP mux32to1_32Bit \
      CP compareModule CP mux32Bit
FL C:/Users/Mike/Desktop/organwsh/lab6/ExceptionAndCache/Stall_Unit.vhd 2017/04/06.20:16:38 O.87xd
EN work/Stall_Unit 1494435120 \
      FL C:/Users/Mike/Desktop/organwsh/lab6/ExceptionAndCache/Stall_Unit.vhd \
      PB ieee/std_logic_1164 1325952872
AR work/Stall_Unit/Behavioral 1494435121 \
      FL C:/Users/Mike/Desktop/organwsh/lab6/ExceptionAndCache/Stall_Unit.vhd \
      EN work/Stall_Unit 1494435120
FL C:/Users/Mike/Desktop/organwsh/lab6/ExceptionAndCache/Table.vhd 2017/05/06.21:34:16 O.87xd
EN work/Table 1494435094 \
      FL C:/Users/Mike/Desktop/organwsh/lab6/ExceptionAndCache/Table.vhd \
      PB ieee/std_logic_1164 1325952872
AR work/Table/Behavioral 1494435095 \
      FL C:/Users/Mike/Desktop/organwsh/lab6/ExceptionAndCache/Table.vhd \
      EN work/Table 1494435094
FL C:/Users/Mike/Desktop/organwsh/lab6/ExceptionAndCache/top.vhd 2017/04/02.20:50:33 O.87xd
EN work/ALU 1494435078 \
      FL C:/Users/Mike/Desktop/organwsh/lab6/ExceptionAndCache/top.vhd \
      PB ieee/std_logic_1164 1325952872 PB ieee/STD_LOGIC_UNSIGNED 1325952875
AR work/ALU/Behavioral 1494435079 \
      FL C:/Users/Mike/Desktop/organwsh/lab6/ExceptionAndCache/top.vhd \
      EN work/ALU 1494435078
