--------------------------------------------------------------------------------
Release 13.4 Trace  (nt)
Copyright (c) 1995-2011 Xilinx, Inc.  All rights reserved.

C:\Xilinx\13.4\ISE_DS\ISE\bin\nt\unwrapped\trce.exe -intstyle ise -v 3 -s 5 -n
3 -fastpaths -xml ALU.twx ALU.ncd -o ALU.twr ALU.pcf

Design file:              ALU.ncd
Physical constraint file: ALU.pcf
Device,package,speed:     xc3s1600e,fg320,-5 (PRODUCTION 1.27 2012-01-07)
Report level:             verbose report

Environment Variable      Effect 
--------------------      ------ 
NONE                      No environment variables were set
--------------------------------------------------------------------------------

INFO:Timing:2698 - No timing constraints found, doing default enumeration.
INFO:Timing:3412 - To improve timing, see the Timing Closure User Guide (UG612).
INFO:Timing:2752 - To get complete path coverage, use the unconstrained paths 
   option. All paths that are not constrained will be reported in the 
   unconstrained paths section(s) of the report.
INFO:Timing:3339 - The clock-to-out numbers in this timing report are based on 
   a 50 Ohm transmission line loading model.  For the details of this model, 
   and for more information on accounting for different loading conditions, 
   please see the device datasheet.
INFO:Timing:3390 - This architecture does not support a default System Jitter 
   value, please add SYSTEM_JITTER constraint to the UCF to modify the Clock 
   Uncertainty calculation.
INFO:Timing:3389 - This architecture does not support 'Discrete Jitter' and 
   'Phase Error' calculations, these terms will be zero in the Clock 
   Uncertainty calculation.  Please make appropriate modification to 
   SYSTEM_JITTER to account for the unsupported Discrete Jitter and Phase 
   Error.



Data Sheet report:
-----------------
All values displayed in nanoseconds (ns)

Pad to Pad
---------------+---------------+---------+
Source Pad     |Destination Pad|  Delay  |
---------------+---------------+---------+
A<0>           |Cout           |   14.187|
A<0>           |Outt<0>        |   16.233|
A<0>           |Outt<1>        |   16.715|
A<0>           |Outt<2>        |   16.247|
A<0>           |Outt<3>        |   17.793|
A<0>           |Outt<4>        |   17.500|
A<0>           |Outt<5>        |   17.200|
A<0>           |Outt<6>        |   16.839|
A<0>           |Outt<7>        |   18.210|
A<0>           |Outt<8>        |   16.741|
A<0>           |Outt<9>        |   16.446|
A<0>           |Outt<10>       |   16.828|
A<0>           |Outt<11>       |   16.574|
A<0>           |Outt<12>       |   17.831|
A<0>           |Outt<13>       |   16.479|
A<0>           |Outt<14>       |   16.359|
A<0>           |Outt<15>       |   16.530|
A<0>           |Outt<16>       |   17.438|
A<0>           |Outt<17>       |   17.048|
A<0>           |Outt<18>       |   18.284|
A<0>           |Outt<19>       |   16.604|
A<0>           |Outt<20>       |   17.336|
A<0>           |Outt<21>       |   17.351|
A<0>           |Outt<22>       |   15.467|
A<0>           |Outt<23>       |   16.704|
A<0>           |Outt<24>       |   17.219|
A<0>           |Outt<25>       |   17.797|
A<0>           |Outt<26>       |   17.090|
A<0>           |Outt<27>       |   16.148|
A<0>           |Outt<28>       |   16.796|
A<0>           |Outt<29>       |   17.736|
A<0>           |Outt<30>       |   16.327|
A<0>           |Outt<31>       |   16.460|
A<0>           |Ovf            |   15.108|
A<0>           |Zero           |   21.042|
A<1>           |Cout           |   13.548|
A<1>           |Outt<0>        |   10.809|
A<1>           |Outt<1>        |   15.859|
A<1>           |Outt<2>        |   15.608|
A<1>           |Outt<3>        |   17.154|
A<1>           |Outt<4>        |   16.861|
A<1>           |Outt<5>        |   16.561|
A<1>           |Outt<6>        |   16.200|
A<1>           |Outt<7>        |   17.571|
A<1>           |Outt<8>        |   16.102|
A<1>           |Outt<9>        |   15.807|
A<1>           |Outt<10>       |   16.189|
A<1>           |Outt<11>       |   15.935|
A<1>           |Outt<12>       |   17.192|
A<1>           |Outt<13>       |   15.840|
A<1>           |Outt<14>       |   15.720|
A<1>           |Outt<15>       |   15.891|
A<1>           |Outt<16>       |   16.799|
A<1>           |Outt<17>       |   16.409|
A<1>           |Outt<18>       |   17.645|
A<1>           |Outt<19>       |   15.965|
A<1>           |Outt<20>       |   16.697|
A<1>           |Outt<21>       |   16.712|
A<1>           |Outt<22>       |   14.828|
A<1>           |Outt<23>       |   16.065|
A<1>           |Outt<24>       |   16.580|
A<1>           |Outt<25>       |   17.158|
A<1>           |Outt<26>       |   16.451|
A<1>           |Outt<27>       |   15.509|
A<1>           |Outt<28>       |   16.157|
A<1>           |Outt<29>       |   17.097|
A<1>           |Outt<30>       |   15.688|
A<1>           |Outt<31>       |   15.821|
A<1>           |Ovf            |   14.469|
A<1>           |Zero           |   20.403|
A<2>           |Cout           |   13.550|
A<2>           |Outt<1>        |   11.634|
A<2>           |Outt<2>        |   15.222|
A<2>           |Outt<3>        |   16.919|
A<2>           |Outt<4>        |   16.863|
A<2>           |Outt<5>        |   16.563|
A<2>           |Outt<6>        |   16.202|
A<2>           |Outt<7>        |   17.573|
A<2>           |Outt<8>        |   16.104|
A<2>           |Outt<9>        |   15.809|
A<2>           |Outt<10>       |   16.191|
A<2>           |Outt<11>       |   15.937|
A<2>           |Outt<12>       |   17.194|
A<2>           |Outt<13>       |   15.842|
A<2>           |Outt<14>       |   15.722|
A<2>           |Outt<15>       |   15.893|
A<2>           |Outt<16>       |   16.801|
A<2>           |Outt<17>       |   16.411|
A<2>           |Outt<18>       |   17.647|
A<2>           |Outt<19>       |   15.967|
A<2>           |Outt<20>       |   16.699|
A<2>           |Outt<21>       |   16.714|
A<2>           |Outt<22>       |   14.830|
A<2>           |Outt<23>       |   16.067|
A<2>           |Outt<24>       |   16.582|
A<2>           |Outt<25>       |   17.160|
A<2>           |Outt<26>       |   16.453|
A<2>           |Outt<27>       |   15.511|
A<2>           |Outt<28>       |   16.159|
A<2>           |Outt<29>       |   17.099|
A<2>           |Outt<30>       |   15.690|
A<2>           |Outt<31>       |   15.823|
A<2>           |Ovf            |   14.471|
A<2>           |Zero           |   20.405|
A<3>           |Cout           |   13.013|
A<3>           |Outt<2>        |    9.370|
A<3>           |Outt<3>        |   16.165|
A<3>           |Outt<4>        |   16.326|
A<3>           |Outt<5>        |   16.026|
A<3>           |Outt<6>        |   15.665|
A<3>           |Outt<7>        |   17.036|
A<3>           |Outt<8>        |   15.567|
A<3>           |Outt<9>        |   15.272|
A<3>           |Outt<10>       |   15.654|
A<3>           |Outt<11>       |   15.400|
A<3>           |Outt<12>       |   16.657|
A<3>           |Outt<13>       |   15.305|
A<3>           |Outt<14>       |   15.185|
A<3>           |Outt<15>       |   15.356|
A<3>           |Outt<16>       |   16.264|
A<3>           |Outt<17>       |   15.874|
A<3>           |Outt<18>       |   17.110|
A<3>           |Outt<19>       |   15.430|
A<3>           |Outt<20>       |   16.162|
A<3>           |Outt<21>       |   16.177|
A<3>           |Outt<22>       |   14.293|
A<3>           |Outt<23>       |   15.530|
A<3>           |Outt<24>       |   16.045|
A<3>           |Outt<25>       |   16.623|
A<3>           |Outt<26>       |   15.916|
A<3>           |Outt<27>       |   14.974|
A<3>           |Outt<28>       |   15.622|
A<3>           |Outt<29>       |   16.562|
A<3>           |Outt<30>       |   15.153|
A<3>           |Outt<31>       |   15.286|
A<3>           |Ovf            |   13.934|
A<3>           |Zero           |   19.868|
A<4>           |Cout           |   12.621|
A<4>           |Outt<3>        |    8.384|
A<4>           |Outt<4>        |   15.546|
A<4>           |Outt<5>        |   15.397|
A<4>           |Outt<6>        |   15.273|
A<4>           |Outt<7>        |   16.644|
A<4>           |Outt<8>        |   15.175|
A<4>           |Outt<9>        |   14.880|
A<4>           |Outt<10>       |   15.262|
A<4>           |Outt<11>       |   15.008|
A<4>           |Outt<12>       |   16.265|
A<4>           |Outt<13>       |   14.913|
A<4>           |Outt<14>       |   14.793|
A<4>           |Outt<15>       |   14.964|
A<4>           |Outt<16>       |   15.872|
A<4>           |Outt<17>       |   15.482|
A<4>           |Outt<18>       |   16.718|
A<4>           |Outt<19>       |   15.038|
A<4>           |Outt<20>       |   15.770|
A<4>           |Outt<21>       |   15.785|
A<4>           |Outt<22>       |   13.901|
A<4>           |Outt<23>       |   15.138|
A<4>           |Outt<24>       |   15.653|
A<4>           |Outt<25>       |   16.231|
A<4>           |Outt<26>       |   15.524|
A<4>           |Outt<27>       |   14.582|
A<4>           |Outt<28>       |   15.230|
A<4>           |Outt<29>       |   16.170|
A<4>           |Outt<30>       |   14.761|
A<4>           |Outt<31>       |   14.894|
A<4>           |Ovf            |   13.542|
A<4>           |Zero           |   19.476|
A<5>           |Cout           |   11.817|
A<5>           |Outt<4>        |    9.432|
A<5>           |Outt<5>        |   14.376|
A<5>           |Outt<6>        |   14.469|
A<5>           |Outt<7>        |   15.840|
A<5>           |Outt<8>        |   14.371|
A<5>           |Outt<9>        |   14.076|
A<5>           |Outt<10>       |   14.458|
A<5>           |Outt<11>       |   14.204|
A<5>           |Outt<12>       |   15.461|
A<5>           |Outt<13>       |   14.109|
A<5>           |Outt<14>       |   13.989|
A<5>           |Outt<15>       |   14.160|
A<5>           |Outt<16>       |   15.068|
A<5>           |Outt<17>       |   14.678|
A<5>           |Outt<18>       |   15.914|
A<5>           |Outt<19>       |   14.234|
A<5>           |Outt<20>       |   14.966|
A<5>           |Outt<21>       |   14.981|
A<5>           |Outt<22>       |   13.097|
A<5>           |Outt<23>       |   14.334|
A<5>           |Outt<24>       |   14.849|
A<5>           |Outt<25>       |   15.427|
A<5>           |Outt<26>       |   14.720|
A<5>           |Outt<27>       |   13.778|
A<5>           |Outt<28>       |   14.426|
A<5>           |Outt<29>       |   15.366|
A<5>           |Outt<30>       |   13.957|
A<5>           |Outt<31>       |   14.090|
A<5>           |Ovf            |   12.738|
A<5>           |Zero           |   18.672|
A<6>           |Cout           |   11.994|
A<6>           |Outt<5>        |    8.693|
A<6>           |Outt<6>        |   14.258|
A<6>           |Outt<7>        |   15.780|
A<6>           |Outt<8>        |   14.548|
A<6>           |Outt<9>        |   14.253|
A<6>           |Outt<10>       |   14.635|
A<6>           |Outt<11>       |   14.381|
A<6>           |Outt<12>       |   15.638|
A<6>           |Outt<13>       |   14.286|
A<6>           |Outt<14>       |   14.166|
A<6>           |Outt<15>       |   14.337|
A<6>           |Outt<16>       |   15.245|
A<6>           |Outt<17>       |   14.855|
A<6>           |Outt<18>       |   16.091|
A<6>           |Outt<19>       |   14.411|
A<6>           |Outt<20>       |   15.143|
A<6>           |Outt<21>       |   15.158|
A<6>           |Outt<22>       |   13.274|
A<6>           |Outt<23>       |   14.511|
A<6>           |Outt<24>       |   15.026|
A<6>           |Outt<25>       |   15.604|
A<6>           |Outt<26>       |   14.897|
A<6>           |Outt<27>       |   13.955|
A<6>           |Outt<28>       |   14.603|
A<6>           |Outt<29>       |   15.543|
A<6>           |Outt<30>       |   14.134|
A<6>           |Outt<31>       |   14.267|
A<6>           |Ovf            |   12.915|
A<6>           |Zero           |   18.720|
A<7>           |Cout           |   12.506|
A<7>           |Outt<6>        |    8.815|
A<7>           |Outt<7>        |   16.075|
A<7>           |Outt<8>        |   15.060|
A<7>           |Outt<9>        |   14.765|
A<7>           |Outt<10>       |   15.147|
A<7>           |Outt<11>       |   14.893|
A<7>           |Outt<12>       |   16.150|
A<7>           |Outt<13>       |   14.798|
A<7>           |Outt<14>       |   14.678|
A<7>           |Outt<15>       |   14.849|
A<7>           |Outt<16>       |   15.757|
A<7>           |Outt<17>       |   15.367|
A<7>           |Outt<18>       |   16.603|
A<7>           |Outt<19>       |   14.923|
A<7>           |Outt<20>       |   15.655|
A<7>           |Outt<21>       |   15.670|
A<7>           |Outt<22>       |   13.786|
A<7>           |Outt<23>       |   15.023|
A<7>           |Outt<24>       |   15.538|
A<7>           |Outt<25>       |   16.116|
A<7>           |Outt<26>       |   15.409|
A<7>           |Outt<27>       |   14.467|
A<7>           |Outt<28>       |   15.115|
A<7>           |Outt<29>       |   16.055|
A<7>           |Outt<30>       |   14.646|
A<7>           |Outt<31>       |   14.779|
A<7>           |Ovf            |   13.427|
A<7>           |Zero           |   19.232|
A<8>           |Cout           |   11.971|
A<8>           |Outt<7>        |    9.473|
A<8>           |Outt<8>        |   14.137|
A<8>           |Outt<9>        |   13.993|
A<8>           |Outt<10>       |   14.612|
A<8>           |Outt<11>       |   14.358|
A<8>           |Outt<12>       |   15.615|
A<8>           |Outt<13>       |   14.263|
A<8>           |Outt<14>       |   14.143|
A<8>           |Outt<15>       |   14.314|
A<8>           |Outt<16>       |   15.222|
A<8>           |Outt<17>       |   14.832|
A<8>           |Outt<18>       |   16.068|
A<8>           |Outt<19>       |   14.388|
A<8>           |Outt<20>       |   15.120|
A<8>           |Outt<21>       |   15.135|
A<8>           |Outt<22>       |   13.251|
A<8>           |Outt<23>       |   14.488|
A<8>           |Outt<24>       |   15.003|
A<8>           |Outt<25>       |   15.581|
A<8>           |Outt<26>       |   14.874|
A<8>           |Outt<27>       |   13.932|
A<8>           |Outt<28>       |   14.580|
A<8>           |Outt<29>       |   15.520|
A<8>           |Outt<30>       |   14.111|
A<8>           |Outt<31>       |   14.244|
A<8>           |Ovf            |   12.892|
A<8>           |Zero           |   18.697|
A<9>           |Cout           |   11.657|
A<9>           |Outt<8>        |    9.308|
A<9>           |Outt<9>        |   13.462|
A<9>           |Outt<10>       |   14.298|
A<9>           |Outt<11>       |   14.044|
A<9>           |Outt<12>       |   15.301|
A<9>           |Outt<13>       |   13.949|
A<9>           |Outt<14>       |   13.829|
A<9>           |Outt<15>       |   14.000|
A<9>           |Outt<16>       |   14.908|
A<9>           |Outt<17>       |   14.518|
A<9>           |Outt<18>       |   15.754|
A<9>           |Outt<19>       |   14.074|
A<9>           |Outt<20>       |   14.806|
A<9>           |Outt<21>       |   14.821|
A<9>           |Outt<22>       |   12.937|
A<9>           |Outt<23>       |   14.174|
A<9>           |Outt<24>       |   14.689|
A<9>           |Outt<25>       |   15.267|
A<9>           |Outt<26>       |   14.560|
A<9>           |Outt<27>       |   13.618|
A<9>           |Outt<28>       |   14.266|
A<9>           |Outt<29>       |   15.206|
A<9>           |Outt<30>       |   13.797|
A<9>           |Outt<31>       |   13.930|
A<9>           |Ovf            |   12.578|
A<9>           |Zero           |   18.383|
A<10>          |Cout           |   11.588|
A<10>          |Outt<9>        |   11.809|
A<10>          |Outt<10>       |   13.841|
A<10>          |Outt<11>       |   13.738|
A<10>          |Outt<12>       |   15.232|
A<10>          |Outt<13>       |   13.880|
A<10>          |Outt<14>       |   13.760|
A<10>          |Outt<15>       |   13.931|
A<10>          |Outt<16>       |   14.839|
A<10>          |Outt<17>       |   14.449|
A<10>          |Outt<18>       |   15.685|
A<10>          |Outt<19>       |   14.005|
A<10>          |Outt<20>       |   14.737|
A<10>          |Outt<21>       |   14.752|
A<10>          |Outt<22>       |   12.868|
A<10>          |Outt<23>       |   14.105|
A<10>          |Outt<24>       |   14.620|
A<10>          |Outt<25>       |   15.198|
A<10>          |Outt<26>       |   14.491|
A<10>          |Outt<27>       |   13.549|
A<10>          |Outt<28>       |   14.197|
A<10>          |Outt<29>       |   15.137|
A<10>          |Outt<30>       |   13.728|
A<10>          |Outt<31>       |   13.861|
A<10>          |Ovf            |   12.509|
A<10>          |Zero           |   18.314|
A<11>          |Cout           |   11.290|
A<11>          |Outt<10>       |    8.890|
A<11>          |Outt<11>       |   13.223|
A<11>          |Outt<12>       |   14.934|
A<11>          |Outt<13>       |   13.582|
A<11>          |Outt<14>       |   13.462|
A<11>          |Outt<15>       |   13.633|
A<11>          |Outt<16>       |   14.541|
A<11>          |Outt<17>       |   14.151|
A<11>          |Outt<18>       |   15.387|
A<11>          |Outt<19>       |   13.707|
A<11>          |Outt<20>       |   14.439|
A<11>          |Outt<21>       |   14.454|
A<11>          |Outt<22>       |   12.570|
A<11>          |Outt<23>       |   13.807|
A<11>          |Outt<24>       |   14.322|
A<11>          |Outt<25>       |   14.900|
A<11>          |Outt<26>       |   14.193|
A<11>          |Outt<27>       |   13.251|
A<11>          |Outt<28>       |   13.899|
A<11>          |Outt<29>       |   14.839|
A<11>          |Outt<30>       |   13.430|
A<11>          |Outt<31>       |   13.563|
A<11>          |Ovf            |   12.211|
A<11>          |Zero           |   18.016|
A<12>          |Cout           |   10.949|
A<12>          |Outt<11>       |    8.859|
A<12>          |Outt<12>       |   14.469|
A<12>          |Outt<13>       |   13.004|
A<12>          |Outt<14>       |   13.121|
A<12>          |Outt<15>       |   13.292|
A<12>          |Outt<16>       |   14.200|
A<12>          |Outt<17>       |   13.810|
A<12>          |Outt<18>       |   15.046|
A<12>          |Outt<19>       |   13.366|
A<12>          |Outt<20>       |   14.098|
A<12>          |Outt<21>       |   14.113|
A<12>          |Outt<22>       |   12.229|
A<12>          |Outt<23>       |   13.466|
A<12>          |Outt<24>       |   13.981|
A<12>          |Outt<25>       |   14.559|
A<12>          |Outt<26>       |   13.852|
A<12>          |Outt<27>       |   12.910|
A<12>          |Outt<28>       |   13.558|
A<12>          |Outt<29>       |   14.498|
A<12>          |Outt<30>       |   13.089|
A<12>          |Outt<31>       |   13.222|
A<12>          |Ovf            |   11.870|
A<12>          |Zero           |   17.675|
A<13>          |Cout           |   11.998|
A<13>          |Outt<12>       |    8.369|
A<13>          |Outt<13>       |   13.836|
A<13>          |Outt<14>       |   14.170|
A<13>          |Outt<15>       |   14.341|
A<13>          |Outt<16>       |   15.249|
A<13>          |Outt<17>       |   14.859|
A<13>          |Outt<18>       |   16.095|
A<13>          |Outt<19>       |   14.415|
A<13>          |Outt<20>       |   15.147|
A<13>          |Outt<21>       |   15.162|
A<13>          |Outt<22>       |   13.278|
A<13>          |Outt<23>       |   14.515|
A<13>          |Outt<24>       |   15.030|
A<13>          |Outt<25>       |   15.608|
A<13>          |Outt<26>       |   14.901|
A<13>          |Outt<27>       |   13.959|
A<13>          |Outt<28>       |   14.607|
A<13>          |Outt<29>       |   15.547|
A<13>          |Outt<30>       |   14.138|
A<13>          |Outt<31>       |   14.271|
A<13>          |Ovf            |   12.919|
A<13>          |Zero           |   18.724|
A<14>          |Cout           |   11.322|
A<14>          |Outt<13>       |    7.212|
A<14>          |Outt<14>       |   13.351|
A<14>          |Outt<15>       |   13.428|
A<14>          |Outt<16>       |   14.573|
A<14>          |Outt<17>       |   14.183|
A<14>          |Outt<18>       |   15.419|
A<14>          |Outt<19>       |   13.739|
A<14>          |Outt<20>       |   14.471|
A<14>          |Outt<21>       |   14.486|
A<14>          |Outt<22>       |   12.602|
A<14>          |Outt<23>       |   13.839|
A<14>          |Outt<24>       |   14.354|
A<14>          |Outt<25>       |   14.932|
A<14>          |Outt<26>       |   14.225|
A<14>          |Outt<27>       |   13.283|
A<14>          |Outt<28>       |   13.931|
A<14>          |Outt<29>       |   14.871|
A<14>          |Outt<30>       |   13.462|
A<14>          |Outt<31>       |   13.595|
A<14>          |Ovf            |   12.243|
A<14>          |Zero           |   18.048|
A<15>          |Cout           |   11.220|
A<15>          |Outt<14>       |    8.501|
A<15>          |Outt<15>       |   13.109|
A<15>          |Outt<16>       |   14.471|
A<15>          |Outt<17>       |   14.081|
A<15>          |Outt<18>       |   15.317|
A<15>          |Outt<19>       |   13.637|
A<15>          |Outt<20>       |   14.369|
A<15>          |Outt<21>       |   14.384|
A<15>          |Outt<22>       |   12.500|
A<15>          |Outt<23>       |   13.737|
A<15>          |Outt<24>       |   14.252|
A<15>          |Outt<25>       |   14.830|
A<15>          |Outt<26>       |   14.123|
A<15>          |Outt<27>       |   13.181|
A<15>          |Outt<28>       |   13.829|
A<15>          |Outt<29>       |   14.769|
A<15>          |Outt<30>       |   13.360|
A<15>          |Outt<31>       |   13.493|
A<15>          |Ovf            |   12.141|
A<15>          |Zero           |   17.946|
A<16>          |Cout           |   10.634|
A<16>          |Outt<15>       |    8.041|
A<16>          |Outt<16>       |   13.766|
A<16>          |Outt<17>       |   13.258|
A<16>          |Outt<18>       |   14.731|
A<16>          |Outt<19>       |   13.051|
A<16>          |Outt<20>       |   13.783|
A<16>          |Outt<21>       |   13.798|
A<16>          |Outt<22>       |   11.914|
A<16>          |Outt<23>       |   13.151|
A<16>          |Outt<24>       |   13.666|
A<16>          |Outt<25>       |   14.244|
A<16>          |Outt<26>       |   13.537|
A<16>          |Outt<27>       |   12.595|
A<16>          |Outt<28>       |   13.243|
A<16>          |Outt<29>       |   14.183|
A<16>          |Outt<30>       |   12.774|
A<16>          |Outt<31>       |   12.907|
A<16>          |Ovf            |   11.555|
A<16>          |Zero           |   17.360|
A<17>          |Cout           |   10.806|
A<17>          |Outt<16>       |    9.358|
A<17>          |Outt<17>       |   14.541|
A<17>          |Outt<18>       |   14.903|
A<17>          |Outt<19>       |   13.223|
A<17>          |Outt<20>       |   13.955|
A<17>          |Outt<21>       |   13.970|
A<17>          |Outt<22>       |   12.086|
A<17>          |Outt<23>       |   13.323|
A<17>          |Outt<24>       |   13.838|
A<17>          |Outt<25>       |   14.416|
A<17>          |Outt<26>       |   13.709|
A<17>          |Outt<27>       |   12.767|
A<17>          |Outt<28>       |   13.415|
A<17>          |Outt<29>       |   14.355|
A<17>          |Outt<30>       |   12.946|
A<17>          |Outt<31>       |   13.079|
A<17>          |Ovf            |   11.727|
A<17>          |Zero           |   17.532|
A<18>          |Cout           |   10.065|
A<18>          |Outt<17>       |    9.555|
A<18>          |Outt<18>       |   13.774|
A<18>          |Outt<19>       |   12.245|
A<18>          |Outt<20>       |   13.214|
A<18>          |Outt<21>       |   13.229|
A<18>          |Outt<22>       |   11.345|
A<18>          |Outt<23>       |   12.582|
A<18>          |Outt<24>       |   13.097|
A<18>          |Outt<25>       |   13.675|
A<18>          |Outt<26>       |   12.968|
A<18>          |Outt<27>       |   12.026|
A<18>          |Outt<28>       |   12.674|
A<18>          |Outt<29>       |   13.614|
A<18>          |Outt<30>       |   12.205|
A<18>          |Outt<31>       |   12.338|
A<18>          |Ovf            |   10.986|
A<18>          |Zero           |   16.403|
A<19>          |Cout           |   10.270|
A<19>          |Outt<18>       |    8.689|
A<19>          |Outt<19>       |   12.233|
A<19>          |Outt<20>       |   13.419|
A<19>          |Outt<21>       |   13.434|
A<19>          |Outt<22>       |   11.550|
A<19>          |Outt<23>       |   12.787|
A<19>          |Outt<24>       |   13.302|
A<19>          |Outt<25>       |   13.880|
A<19>          |Outt<26>       |   13.173|
A<19>          |Outt<27>       |   12.231|
A<19>          |Outt<28>       |   12.879|
A<19>          |Outt<29>       |   13.819|
A<19>          |Outt<30>       |   12.410|
A<19>          |Outt<31>       |   12.543|
A<19>          |Ovf            |   11.191|
A<19>          |Zero           |   16.535|
A<20>          |Cout           |   11.408|
A<20>          |Outt<19>       |    8.573|
A<20>          |Outt<20>       |   14.169|
A<20>          |Outt<21>       |   14.335|
A<20>          |Outt<22>       |   12.688|
A<20>          |Outt<23>       |   13.925|
A<20>          |Outt<24>       |   14.440|
A<20>          |Outt<25>       |   15.018|
A<20>          |Outt<26>       |   14.311|
A<20>          |Outt<27>       |   13.369|
A<20>          |Outt<28>       |   14.017|
A<20>          |Outt<29>       |   14.957|
A<20>          |Outt<30>       |   13.548|
A<20>          |Outt<31>       |   13.681|
A<20>          |Ovf            |   12.329|
A<20>          |Zero           |   17.573|
A<21>          |Cout           |    9.728|
A<21>          |Outt<20>       |    8.416|
A<21>          |Outt<21>       |   12.438|
A<21>          |Outt<22>       |   11.008|
A<21>          |Outt<23>       |   12.245|
A<21>          |Outt<24>       |   12.760|
A<21>          |Outt<25>       |   13.338|
A<21>          |Outt<26>       |   12.631|
A<21>          |Outt<27>       |   11.689|
A<21>          |Outt<28>       |   12.337|
A<21>          |Outt<29>       |   13.277|
A<21>          |Outt<30>       |   11.868|
A<21>          |Outt<31>       |   12.001|
A<21>          |Ovf            |   10.649|
A<21>          |Zero           |   15.893|
A<22>          |Cout           |   10.614|
A<22>          |Outt<21>       |    7.895|
A<22>          |Outt<22>       |   12.357|
A<22>          |Outt<23>       |   12.894|
A<22>          |Outt<24>       |   13.646|
A<22>          |Outt<25>       |   14.224|
A<22>          |Outt<26>       |   13.517|
A<22>          |Outt<27>       |   12.575|
A<22>          |Outt<28>       |   13.223|
A<22>          |Outt<29>       |   14.163|
A<22>          |Outt<30>       |   12.754|
A<22>          |Outt<31>       |   12.887|
A<22>          |Ovf            |   11.535|
A<22>          |Zero           |   16.779|
A<23>          |Cout           |    9.112|
A<23>          |Outt<22>       |    7.854|
A<23>          |Outt<23>       |   11.175|
A<23>          |Outt<24>       |   12.144|
A<23>          |Outt<25>       |   12.722|
A<23>          |Outt<26>       |   12.015|
A<23>          |Outt<27>       |   11.073|
A<23>          |Outt<28>       |   11.721|
A<23>          |Outt<29>       |   12.661|
A<23>          |Outt<30>       |   11.252|
A<23>          |Outt<31>       |   11.385|
A<23>          |Ovf            |   10.033|
A<23>          |Zero           |   15.277|
A<24>          |Cout           |    9.984|
A<24>          |Outt<23>       |    9.828|
A<24>          |Outt<24>       |   12.628|
A<24>          |Outt<25>       |   13.357|
A<24>          |Outt<26>       |   12.887|
A<24>          |Outt<27>       |   11.945|
A<24>          |Outt<28>       |   12.593|
A<24>          |Outt<29>       |   13.533|
A<24>          |Outt<30>       |   12.124|
A<24>          |Outt<31>       |   12.257|
A<24>          |Ovf            |   10.905|
A<24>          |Zero           |   15.949|
A<25>          |Cout           |   10.150|
A<25>          |Outt<24>       |    9.121|
A<25>          |Outt<25>       |   13.306|
A<25>          |Outt<26>       |   13.053|
A<25>          |Outt<27>       |   12.111|
A<25>          |Outt<28>       |   12.759|
A<25>          |Outt<29>       |   13.699|
A<25>          |Outt<30>       |   12.290|
A<25>          |Outt<31>       |   12.423|
A<25>          |Ovf            |   11.071|
A<25>          |Zero           |   16.115|
A<26>          |Cout           |    9.872|
A<26>          |Outt<25>       |    8.997|
A<26>          |Outt<26>       |   12.387|
A<26>          |Outt<27>       |   11.596|
A<26>          |Outt<28>       |   12.481|
A<26>          |Outt<29>       |   13.421|
A<26>          |Outt<30>       |   12.012|
A<26>          |Outt<31>       |   12.145|
A<26>          |Ovf            |   10.793|
A<26>          |Zero           |   15.837|
A<27>          |Cout           |   10.652|
A<27>          |Outt<26>       |    8.062|
A<27>          |Outt<27>       |   12.159|
A<27>          |Outt<28>       |   13.261|
A<27>          |Outt<29>       |   14.201|
A<27>          |Outt<30>       |   12.792|
A<27>          |Outt<31>       |   12.925|
A<27>          |Ovf            |   11.573|
A<27>          |Zero           |   16.617|
A<28>          |Cout           |    9.779|
A<28>          |Outt<27>       |    7.703|
A<28>          |Outt<28>       |   12.013|
A<28>          |Outt<29>       |   13.091|
A<28>          |Outt<30>       |   11.919|
A<28>          |Outt<31>       |   12.052|
A<28>          |Ovf            |   10.700|
A<28>          |Zero           |   15.507|
A<29>          |Cout           |    9.918|
A<29>          |Outt<28>       |    7.521|
A<29>          |Outt<29>       |   13.013|
A<29>          |Outt<30>       |   12.058|
A<29>          |Outt<31>       |   12.191|
A<29>          |Ovf            |   10.839|
A<29>          |Zero           |   15.429|
A<30>          |Cout           |   10.005|
A<30>          |Outt<29>       |    7.290|
A<30>          |Outt<30>       |   11.757|
A<30>          |Outt<31>       |   12.041|
A<30>          |Ovf            |   10.689|
A<30>          |Zero           |   14.392|
A<31>          |Cout           |   10.105|
A<31>          |Outt<0>        |   12.869|
A<31>          |Outt<30>       |    7.712|
A<31>          |Outt<31>       |   11.924|
A<31>          |Ovf            |   10.572|
A<31>          |Zero           |   16.558|
B<0>           |Cout           |   16.612|
B<0>           |Outt<0>        |   17.683|
B<0>           |Outt<1>        |   18.165|
B<0>           |Outt<2>        |   17.697|
B<0>           |Outt<3>        |   19.243|
B<0>           |Outt<4>        |   18.950|
B<0>           |Outt<5>        |   18.650|
B<0>           |Outt<6>        |   18.743|
B<0>           |Outt<7>        |   20.114|
B<0>           |Outt<8>        |   18.645|
B<0>           |Outt<9>        |   18.417|
B<0>           |Outt<10>       |   19.253|
B<0>           |Outt<11>       |   18.999|
B<0>           |Outt<12>       |   20.256|
B<0>           |Outt<13>       |   18.904|
B<0>           |Outt<14>       |   18.784|
B<0>           |Outt<15>       |   18.955|
B<0>           |Outt<16>       |   19.863|
B<0>           |Outt<17>       |   19.473|
B<0>           |Outt<18>       |   20.709|
B<0>           |Outt<19>       |   19.029|
B<0>           |Outt<20>       |   19.761|
B<0>           |Outt<21>       |   19.776|
B<0>           |Outt<22>       |   17.892|
B<0>           |Outt<23>       |   19.129|
B<0>           |Outt<24>       |   19.644|
B<0>           |Outt<25>       |   20.222|
B<0>           |Outt<26>       |   19.515|
B<0>           |Outt<27>       |   18.573|
B<0>           |Outt<28>       |   19.221|
B<0>           |Outt<29>       |   20.161|
B<0>           |Outt<30>       |   18.752|
B<0>           |Outt<31>       |   18.885|
B<0>           |Ovf            |   17.533|
B<0>           |Zero           |   23.338|
B<1>           |Cout           |   16.939|
B<1>           |Outt<1>        |   17.732|
B<1>           |Outt<2>        |   17.481|
B<1>           |Outt<3>        |   19.075|
B<1>           |Outt<4>        |   19.236|
B<1>           |Outt<5>        |   18.977|
B<1>           |Outt<6>        |   19.070|
B<1>           |Outt<7>        |   20.441|
B<1>           |Outt<8>        |   18.972|
B<1>           |Outt<9>        |   18.744|
B<1>           |Outt<10>       |   19.580|
B<1>           |Outt<11>       |   19.326|
B<1>           |Outt<12>       |   20.583|
B<1>           |Outt<13>       |   19.231|
B<1>           |Outt<14>       |   19.111|
B<1>           |Outt<15>       |   19.282|
B<1>           |Outt<16>       |   20.190|
B<1>           |Outt<17>       |   19.800|
B<1>           |Outt<18>       |   21.036|
B<1>           |Outt<19>       |   19.356|
B<1>           |Outt<20>       |   20.088|
B<1>           |Outt<21>       |   20.103|
B<1>           |Outt<22>       |   18.219|
B<1>           |Outt<23>       |   19.456|
B<1>           |Outt<24>       |   19.971|
B<1>           |Outt<25>       |   20.549|
B<1>           |Outt<26>       |   19.842|
B<1>           |Outt<27>       |   18.900|
B<1>           |Outt<28>       |   19.548|
B<1>           |Outt<29>       |   20.488|
B<1>           |Outt<30>       |   19.079|
B<1>           |Outt<31>       |   19.212|
B<1>           |Ovf            |   17.860|
B<1>           |Zero           |   23.665|
B<2>           |Cout           |   16.531|
B<2>           |Outt<2>        |   16.570|
B<2>           |Outt<3>        |   18.430|
B<2>           |Outt<4>        |   18.591|
B<2>           |Outt<5>        |   18.569|
B<2>           |Outt<6>        |   18.662|
B<2>           |Outt<7>        |   20.033|
B<2>           |Outt<8>        |   18.564|
B<2>           |Outt<9>        |   18.336|
B<2>           |Outt<10>       |   19.172|
B<2>           |Outt<11>       |   18.918|
B<2>           |Outt<12>       |   20.175|
B<2>           |Outt<13>       |   18.823|
B<2>           |Outt<14>       |   18.703|
B<2>           |Outt<15>       |   18.874|
B<2>           |Outt<16>       |   19.782|
B<2>           |Outt<17>       |   19.392|
B<2>           |Outt<18>       |   20.628|
B<2>           |Outt<19>       |   18.948|
B<2>           |Outt<20>       |   19.680|
B<2>           |Outt<21>       |   19.695|
B<2>           |Outt<22>       |   17.811|
B<2>           |Outt<23>       |   19.048|
B<2>           |Outt<24>       |   19.563|
B<2>           |Outt<25>       |   20.141|
B<2>           |Outt<26>       |   19.434|
B<2>           |Outt<27>       |   18.492|
B<2>           |Outt<28>       |   19.140|
B<2>           |Outt<29>       |   20.080|
B<2>           |Outt<30>       |   18.671|
B<2>           |Outt<31>       |   18.804|
B<2>           |Ovf            |   17.452|
B<2>           |Zero           |   23.257|
B<3>           |Cout           |   16.447|
B<3>           |Outt<3>        |   18.129|
B<3>           |Outt<4>        |   18.355|
B<3>           |Outt<5>        |   18.485|
B<3>           |Outt<6>        |   18.578|
B<3>           |Outt<7>        |   19.949|
B<3>           |Outt<8>        |   18.480|
B<3>           |Outt<9>        |   18.252|
B<3>           |Outt<10>       |   19.088|
B<3>           |Outt<11>       |   18.834|
B<3>           |Outt<12>       |   20.091|
B<3>           |Outt<13>       |   18.739|
B<3>           |Outt<14>       |   18.619|
B<3>           |Outt<15>       |   18.790|
B<3>           |Outt<16>       |   19.698|
B<3>           |Outt<17>       |   19.308|
B<3>           |Outt<18>       |   20.544|
B<3>           |Outt<19>       |   18.864|
B<3>           |Outt<20>       |   19.596|
B<3>           |Outt<21>       |   19.611|
B<3>           |Outt<22>       |   17.727|
B<3>           |Outt<23>       |   18.964|
B<3>           |Outt<24>       |   19.479|
B<3>           |Outt<25>       |   20.057|
B<3>           |Outt<26>       |   19.350|
B<3>           |Outt<27>       |   18.408|
B<3>           |Outt<28>       |   19.056|
B<3>           |Outt<29>       |   19.996|
B<3>           |Outt<30>       |   18.587|
B<3>           |Outt<31>       |   18.720|
B<3>           |Ovf            |   17.368|
B<3>           |Zero           |   23.173|
B<4>           |Cout           |   16.014|
B<4>           |Outt<4>        |   17.534|
B<4>           |Outt<5>        |   17.815|
B<4>           |Outt<6>        |   17.908|
B<4>           |Outt<7>        |   19.279|
B<4>           |Outt<8>        |   17.810|
B<4>           |Outt<9>        |   17.819|
B<4>           |Outt<10>       |   18.655|
B<4>           |Outt<11>       |   18.401|
B<4>           |Outt<12>       |   19.658|
B<4>           |Outt<13>       |   18.306|
B<4>           |Outt<14>       |   18.186|
B<4>           |Outt<15>       |   18.357|
B<4>           |Outt<16>       |   19.265|
B<4>           |Outt<17>       |   18.875|
B<4>           |Outt<18>       |   20.111|
B<4>           |Outt<19>       |   18.431|
B<4>           |Outt<20>       |   19.163|
B<4>           |Outt<21>       |   19.178|
B<4>           |Outt<22>       |   17.294|
B<4>           |Outt<23>       |   18.531|
B<4>           |Outt<24>       |   19.046|
B<4>           |Outt<25>       |   19.624|
B<4>           |Outt<26>       |   18.917|
B<4>           |Outt<27>       |   17.975|
B<4>           |Outt<28>       |   18.623|
B<4>           |Outt<29>       |   19.563|
B<4>           |Outt<30>       |   18.154|
B<4>           |Outt<31>       |   18.287|
B<4>           |Ovf            |   16.935|
B<4>           |Zero           |   22.740|
B<5>           |Cout           |   15.029|
B<5>           |Outt<5>        |   16.613|
B<5>           |Outt<6>        |   16.706|
B<5>           |Outt<7>        |   18.077|
B<5>           |Outt<8>        |   16.608|
B<5>           |Outt<9>        |   16.834|
B<5>           |Outt<10>       |   17.670|
B<5>           |Outt<11>       |   17.416|
B<5>           |Outt<12>       |   18.673|
B<5>           |Outt<13>       |   17.321|
B<5>           |Outt<14>       |   17.201|
B<5>           |Outt<15>       |   17.372|
B<5>           |Outt<16>       |   18.280|
B<5>           |Outt<17>       |   17.890|
B<5>           |Outt<18>       |   19.126|
B<5>           |Outt<19>       |   17.446|
B<5>           |Outt<20>       |   18.178|
B<5>           |Outt<21>       |   18.193|
B<5>           |Outt<22>       |   16.309|
B<5>           |Outt<23>       |   17.546|
B<5>           |Outt<24>       |   18.061|
B<5>           |Outt<25>       |   18.639|
B<5>           |Outt<26>       |   17.932|
B<5>           |Outt<27>       |   16.990|
B<5>           |Outt<28>       |   17.638|
B<5>           |Outt<29>       |   18.578|
B<5>           |Outt<30>       |   17.169|
B<5>           |Outt<31>       |   17.302|
B<5>           |Ovf            |   15.950|
B<5>           |Zero           |   21.755|
B<6>           |Cout           |   14.539|
B<6>           |Outt<6>        |   14.962|
B<6>           |Outt<7>        |   16.879|
B<6>           |Outt<8>        |   15.864|
B<6>           |Outt<9>        |   16.344|
B<6>           |Outt<10>       |   17.180|
B<6>           |Outt<11>       |   16.926|
B<6>           |Outt<12>       |   18.183|
B<6>           |Outt<13>       |   16.831|
B<6>           |Outt<14>       |   16.711|
B<6>           |Outt<15>       |   16.882|
B<6>           |Outt<16>       |   17.790|
B<6>           |Outt<17>       |   17.400|
B<6>           |Outt<18>       |   18.636|
B<6>           |Outt<19>       |   16.956|
B<6>           |Outt<20>       |   17.688|
B<6>           |Outt<21>       |   17.703|
B<6>           |Outt<22>       |   15.819|
B<6>           |Outt<23>       |   17.056|
B<6>           |Outt<24>       |   17.571|
B<6>           |Outt<25>       |   18.149|
B<6>           |Outt<26>       |   17.442|
B<6>           |Outt<27>       |   16.500|
B<6>           |Outt<28>       |   17.148|
B<6>           |Outt<29>       |   18.088|
B<6>           |Outt<30>       |   16.679|
B<6>           |Outt<31>       |   16.812|
B<6>           |Ovf            |   15.460|
B<6>           |Zero           |   21.265|
B<7>           |Cout           |   14.847|
B<7>           |Outt<7>        |   16.970|
B<7>           |Outt<8>        |   16.003|
B<7>           |Outt<9>        |   16.652|
B<7>           |Outt<10>       |   17.488|
B<7>           |Outt<11>       |   17.234|
B<7>           |Outt<12>       |   18.491|
B<7>           |Outt<13>       |   17.139|
B<7>           |Outt<14>       |   17.019|
B<7>           |Outt<15>       |   17.190|
B<7>           |Outt<16>       |   18.098|
B<7>           |Outt<17>       |   17.708|
B<7>           |Outt<18>       |   18.944|
B<7>           |Outt<19>       |   17.264|
B<7>           |Outt<20>       |   17.996|
B<7>           |Outt<21>       |   18.011|
B<7>           |Outt<22>       |   16.127|
B<7>           |Outt<23>       |   17.364|
B<7>           |Outt<24>       |   17.879|
B<7>           |Outt<25>       |   18.457|
B<7>           |Outt<26>       |   17.750|
B<7>           |Outt<27>       |   16.808|
B<7>           |Outt<28>       |   17.456|
B<7>           |Outt<29>       |   18.396|
B<7>           |Outt<30>       |   16.987|
B<7>           |Outt<31>       |   17.120|
B<7>           |Ovf            |   15.768|
B<7>           |Zero           |   21.573|
B<8>           |Cout           |   14.527|
B<8>           |Outt<8>        |   15.532|
B<8>           |Outt<9>        |   16.332|
B<8>           |Outt<10>       |   17.168|
B<8>           |Outt<11>       |   16.914|
B<8>           |Outt<12>       |   18.171|
B<8>           |Outt<13>       |   16.819|
B<8>           |Outt<14>       |   16.699|
B<8>           |Outt<15>       |   16.870|
B<8>           |Outt<16>       |   17.778|
B<8>           |Outt<17>       |   17.388|
B<8>           |Outt<18>       |   18.624|
B<8>           |Outt<19>       |   16.944|
B<8>           |Outt<20>       |   17.676|
B<8>           |Outt<21>       |   17.691|
B<8>           |Outt<22>       |   15.807|
B<8>           |Outt<23>       |   17.044|
B<8>           |Outt<24>       |   17.559|
B<8>           |Outt<25>       |   18.137|
B<8>           |Outt<26>       |   17.430|
B<8>           |Outt<27>       |   16.488|
B<8>           |Outt<28>       |   17.136|
B<8>           |Outt<29>       |   18.076|
B<8>           |Outt<30>       |   16.667|
B<8>           |Outt<31>       |   16.800|
B<8>           |Ovf            |   15.448|
B<8>           |Zero           |   21.253|
B<9>           |Cout           |   14.483|
B<9>           |Outt<9>        |   16.288|
B<9>           |Outt<10>       |   17.124|
B<9>           |Outt<11>       |   16.870|
B<9>           |Outt<12>       |   18.127|
B<9>           |Outt<13>       |   16.775|
B<9>           |Outt<14>       |   16.655|
B<9>           |Outt<15>       |   16.826|
B<9>           |Outt<16>       |   17.734|
B<9>           |Outt<17>       |   17.344|
B<9>           |Outt<18>       |   18.580|
B<9>           |Outt<19>       |   16.900|
B<9>           |Outt<20>       |   17.632|
B<9>           |Outt<21>       |   17.647|
B<9>           |Outt<22>       |   15.763|
B<9>           |Outt<23>       |   17.000|
B<9>           |Outt<24>       |   17.515|
B<9>           |Outt<25>       |   18.093|
B<9>           |Outt<26>       |   17.386|
B<9>           |Outt<27>       |   16.444|
B<9>           |Outt<28>       |   17.092|
B<9>           |Outt<29>       |   18.032|
B<9>           |Outt<30>       |   16.623|
B<9>           |Outt<31>       |   16.756|
B<9>           |Ovf            |   15.404|
B<9>           |Zero           |   21.209|
B<10>          |Cout           |   14.704|
B<10>          |Outt<10>       |   15.883|
B<10>          |Outt<11>       |   16.104|
B<10>          |Outt<12>       |   17.815|
B<10>          |Outt<13>       |   16.463|
B<10>          |Outt<14>       |   16.343|
B<10>          |Outt<15>       |   16.514|
B<10>          |Outt<16>       |   17.682|
B<10>          |Outt<17>       |   17.292|
B<10>          |Outt<18>       |   18.528|
B<10>          |Outt<19>       |   16.848|
B<10>          |Outt<20>       |   17.580|
B<10>          |Outt<21>       |   17.595|
B<10>          |Outt<22>       |   15.984|
B<10>          |Outt<23>       |   17.221|
B<10>          |Outt<24>       |   17.736|
B<10>          |Outt<25>       |   18.314|
B<10>          |Outt<26>       |   17.607|
B<10>          |Outt<27>       |   16.665|
B<10>          |Outt<28>       |   17.313|
B<10>          |Outt<29>       |   18.253|
B<10>          |Outt<30>       |   16.844|
B<10>          |Outt<31>       |   16.977|
B<10>          |Ovf            |   15.625|
B<10>          |Zero           |   21.157|
B<11>          |Cout           |   14.233|
B<11>          |Outt<11>       |   15.416|
B<11>          |Outt<12>       |   17.127|
B<11>          |Outt<13>       |   15.775|
B<11>          |Outt<14>       |   15.655|
B<11>          |Outt<15>       |   15.849|
B<11>          |Outt<16>       |   17.211|
B<11>          |Outt<17>       |   16.821|
B<11>          |Outt<18>       |   18.057|
B<11>          |Outt<19>       |   16.377|
B<11>          |Outt<20>       |   17.109|
B<11>          |Outt<21>       |   17.124|
B<11>          |Outt<22>       |   15.513|
B<11>          |Outt<23>       |   16.750|
B<11>          |Outt<24>       |   17.265|
B<11>          |Outt<25>       |   17.843|
B<11>          |Outt<26>       |   17.136|
B<11>          |Outt<27>       |   16.194|
B<11>          |Outt<28>       |   16.842|
B<11>          |Outt<29>       |   17.782|
B<11>          |Outt<30>       |   16.373|
B<11>          |Outt<31>       |   16.506|
B<11>          |Ovf            |   15.154|
B<11>          |Zero           |   20.686|
B<12>          |Cout           |   14.059|
B<12>          |Outt<12>       |   16.004|
B<12>          |Outt<13>       |   14.828|
B<12>          |Outt<14>       |   15.162|
B<12>          |Outt<15>       |   15.675|
B<12>          |Outt<16>       |   17.037|
B<12>          |Outt<17>       |   16.647|
B<12>          |Outt<18>       |   17.883|
B<12>          |Outt<19>       |   16.203|
B<12>          |Outt<20>       |   16.935|
B<12>          |Outt<21>       |   16.950|
B<12>          |Outt<22>       |   15.339|
B<12>          |Outt<23>       |   16.576|
B<12>          |Outt<24>       |   17.091|
B<12>          |Outt<25>       |   17.669|
B<12>          |Outt<26>       |   16.962|
B<12>          |Outt<27>       |   16.020|
B<12>          |Outt<28>       |   16.668|
B<12>          |Outt<29>       |   17.608|
B<12>          |Outt<30>       |   16.199|
B<12>          |Outt<31>       |   16.332|
B<12>          |Ovf            |   14.980|
B<12>          |Zero           |   20.512|
B<13>          |Cout           |   13.764|
B<13>          |Outt<13>       |   14.316|
B<13>          |Outt<14>       |   14.650|
B<13>          |Outt<15>       |   15.380|
B<13>          |Outt<16>       |   16.742|
B<13>          |Outt<17>       |   16.352|
B<13>          |Outt<18>       |   17.588|
B<13>          |Outt<19>       |   15.908|
B<13>          |Outt<20>       |   16.640|
B<13>          |Outt<21>       |   16.655|
B<13>          |Outt<22>       |   15.044|
B<13>          |Outt<23>       |   16.281|
B<13>          |Outt<24>       |   16.796|
B<13>          |Outt<25>       |   17.374|
B<13>          |Outt<26>       |   16.667|
B<13>          |Outt<27>       |   15.725|
B<13>          |Outt<28>       |   16.373|
B<13>          |Outt<29>       |   17.313|
B<13>          |Outt<30>       |   15.904|
B<13>          |Outt<31>       |   16.037|
B<13>          |Ovf            |   14.685|
B<13>          |Zero           |   20.217|
B<14>          |Cout           |   13.879|
B<14>          |Outt<14>       |   14.271|
B<14>          |Outt<15>       |   15.258|
B<14>          |Outt<16>       |   16.620|
B<14>          |Outt<17>       |   16.230|
B<14>          |Outt<18>       |   17.466|
B<14>          |Outt<19>       |   15.786|
B<14>          |Outt<20>       |   16.518|
B<14>          |Outt<21>       |   16.589|
B<14>          |Outt<22>       |   15.159|
B<14>          |Outt<23>       |   16.396|
B<14>          |Outt<24>       |   16.911|
B<14>          |Outt<25>       |   17.489|
B<14>          |Outt<26>       |   16.782|
B<14>          |Outt<27>       |   15.840|
B<14>          |Outt<28>       |   16.488|
B<14>          |Outt<29>       |   17.428|
B<14>          |Outt<30>       |   16.019|
B<14>          |Outt<31>       |   16.152|
B<14>          |Ovf            |   14.800|
B<14>          |Zero           |   20.095|
B<15>          |Cout           |   14.079|
B<15>          |Outt<15>       |   15.241|
B<15>          |Outt<16>       |   16.603|
B<15>          |Outt<17>       |   16.213|
B<15>          |Outt<18>       |   17.449|
B<15>          |Outt<19>       |   15.769|
B<15>          |Outt<20>       |   16.641|
B<15>          |Outt<21>       |   16.789|
B<15>          |Outt<22>       |   15.359|
B<15>          |Outt<23>       |   16.596|
B<15>          |Outt<24>       |   17.111|
B<15>          |Outt<25>       |   17.689|
B<15>          |Outt<26>       |   16.982|
B<15>          |Outt<27>       |   16.040|
B<15>          |Outt<28>       |   16.688|
B<15>          |Outt<29>       |   17.628|
B<15>          |Outt<30>       |   16.219|
B<15>          |Outt<31>       |   16.352|
B<15>          |Ovf            |   15.000|
B<15>          |Zero           |   20.244|
B<16>          |Cout           |   13.778|
B<16>          |Outt<16>       |   15.298|
B<16>          |Outt<17>       |   15.215|
B<16>          |Outt<18>       |   16.905|
B<16>          |Outt<19>       |   15.225|
B<16>          |Outt<20>       |   16.340|
B<16>          |Outt<21>       |   16.488|
B<16>          |Outt<22>       |   15.058|
B<16>          |Outt<23>       |   16.295|
B<16>          |Outt<24>       |   16.810|
B<16>          |Outt<25>       |   17.388|
B<16>          |Outt<26>       |   16.681|
B<16>          |Outt<27>       |   15.739|
B<16>          |Outt<28>       |   16.387|
B<16>          |Outt<29>       |   17.327|
B<16>          |Outt<30>       |   15.918|
B<16>          |Outt<31>       |   16.051|
B<16>          |Ovf            |   14.699|
B<16>          |Zero           |   19.943|
B<17>          |Cout           |   13.634|
B<17>          |Outt<17>       |   14.854|
B<17>          |Outt<18>       |   16.607|
B<17>          |Outt<19>       |   15.078|
B<17>          |Outt<20>       |   16.196|
B<17>          |Outt<21>       |   16.344|
B<17>          |Outt<22>       |   14.914|
B<17>          |Outt<23>       |   16.151|
B<17>          |Outt<24>       |   16.666|
B<17>          |Outt<25>       |   17.244|
B<17>          |Outt<26>       |   16.537|
B<17>          |Outt<27>       |   15.595|
B<17>          |Outt<28>       |   16.243|
B<17>          |Outt<29>       |   17.183|
B<17>          |Outt<30>       |   15.774|
B<17>          |Outt<31>       |   15.907|
B<17>          |Ovf            |   14.555|
B<17>          |Zero           |   19.799|
B<18>          |Cout           |   13.966|
B<18>          |Outt<18>       |   16.551|
B<18>          |Outt<19>       |   15.105|
B<18>          |Outt<20>       |   16.291|
B<18>          |Outt<21>       |   16.676|
B<18>          |Outt<22>       |   15.246|
B<18>          |Outt<23>       |   16.483|
B<18>          |Outt<24>       |   16.998|
B<18>          |Outt<25>       |   17.576|
B<18>          |Outt<26>       |   16.869|
B<18>          |Outt<27>       |   15.927|
B<18>          |Outt<28>       |   16.575|
B<18>          |Outt<29>       |   17.515|
B<18>          |Outt<30>       |   16.106|
B<18>          |Outt<31>       |   16.239|
B<18>          |Ovf            |   14.887|
B<18>          |Zero           |   20.131|
B<19>          |Cout           |   12.991|
B<19>          |Outt<19>       |   13.913|
B<19>          |Outt<20>       |   15.099|
B<19>          |Outt<21>       |   15.701|
B<19>          |Outt<22>       |   14.271|
B<19>          |Outt<23>       |   15.508|
B<19>          |Outt<24>       |   16.023|
B<19>          |Outt<25>       |   16.601|
B<19>          |Outt<26>       |   15.894|
B<19>          |Outt<27>       |   14.952|
B<19>          |Outt<28>       |   15.600|
B<19>          |Outt<29>       |   16.540|
B<19>          |Outt<30>       |   15.131|
B<19>          |Outt<31>       |   15.264|
B<19>          |Ovf            |   13.912|
B<19>          |Zero           |   19.156|
B<20>          |Cout           |   12.851|
B<20>          |Outt<20>       |   14.506|
B<20>          |Outt<21>       |   15.561|
B<20>          |Outt<22>       |   14.131|
B<20>          |Outt<23>       |   15.368|
B<20>          |Outt<24>       |   15.883|
B<20>          |Outt<25>       |   16.461|
B<20>          |Outt<26>       |   15.754|
B<20>          |Outt<27>       |   14.812|
B<20>          |Outt<28>       |   15.460|
B<20>          |Outt<29>       |   16.400|
B<20>          |Outt<30>       |   14.991|
B<20>          |Outt<31>       |   15.124|
B<20>          |Ovf            |   13.772|
B<20>          |Zero           |   19.016|
B<21>          |Cout           |   12.472|
B<21>          |Outt<21>       |   15.163|
B<21>          |Outt<22>       |   13.733|
B<21>          |Outt<23>       |   14.970|
B<21>          |Outt<24>       |   15.504|
B<21>          |Outt<25>       |   16.082|
B<21>          |Outt<26>       |   15.375|
B<21>          |Outt<27>       |   14.433|
B<21>          |Outt<28>       |   15.081|
B<21>          |Outt<29>       |   16.021|
B<21>          |Outt<30>       |   14.612|
B<21>          |Outt<31>       |   14.745|
B<21>          |Ovf            |   13.393|
B<21>          |Zero           |   18.637|
B<22>          |Cout           |   12.959|
B<22>          |Outt<22>       |   13.422|
B<22>          |Outt<23>       |   14.942|
B<22>          |Outt<24>       |   15.911|
B<22>          |Outt<25>       |   16.489|
B<22>          |Outt<26>       |   15.782|
B<22>          |Outt<27>       |   14.840|
B<22>          |Outt<28>       |   15.568|
B<22>          |Outt<29>       |   16.508|
B<22>          |Outt<30>       |   15.099|
B<22>          |Outt<31>       |   15.232|
B<22>          |Ovf            |   13.880|
B<22>          |Zero           |   19.044|
B<23>          |Cout           |   12.407|
B<23>          |Outt<23>       |   14.173|
B<23>          |Outt<24>       |   15.142|
B<23>          |Outt<25>       |   15.720|
B<23>          |Outt<26>       |   15.116|
B<23>          |Outt<27>       |   14.174|
B<23>          |Outt<28>       |   15.016|
B<23>          |Outt<29>       |   15.956|
B<23>          |Outt<30>       |   14.547|
B<23>          |Outt<31>       |   14.680|
B<23>          |Ovf            |   13.328|
B<23>          |Zero           |   18.372|
B<24>          |Cout           |   12.780|
B<24>          |Outt<24>       |   14.653|
B<24>          |Outt<25>       |   15.505|
B<24>          |Outt<26>       |   15.252|
B<24>          |Outt<27>       |   14.310|
B<24>          |Outt<28>       |   15.389|
B<24>          |Outt<29>       |   16.329|
B<24>          |Outt<30>       |   14.920|
B<24>          |Outt<31>       |   15.053|
B<24>          |Ovf            |   13.701|
B<24>          |Zero           |   18.745|
B<25>          |Cout           |   12.580|
B<25>          |Outt<25>       |   15.088|
B<25>          |Outt<26>       |   14.835|
B<25>          |Outt<27>       |   14.087|
B<25>          |Outt<28>       |   15.189|
B<25>          |Outt<29>       |   16.129|
B<25>          |Outt<30>       |   14.720|
B<25>          |Outt<31>       |   14.853|
B<25>          |Ovf            |   13.501|
B<25>          |Zero           |   18.545|
B<26>          |Cout           |   12.591|
B<26>          |Outt<26>       |   14.608|
B<26>          |Outt<27>       |   14.057|
B<26>          |Outt<28>       |   15.159|
B<26>          |Outt<29>       |   16.099|
B<26>          |Outt<30>       |   14.731|
B<26>          |Outt<31>       |   14.864|
B<26>          |Ovf            |   13.512|
B<26>          |Zero           |   18.515|
B<27>          |Cout           |   12.378|
B<27>          |Outt<27>       |   13.627|
B<27>          |Outt<28>       |   14.729|
B<27>          |Outt<29>       |   15.690|
B<27>          |Outt<30>       |   14.518|
B<27>          |Outt<31>       |   14.651|
B<27>          |Ovf            |   13.299|
B<27>          |Zero           |   18.106|
B<28>          |Cout           |   12.197|
B<28>          |Outt<28>       |   14.211|
B<28>          |Outt<29>       |   15.302|
B<28>          |Outt<30>       |   14.180|
B<28>          |Outt<31>       |   14.313|
B<28>          |Ovf            |   12.961|
B<28>          |Zero           |   17.718|
B<29>          |Cout           |   12.150|
B<29>          |Outt<29>       |   14.871|
B<29>          |Outt<30>       |   13.916|
B<29>          |Outt<31>       |   14.083|
B<29>          |Ovf            |   12.731|
B<29>          |Zero           |   17.287|
B<30>          |Cout           |   11.631|
B<30>          |Outt<30>       |   13.129|
B<30>          |Outt<31>       |   13.450|
B<30>          |Ovf            |   12.098|
B<30>          |Zero           |   15.801|
B<31>          |Cout           |   11.764|
B<31>          |Outt<31>       |   13.583|
B<31>          |Ovf            |   12.231|
B<31>          |Zero           |   15.934|
Op<0>          |Cout           |   13.638|
Op<0>          |Outt<0>        |   15.318|
Op<0>          |Outt<1>        |   17.495|
Op<0>          |Outt<2>        |   16.508|
Op<0>          |Outt<3>        |   17.174|
Op<0>          |Outt<4>        |   16.951|
Op<0>          |Outt<5>        |   16.651|
Op<0>          |Outt<6>        |   16.290|
Op<0>          |Outt<7>        |   17.661|
Op<0>          |Outt<8>        |   16.192|
Op<0>          |Outt<9>        |   15.897|
Op<0>          |Outt<10>       |   16.279|
Op<0>          |Outt<11>       |   16.025|
Op<0>          |Outt<12>       |   17.282|
Op<0>          |Outt<13>       |   15.930|
Op<0>          |Outt<14>       |   15.810|
Op<0>          |Outt<15>       |   15.981|
Op<0>          |Outt<16>       |   16.889|
Op<0>          |Outt<17>       |   16.499|
Op<0>          |Outt<18>       |   17.735|
Op<0>          |Outt<19>       |   16.055|
Op<0>          |Outt<20>       |   16.787|
Op<0>          |Outt<21>       |   16.802|
Op<0>          |Outt<22>       |   14.918|
Op<0>          |Outt<23>       |   16.155|
Op<0>          |Outt<24>       |   16.670|
Op<0>          |Outt<25>       |   17.248|
Op<0>          |Outt<26>       |   16.541|
Op<0>          |Outt<27>       |   15.599|
Op<0>          |Outt<28>       |   16.247|
Op<0>          |Outt<29>       |   17.187|
Op<0>          |Outt<30>       |   15.778|
Op<0>          |Outt<31>       |   15.911|
Op<0>          |Ovf            |   14.559|
Op<0>          |Zero           |   20.923|
Op<1>          |Cout           |   14.971|
Op<1>          |Outt<0>        |   16.197|
Op<1>          |Outt<1>        |   17.212|
Op<1>          |Outt<2>        |   16.356|
Op<1>          |Outt<3>        |   17.815|
Op<1>          |Outt<4>        |   17.675|
Op<1>          |Outt<5>        |   17.375|
Op<1>          |Outt<6>        |   17.014|
Op<1>          |Outt<7>        |   18.385|
Op<1>          |Outt<8>        |   16.916|
Op<1>          |Outt<9>        |   16.776|
Op<1>          |Outt<10>       |   17.612|
Op<1>          |Outt<11>       |   17.358|
Op<1>          |Outt<12>       |   18.615|
Op<1>          |Outt<13>       |   17.263|
Op<1>          |Outt<14>       |   17.143|
Op<1>          |Outt<15>       |   17.314|
Op<1>          |Outt<16>       |   18.222|
Op<1>          |Outt<17>       |   17.832|
Op<1>          |Outt<18>       |   19.068|
Op<1>          |Outt<19>       |   17.388|
Op<1>          |Outt<20>       |   18.120|
Op<1>          |Outt<21>       |   18.135|
Op<1>          |Outt<22>       |   16.251|
Op<1>          |Outt<23>       |   17.488|
Op<1>          |Outt<24>       |   18.003|
Op<1>          |Outt<25>       |   18.581|
Op<1>          |Outt<26>       |   17.874|
Op<1>          |Outt<27>       |   16.932|
Op<1>          |Outt<28>       |   17.580|
Op<1>          |Outt<29>       |   18.520|
Op<1>          |Outt<30>       |   17.111|
Op<1>          |Outt<31>       |   17.244|
Op<1>          |Ovf            |   15.892|
Op<1>          |Zero           |   21.697|
Op<2>          |Cout           |   15.590|
Op<2>          |Outt<0>        |   16.816|
Op<2>          |Outt<1>        |   17.298|
Op<2>          |Outt<2>        |   16.888|
Op<2>          |Outt<3>        |   18.434|
Op<2>          |Outt<4>        |   18.294|
Op<2>          |Outt<5>        |   17.994|
Op<2>          |Outt<6>        |   17.633|
Op<2>          |Outt<7>        |   19.004|
Op<2>          |Outt<8>        |   17.535|
Op<2>          |Outt<9>        |   17.395|
Op<2>          |Outt<10>       |   18.231|
Op<2>          |Outt<11>       |   17.977|
Op<2>          |Outt<12>       |   19.234|
Op<2>          |Outt<13>       |   17.882|
Op<2>          |Outt<14>       |   17.762|
Op<2>          |Outt<15>       |   17.933|
Op<2>          |Outt<16>       |   18.841|
Op<2>          |Outt<17>       |   18.451|
Op<2>          |Outt<18>       |   19.687|
Op<2>          |Outt<19>       |   18.007|
Op<2>          |Outt<20>       |   18.739|
Op<2>          |Outt<21>       |   18.754|
Op<2>          |Outt<22>       |   16.870|
Op<2>          |Outt<23>       |   18.107|
Op<2>          |Outt<24>       |   18.622|
Op<2>          |Outt<25>       |   19.200|
Op<2>          |Outt<26>       |   18.493|
Op<2>          |Outt<27>       |   17.551|
Op<2>          |Outt<28>       |   18.199|
Op<2>          |Outt<29>       |   19.139|
Op<2>          |Outt<30>       |   17.730|
Op<2>          |Outt<31>       |   17.863|
Op<2>          |Ovf            |   16.511|
Op<2>          |Zero           |   22.316|
Op<3>          |Cout           |   15.337|
Op<3>          |Outt<0>        |   16.563|
Op<3>          |Outt<1>        |   18.546|
Op<3>          |Outt<2>        |   17.690|
Op<3>          |Outt<3>        |   18.181|
Op<3>          |Outt<4>        |   18.041|
Op<3>          |Outt<5>        |   17.741|
Op<3>          |Outt<6>        |   17.380|
Op<3>          |Outt<7>        |   18.751|
Op<3>          |Outt<8>        |   17.282|
Op<3>          |Outt<9>        |   17.223|
Op<3>          |Outt<10>       |   17.978|
Op<3>          |Outt<11>       |   17.724|
Op<3>          |Outt<12>       |   18.981|
Op<3>          |Outt<13>       |   17.629|
Op<3>          |Outt<14>       |   17.509|
Op<3>          |Outt<15>       |   17.680|
Op<3>          |Outt<16>       |   18.588|
Op<3>          |Outt<17>       |   18.198|
Op<3>          |Outt<18>       |   19.434|
Op<3>          |Outt<19>       |   17.754|
Op<3>          |Outt<20>       |   18.486|
Op<3>          |Outt<21>       |   18.501|
Op<3>          |Outt<22>       |   16.617|
Op<3>          |Outt<23>       |   17.854|
Op<3>          |Outt<24>       |   18.369|
Op<3>          |Outt<25>       |   18.947|
Op<3>          |Outt<26>       |   18.240|
Op<3>          |Outt<27>       |   17.298|
Op<3>          |Outt<28>       |   17.946|
Op<3>          |Outt<29>       |   18.886|
Op<3>          |Outt<30>       |   17.477|
Op<3>          |Outt<31>       |   17.610|
Op<3>          |Ovf            |   16.258|
Op<3>          |Zero           |   22.063|
---------------+---------------+---------+


Analysis completed Fri Feb 10 21:45:29 2017 
--------------------------------------------------------------------------------

Trace Settings:
-------------------------
Trace Settings 

Peak Memory Usage: 158 MB



