AR mux32to1_32bit behavioral C:/Users/Mike/Desktop/organwsh/Processor/mux32to1_32Bit.vhd sub00/vhpl31 1489408049
AR demux2to4 behavioral C:/Users/Mike/Desktop/organwsh/Processor/demux2to4.vhd sub00/vhpl11 1489408029
EN demux NULL C:/Users/Mike/Desktop/organwsh/Processor/demux1bit.vhd sub00/vhpl04 1489408022
AR immedbox structural C:/Users/Mike/Desktop/organwsh/Processor/Extender16to32.vhd sub00/vhpl41 1489408059
EN reg32bitr NULL C:/Users/Mike/Desktop/organwsh/Processor/Reg32BitR.vhd sub00/vhpl46 1489408064
EN adder NULL C:/Users/Mike/Desktop/organwsh/Processor/Adder.vhd sub00/vhpl52 1489408070
AR decoder5to32 behavioral C:/Users/Mike/Desktop/organwsh/Processor/demux5to32.vhd sub00/vhpl27 1489408045
AR mux8to1_32bit behavioral C:/Users/Mike/Desktop/organwsh/Processor/mux8to1_32Bit.vhd sub00/vhpl13 1489408031
EN mux4to1_32bit NULL C:/Users/Mike/Desktop/organwsh/Processor/mux4to1_32Bit.vhd sub00/vhpl06 1489408024
AR flipflop behavioral C:/Users/Mike/Desktop/organwsh/Processor/flipflop.vhd sub00/vhpl09 1489408027
AR reg32bit structural C:/Users/Mike/Desktop/organwsh/Processor/Reg32Bit.vhd sub00/vhpl29 1489408047
EN mux32bit NULL C:/Users/Mike/Desktop/organwsh/Processor/mux32Bit.vhd sub00/vhpl02 1489408020
EN incrementor NULL C:/Users/Mike/Desktop/organwsh/Processor/Incrementor.vhd sub00/vhpl50 1489408068
EN alustage NULL C:/Users/Mike/Desktop/organwsh/Processor/ALUSTAGE.vhd sub00/vhpl58 1489408076
EN demux3to8 NULL C:/Users/Mike/Desktop/organwsh/Processor/demux3to8.vhd sub00/vhpl16 1489408034
EN decoder5to32 NULL C:/Users/Mike/Desktop/organwsh/Processor/demux5to32.vhd sub00/vhpl26 1489408044
AR mux16bit behavioral C:/Users/Mike/Desktop/organwsh/Processor/mux16bit.vhd sub00/vhpl35 1489408053
AR alu behavioral C:/Users/Mike/Desktop/organwsh/Processor/top.vhd sub00/vhpl39 1489408057
AR reg1bit behavioral C:/Users/Mike/Desktop/organwsh/Processor/Reg1Bit.vhd sub00/vhpl15 1489408033
EN demux4to16 NULL C:/Users/Mike/Desktop/organwsh/Processor/demux4to16.vhd sub00/vhpl22 1489408040
AR reg1bitr behavioral C:/Users/Mike/Desktop/organwsh/Processor/Reg1BitR.vhd sub00/vhpl25 1489408043
AR mux behavioral C:/Users/Mike/Desktop/organwsh/Processor/mux.vhd sub00/vhpl01 1489408019
EN mux16bit NULL C:/Users/Mike/Desktop/organwsh/Processor/mux16bit.vhd sub00/vhpl34 1489408052
AR control behavioral C:/Users/Mike/Desktop/organwsh/Processor/CONTROL.vhd sub00/vhpl69 1489408087
AR datapath behavioral C:/Users/Mike/Desktop/organwsh/Processor/Datapath.vhd sub00/vhpl71 1489408089
EN alu_control NULL C:/Users/Mike/Desktop/organwsh/Processor/ALU_Control.vhd sub00/vhpl64 1489408082
EN datapath NULL C:/Users/Mike/Desktop/organwsh/Processor/Datapath.vhd sub00/vhpl70 1489408088
EN if_mem NULL C:/Users/Mike/Desktop/organwsh/Processor/IF_MEM.vhd sub00/vhpl48 1489408066
EN reg1bitr NULL C:/Users/Mike/Desktop/organwsh/Processor/Reg1BitR.vhd sub00/vhpl24 1489408042
AR alustage behavioral C:/Users/Mike/Desktop/organwsh/Processor/ALUSTAGE.vhd sub00/vhpl59 1489408077
AR data_mem syn C:/Users/Mike/Desktop/organwsh/Processor/MEMSTAGE.vhd sub00/vhpl61 1489408079
AR processor structural C:/Users/Mike/Desktop/organwsh/Processor/processor.vhd sub00/vhpl73 1489408091
EN mux8to1_32bit NULL C:/Users/Mike/Desktop/organwsh/Processor/mux8to1_32Bit.vhd sub00/vhpl12 1489408030
AR reg32bitr structural C:/Users/Mike/Desktop/organwsh/Processor/Reg32BitR.vhd sub00/vhpl47 1489408065
AR registerfile behavioral C:/Users/Mike/Desktop/organwsh/Processor/RegisterFile.vhd sub00/vhpl45 1489408063
EN registerfile NULL C:/Users/Mike/Desktop/organwsh/Processor/RegisterFile.vhd sub00/vhpl44 1489408062
EN data_mem NULL C:/Users/Mike/Desktop/organwsh/Processor/MEMSTAGE.vhd sub00/vhpl60 1489408078
AR mux32bit behavioral C:/Users/Mike/Desktop/organwsh/Processor/mux32Bit.vhd sub00/vhpl03 1489408021
EN reg32bit NULL C:/Users/Mike/Desktop/organwsh/Processor/Reg32Bit.vhd sub00/vhpl28 1489408046
EN ifstage NULL C:/Users/Mike/Desktop/organwsh/Processor/IFSTAGE.vhd sub00/vhpl54 1489408072
AR ifstage structral C:/Users/Mike/Desktop/organwsh/Processor/IFSTAGE.vhd sub00/vhpl55 1489408073
EN demux2to4 NULL C:/Users/Mike/Desktop/organwsh/Processor/demux2to4.vhd sub00/vhpl10 1489408028
AR demux4to16 behavioral C:/Users/Mike/Desktop/organwsh/Processor/demux4to16.vhd sub00/vhpl23 1489408041
AR incrementor behavioral C:/Users/Mike/Desktop/organwsh/Processor/Incrementor.vhd sub00/vhpl51 1489408069
AR demux3to8 behavioral C:/Users/Mike/Desktop/organwsh/Processor/demux3to8.vhd sub00/vhpl17 1489408035
EN processor NULL C:/Users/Mike/Desktop/organwsh/Processor/processor.vhd sub00/vhpl72 1489408090
AR adder behavioral C:/Users/Mike/Desktop/organwsh/Processor/Adder.vhd sub00/vhpl53 1489408071
AR mux4to1_32bit behavioral C:/Users/Mike/Desktop/organwsh/Processor/mux4to1_32Bit.vhd sub00/vhpl07 1489408025
EN immedbox NULL C:/Users/Mike/Desktop/organwsh/Processor/Extender16to32.vhd sub00/vhpl40 1489408058
AR comparemodule behavioral C:/Users/Mike/Desktop/organwsh/Processor/compareModule.vhd sub00/vhpl33 1489408051
AR alu_control behavioral C:/Users/Mike/Desktop/organwsh/Processor/ALU_Control.vhd sub00/vhpl65 1489408083
EN flipflop NULL C:/Users/Mike/Desktop/organwsh/Processor/flipflop.vhd sub00/vhpl08 1489408026
EN control NULL C:/Users/Mike/Desktop/organwsh/Processor/CONTROL.vhd sub00/vhpl68 1489408086
AR demux behavioral C:/Users/Mike/Desktop/organwsh/Processor/demux1bit.vhd sub00/vhpl05 1489408023
AR immed_control behavioral C:/Users/Mike/Desktop/organwsh/Processor/Immed_Control.vhd sub00/vhpl67 1489408085
AR mux5bit behavioral C:/Users/Mike/Desktop/organwsh/Processor/rfer.vhd sub00/vhpl43 1489408061
EN fsm NULL C:/Users/Mike/Desktop/organwsh/Processor/FSM.vhd sub00/vhpl62 1489408080
EN mux NULL C:/Users/Mike/Desktop/organwsh/Processor/mux.vhd sub00/vhpl00 1489408018
EN comparemodule NULL C:/Users/Mike/Desktop/organwsh/Processor/compareModule.vhd sub00/vhpl32 1489408050
AR reg4bitr behavioral C:/Users/Mike/Desktop/organwsh/Processor/Reg4BitR.vhd sub00/vhpl37 1489408055
AR mux16to1_32bit behavioral C:/Users/Mike/Desktop/organwsh/Processor/mux16to1_32Bit.vhd sub00/vhpl19 1489408037
AR reg4bit behavioral C:/Users/Mike/Desktop/organwsh/Processor/Reg4Bit.vhd sub00/vhpl21 1489408039
EN mux5bit NULL C:/Users/Mike/Desktop/organwsh/Processor/rfer.vhd sub00/vhpl42 1489408060
EN decode NULL C:/Users/Mike/Desktop/organwsh/Processor/DECODE.vhd sub00/vhpl56 1489408074
EN mux32to1_32bit NULL C:/Users/Mike/Desktop/organwsh/Processor/mux32to1_32Bit.vhd sub00/vhpl30 1489408048
EN reg4bit NULL C:/Users/Mike/Desktop/organwsh/Processor/Reg4Bit.vhd sub00/vhpl20 1489408038
AR decode behavioral C:/Users/Mike/Desktop/organwsh/Processor/DECODE.vhd sub00/vhpl57 1489408075
EN reg1bit NULL C:/Users/Mike/Desktop/organwsh/Processor/Reg1Bit.vhd sub00/vhpl14 1489408032
AR fsm behavioral C:/Users/Mike/Desktop/organwsh/Processor/FSM.vhd sub00/vhpl63 1489408081
EN mux16to1_32bit NULL C:/Users/Mike/Desktop/organwsh/Processor/mux16to1_32Bit.vhd sub00/vhpl18 1489408036
EN alu NULL C:/Users/Mike/Desktop/organwsh/Processor/top.vhd sub00/vhpl38 1489408056
AR if_mem syn C:/Users/Mike/Desktop/organwsh/Processor/IF_MEM.vhd sub00/vhpl49 1489408067
EN immed_control NULL C:/Users/Mike/Desktop/organwsh/Processor/Immed_Control.vhd sub00/vhpl66 1489408084
EN reg4bitr NULL C:/Users/Mike/Desktop/organwsh/Processor/Reg4BitR.vhd sub00/vhpl36 1489408054
