V3 147
FL C:/Users/Mike/Desktop/organwsh/Processor/Adder.vhd 2017/02/19.17:10:25 O.87xd
EN work/Adder 1489408070 FL C:/Users/Mike/Desktop/organwsh/Processor/Adder.vhd \
      PB ieee/std_logic_1164 1325952872 PB ieee/STD_LOGIC_UNSIGNED 1325952875
AR work/Adder/Behavioral 1489408071 \
      FL C:/Users/Mike/Desktop/organwsh/Processor/Adder.vhd EN work/Adder 1489408070
FL C:/Users/Mike/Desktop/organwsh/Processor/ALUSTAGE.vhd 2017/02/20.19:50:01 O.87xd
EN work/ALUSTAGE 1489408076 \
      FL C:/Users/Mike/Desktop/organwsh/Processor/ALUSTAGE.vhd \
      PB ieee/std_logic_1164 1325952872
AR work/ALUSTAGE/Behavioral 1489408077 \
      FL C:/Users/Mike/Desktop/organwsh/Processor/ALUSTAGE.vhd EN work/ALUSTAGE 1489408076 \
      CP mux32Bit CP ALU
FL C:/Users/Mike/Desktop/organwsh/Processor/ALU_Control.vhd 2017/03/10.18:32:09 O.87xd
EN work/ALU_Control 1489408082 \
      FL C:/Users/Mike/Desktop/organwsh/Processor/ALU_Control.vhd \
      PB ieee/std_logic_1164 1325952872
AR work/ALU_Control/Behavioral 1489408083 \
      FL C:/Users/Mike/Desktop/organwsh/Processor/ALU_Control.vhd \
      EN work/ALU_Control 1489408082
FL C:/Users/Mike/Desktop/organwsh/Processor/compareModule.vhd 2017/02/11.22:00:35 O.87xd
EN work/compareModule 1489408050 \
      FL C:/Users/Mike/Desktop/organwsh/Processor/compareModule.vhd \
      PB ieee/std_logic_1164 1325952872
AR work/compareModule/Behavioral 1489408051 \
      FL C:/Users/Mike/Desktop/organwsh/Processor/compareModule.vhd \
      EN work/compareModule 1489408050
FL C:/Users/Mike/Desktop/organwsh/Processor/CONTROL.vhd 2017/03/13.14:24:00 O.87xd
EN work/CONTROL 1489408086 \
      FL C:/Users/Mike/Desktop/organwsh/Processor/CONTROL.vhd \
      PB ieee/std_logic_1164 1325952872
AR work/CONTROL/Behavioral 1489408087 \
      FL C:/Users/Mike/Desktop/organwsh/Processor/CONTROL.vhd EN work/CONTROL 1489408086 \
      CP FSM CP ALU_Control CP Immed_Control
FL C:/Users/Mike/Desktop/organwsh/Processor/Datapath.vhd 2017/03/13.14:21:29 O.87xd
EN work/Datapath 1489408088 \
      FL C:/Users/Mike/Desktop/organwsh/Processor/Datapath.vhd \
      PB ieee/std_logic_1164 1325952872
AR work/Datapath/Behavioral 1489408089 \
      FL C:/Users/Mike/Desktop/organwsh/Processor/Datapath.vhd EN work/Datapath 1489408088 \
      CP IFSTAGE CP Reg32BitR CP DECODE CP ALUSTAGE CP flipflop CP mux32Bit \
      CP Data_MEM
FL C:/Users/Mike/Desktop/organwsh/Processor/DECODE.vhd 2017/03/12.22:04:25 O.87xd
EN work/DECODE 1489408074 FL C:/Users/Mike/Desktop/organwsh/Processor/DECODE.vhd \
      PB ieee/std_logic_1164 1325952872
AR work/DECODE/Behavioral 1489408075 \
      FL C:/Users/Mike/Desktop/organwsh/Processor/DECODE.vhd EN work/DECODE 1489408074 \
      CP ImmedBox CP mux5Bit CP RegisterFile CP mux32Bit
FL C:/Users/Mike/Desktop/organwsh/Processor/demux1bit.vhd 2017/02/11.21:04:36 O.87xd
EN work/demux 1489408022 \
      FL C:/Users/Mike/Desktop/organwsh/Processor/demux1bit.vhd \
      PB ieee/std_logic_1164 1325952872
AR work/demux/Behavioral 1489408023 \
      FL C:/Users/Mike/Desktop/organwsh/Processor/demux1bit.vhd EN work/demux 1489408022
FL C:/Users/Mike/Desktop/organwsh/Processor/demux2to4.vhd 2017/02/11.21:17:11 O.87xd
EN work/demux2to4 1489408028 \
      FL C:/Users/Mike/Desktop/organwsh/Processor/demux2to4.vhd \
      PB ieee/std_logic_1164 1325952872
AR work/demux2to4/Behavioral 1489408029 \
      FL C:/Users/Mike/Desktop/organwsh/Processor/demux2to4.vhd EN work/demux2to4 1489408028 \
      CP demux
FL C:/Users/Mike/Desktop/organwsh/Processor/demux3to8.vhd 2017/02/11.21:29:39 O.87xd
EN work/demux3to8 1489408034 \
      FL C:/Users/Mike/Desktop/organwsh/Processor/demux3to8.vhd \
      PB ieee/std_logic_1164 1325952872
AR work/demux3to8/Behavioral 1489408035 \
      FL C:/Users/Mike/Desktop/organwsh/Processor/demux3to8.vhd EN work/demux3to8 1489408034 \
      CP demux CP demux2to4
FL C:/Users/Mike/Desktop/organwsh/Processor/demux4to16.vhd 2017/02/11.21:33:55 O.87xd
EN work/demux4to16 1489408040 \
      FL C:/Users/Mike/Desktop/organwsh/Processor/demux4to16.vhd \
      PB ieee/std_logic_1164 1325952872
AR work/demux4to16/Behavioral 1489408041 \
      FL C:/Users/Mike/Desktop/organwsh/Processor/demux4to16.vhd \
      EN work/demux4to16 1489408040 CP demux CP demux3to8
FL C:/Users/Mike/Desktop/organwsh/Processor/demux5to32.vhd 2017/02/18.18:23:17 O.87xd
EN work/Decoder5to32 1489408044 \
      FL C:/Users/Mike/Desktop/organwsh/Processor/demux5to32.vhd \
      PB ieee/std_logic_1164 1325952872
AR work/Decoder5to32/Behavioral 1489408045 \
      FL C:/Users/Mike/Desktop/organwsh/Processor/demux5to32.vhd \
      EN work/Decoder5to32 1489408044 CP demux CP demux4to16
FL C:/Users/Mike/Desktop/organwsh/Processor/Extender16to32.vhd 2017/02/19.19:34:15 O.87xd
EN work/ImmedBox 1489408058 \
      FL C:/Users/Mike/Desktop/organwsh/Processor/Extender16to32.vhd \
      PB ieee/std_logic_1164 1325952872 PB ieee/NUMERIC_STD 1325952877
AR work/ImmedBox/Structural 1489408059 \
      FL C:/Users/Mike/Desktop/organwsh/Processor/Extender16to32.vhd \
      EN work/ImmedBox 1489408058 CP mux16Bit
FL C:/Users/Mike/Desktop/organwsh/Processor/flipflop.vhd 2016/04/20.17:44:40 O.87xd
EN work/flipflop 1489408026 \
      FL C:/Users/Mike/Desktop/organwsh/Processor/flipflop.vhd \
      PB ieee/std_logic_1164 1325952872
AR work/flipflop/Behavioral 1489408027 \
      FL C:/Users/Mike/Desktop/organwsh/Processor/flipflop.vhd EN work/flipflop 1489408026
FL C:/Users/Mike/Desktop/organwsh/Processor/FSM.vhd 2017/03/13.14:26:52 O.87xd
EN work/FSM 1489408080 FL C:/Users/Mike/Desktop/organwsh/Processor/FSM.vhd \
      PB ieee/std_logic_1164 1325952872
AR work/FSM/Behavioral 1489408081 \
      FL C:/Users/Mike/Desktop/organwsh/Processor/FSM.vhd EN work/FSM 1489408080
FL C:/Users/Mike/Desktop/organwsh/Processor/IFSTAGE.vhd 2017/02/20.20:27:25 O.87xd
EN work/IFSTAGE 1489408072 \
      FL C:/Users/Mike/Desktop/organwsh/Processor/IFSTAGE.vhd \
      PB ieee/std_logic_1164 1325952872
AR work/IFSTAGE/Structral 1489408073 \
      FL C:/Users/Mike/Desktop/organwsh/Processor/IFSTAGE.vhd EN work/IFSTAGE 1489408072 \
      CP Reg32BitR CP IF_MEM CP Incrementor CP Adder CP mux32Bit
FL C:/Users/Mike/Desktop/organwsh/Processor/IF_MEM.vhd 2017/02/19.16:15:10 O.87xd
EN work/IF_MEM 1489408066 FL C:/Users/Mike/Desktop/organwsh/Processor/IF_MEM.vhd \
      PB ieee/std_logic_1164 1325952872 PB ieee/STD_LOGIC_UNSIGNED 1325952875 \
      PB std/TEXTIO 1325952871 PB ieee/STD_LOGIC_TEXTIO 1325952876
AR work/IF_MEM/syn 1489408067 \
      FL C:/Users/Mike/Desktop/organwsh/Processor/IF_MEM.vhd EN work/IF_MEM 1489408066
FL C:/Users/Mike/Desktop/organwsh/Processor/Immed_Control.vhd 2017/03/12.20:24:03 O.87xd
EN work/Immed_Control 1489408084 \
      FL C:/Users/Mike/Desktop/organwsh/Processor/Immed_Control.vhd \
      PB ieee/std_logic_1164 1325952872
AR work/Immed_Control/Behavioral 1489408085 \
      FL C:/Users/Mike/Desktop/organwsh/Processor/Immed_Control.vhd \
      EN work/Immed_Control 1489408084
FL C:/Users/Mike/Desktop/organwsh/Processor/Incrementor.vhd 2017/02/19.17:06:13 O.87xd
EN work/Incrementor 1489408068 \
      FL C:/Users/Mike/Desktop/organwsh/Processor/Incrementor.vhd \
      PB ieee/std_logic_1164 1325952872 PB ieee/STD_LOGIC_UNSIGNED 1325952875
AR work/Incrementor/Behavioral 1489408069 \
      FL C:/Users/Mike/Desktop/organwsh/Processor/Incrementor.vhd \
      EN work/Incrementor 1489408068
FL C:/Users/Mike/Desktop/organwsh/Processor/MEMSTAGE.vhd 2017/02/20.19:27:54 O.87xd
EN work/Data_MEM 1489408078 \
      FL C:/Users/Mike/Desktop/organwsh/Processor/MEMSTAGE.vhd \
      PB ieee/std_logic_1164 1325952872 PB ieee/STD_LOGIC_UNSIGNED 1325952875
AR work/Data_MEM/syn 1489408079 \
      FL C:/Users/Mike/Desktop/organwsh/Processor/MEMSTAGE.vhd EN work/Data_MEM 1489408078
FL C:/Users/Mike/Desktop/organwsh/Processor/mux.vhd 2016/04/22.16:28:07 O.87xd
EN work/mux 1489408018 FL C:/Users/Mike/Desktop/organwsh/Processor/mux.vhd \
      PB ieee/std_logic_1164 1325952872
AR work/mux/Behavioral 1489408019 \
      FL C:/Users/Mike/Desktop/organwsh/Processor/mux.vhd EN work/mux 1489408018
FL C:/Users/Mike/Desktop/organwsh/Processor/mux16bit.vhd 2017/02/19.18:35:02 O.87xd
EN work/mux16Bit 1489408052 \
      FL C:/Users/Mike/Desktop/organwsh/Processor/mux16bit.vhd \
      PB ieee/std_logic_1164 1325952872
AR work/mux16Bit/Behavioral 1489408053 \
      FL C:/Users/Mike/Desktop/organwsh/Processor/mux16bit.vhd EN work/mux16Bit 1489408052 \
      CP mux
FL C:/Users/Mike/Desktop/organwsh/Processor/mux16to1_32Bit.vhd 2017/02/11.20:29:04 O.87xd
EN work/mux16to1_32Bit 1489408036 \
      FL C:/Users/Mike/Desktop/organwsh/Processor/mux16to1_32Bit.vhd \
      PB ieee/std_logic_1164 1325952872
AR work/mux16to1_32Bit/Behavioral 1489408037 \
      FL C:/Users/Mike/Desktop/organwsh/Processor/mux16to1_32Bit.vhd \
      EN work/mux16to1_32Bit 1489408036 CP mux8to1_32Bit CP mux32Bit
FL C:/Users/Mike/Desktop/organwsh/Processor/mux32Bit.vhd 2017/02/11.19:06:19 O.87xd
EN work/mux32Bit 1489408020 \
      FL C:/Users/Mike/Desktop/organwsh/Processor/mux32Bit.vhd \
      PB ieee/std_logic_1164 1325952872
AR work/mux32Bit/Behavioral 1489408021 \
      FL C:/Users/Mike/Desktop/organwsh/Processor/mux32Bit.vhd EN work/mux32Bit 1489408020 \
      CP mux
FL C:/Users/Mike/Desktop/organwsh/Processor/mux32to1_32Bit.vhd 2017/02/11.20:55:02 O.87xd
EN work/mux32to1_32Bit 1489408048 \
      FL C:/Users/Mike/Desktop/organwsh/Processor/mux32to1_32Bit.vhd \
      PB ieee/std_logic_1164 1325952872
AR work/mux32to1_32Bit/Behavioral 1489408049 \
      FL C:/Users/Mike/Desktop/organwsh/Processor/mux32to1_32Bit.vhd \
      EN work/mux32to1_32Bit 1489408048 CP mux16to1_32Bit CP mux32Bit
FL C:/Users/Mike/Desktop/organwsh/Processor/mux4to1_32Bit.vhd 2017/02/11.19:31:29 O.87xd
EN work/mux4to1_32Bit 1489408024 \
      FL C:/Users/Mike/Desktop/organwsh/Processor/mux4to1_32Bit.vhd \
      PB ieee/std_logic_1164 1325952872
AR work/mux4to1_32Bit/Behavioral 1489408025 \
      FL C:/Users/Mike/Desktop/organwsh/Processor/mux4to1_32Bit.vhd \
      EN work/mux4to1_32Bit 1489408024 CP mux32Bit
FL C:/Users/Mike/Desktop/organwsh/Processor/mux8to1_32Bit.vhd 2017/02/11.20:02:37 O.87xd
EN work/mux8to1_32Bit 1489408030 \
      FL C:/Users/Mike/Desktop/organwsh/Processor/mux8to1_32Bit.vhd \
      PB ieee/std_logic_1164 1325952872
AR work/mux8to1_32Bit/Behavioral 1489408031 \
      FL C:/Users/Mike/Desktop/organwsh/Processor/mux8to1_32Bit.vhd \
      EN work/mux8to1_32Bit 1489408030 CP mux4to1_32Bit CP mux32Bit
FL C:/Users/Mike/Desktop/organwsh/Processor/processor.vhd 2017/03/13.14:23:07 O.87xd
EN work/processor 1489408090 \
      FL C:/Users/Mike/Desktop/organwsh/Processor/processor.vhd \
      PB ieee/std_logic_1164 1325952872
AR work/processor/Structural 1489408091 \
      FL C:/Users/Mike/Desktop/organwsh/Processor/processor.vhd EN work/processor 1489408090 \
      CP CONTROL CP Datapath
FL C:/Users/Mike/Desktop/organwsh/Processor/Reg1Bit.vhd 2017/02/11.18:20:18 O.87xd
EN work/Reg1Bit 1489408032 \
      FL C:/Users/Mike/Desktop/organwsh/Processor/Reg1Bit.vhd \
      PB ieee/std_logic_1164 1325952872
AR work/Reg1Bit/Behavioral 1489408033 \
      FL C:/Users/Mike/Desktop/organwsh/Processor/Reg1Bit.vhd EN work/Reg1Bit 1489408032 \
      CP mux CP flipflop
FL C:/Users/Mike/Desktop/organwsh/Processor/Reg1BitR.vhd 2017/02/20.20:26:59 O.87xd
EN work/Reg1BitR 1489408042 \
      FL C:/Users/Mike/Desktop/organwsh/Processor/Reg1BitR.vhd \
      PB ieee/std_logic_1164 1325952872
AR work/Reg1BitR/Behavioral 1489408043 \
      FL C:/Users/Mike/Desktop/organwsh/Processor/Reg1BitR.vhd EN work/Reg1BitR 1489408042 \
      CP mux CP flipflop
FL C:/Users/Mike/Desktop/organwsh/Processor/Reg32Bit.vhd 2017/02/12.19:22:03 O.87xd
EN work/Reg32Bit 1489408046 \
      FL C:/Users/Mike/Desktop/organwsh/Processor/Reg32Bit.vhd \
      PB ieee/std_logic_1164 1325952872
AR work/Reg32Bit/Structural 1489408047 \
      FL C:/Users/Mike/Desktop/organwsh/Processor/Reg32Bit.vhd EN work/Reg32Bit 1489408046 \
      CP Reg4Bit
FL C:/Users/Mike/Desktop/organwsh/Processor/Reg32BitR.vhd 2017/02/20.20:29:21 O.87xd
EN work/Reg32BitR 1489408064 \
      FL C:/Users/Mike/Desktop/organwsh/Processor/Reg32BitR.vhd \
      PB ieee/std_logic_1164 1325952872
AR work/Reg32BitR/Structural 1489408065 \
      FL C:/Users/Mike/Desktop/organwsh/Processor/Reg32BitR.vhd EN work/Reg32BitR 1489408064 \
      CP Reg4BitR
FL C:/Users/Mike/Desktop/organwsh/Processor/Reg4Bit.vhd 2017/02/11.18:26:37 O.87xd
EN work/Reg4Bit 1489408038 \
      FL C:/Users/Mike/Desktop/organwsh/Processor/Reg4Bit.vhd \
      PB ieee/std_logic_1164 1325952872
AR work/Reg4Bit/Behavioral 1489408039 \
      FL C:/Users/Mike/Desktop/organwsh/Processor/Reg4Bit.vhd EN work/Reg4Bit 1489408038 \
      CP Reg1Bit
FL C:/Users/Mike/Desktop/organwsh/Processor/Reg4BitR.vhd 2017/02/20.20:27:57 O.87xd
EN work/Reg4BitR 1489408054 \
      FL C:/Users/Mike/Desktop/organwsh/Processor/Reg4BitR.vhd \
      PB ieee/std_logic_1164 1325952872
AR work/Reg4BitR/Behavioral 1489408055 \
      FL C:/Users/Mike/Desktop/organwsh/Processor/Reg4BitR.vhd EN work/Reg4BitR 1489408054 \
      CP Reg1BitR
FL C:/Users/Mike/Desktop/organwsh/Processor/RegisterFile.vhd 2017/02/18.18:33:51 O.87xd
EN work/RegisterFile 1489408062 \
      FL C:/Users/Mike/Desktop/organwsh/Processor/RegisterFile.vhd \
      PB ieee/std_logic_1164 1325952872
AR work/RegisterFile/Behavioral 1489408063 \
      FL C:/Users/Mike/Desktop/organwsh/Processor/RegisterFile.vhd \
      EN work/RegisterFile 1489408062 CP Decoder5to32 CP Reg32Bit CP mux32to1_32Bit \
      CP compareModule CP mux32Bit
FL C:/Users/Mike/Desktop/organwsh/Processor/rfer.vhd 2017/02/19.17:59:59 O.87xd
EN work/mux5Bit 1489408060 FL C:/Users/Mike/Desktop/organwsh/Processor/rfer.vhd \
      PB ieee/std_logic_1164 1325952872
AR work/mux5Bit/Behavioral 1489408061 \
      FL C:/Users/Mike/Desktop/organwsh/Processor/rfer.vhd EN work/mux5Bit 1489408060 \
      CP mux
FL C:/Users/Mike/Desktop/organwsh/Processor/top.vhd 2017/03/10.21:19:12 O.87xd
EN work/ALU 1489408056 FL C:/Users/Mike/Desktop/organwsh/Processor/top.vhd \
      PB ieee/std_logic_1164 1325952872 PB ieee/STD_LOGIC_UNSIGNED 1325952875
AR work/ALU/Behavioral 1489408057 \
      FL C:/Users/Mike/Desktop/organwsh/Processor/top.vhd EN work/ALU 1489408056
