AR mux32to1_32bit behavioral C:/Users/Mike/Desktop/organwsh/lab5/Pipeline/mux32to1_32Bit.vhd sub00/vhpl31 1493750134
AR demux2to4 behavioral C:/Users/Mike/Desktop/organwsh/lab5/Pipeline/demux2to4.vhd sub00/vhpl11 1493750114
EN demux NULL C:/Users/Mike/Desktop/organwsh/lab5/Pipeline/demux1bit.vhd sub00/vhpl04 1493750107
AR immedbox structural C:/Users/Mike/Desktop/organwsh/lab5/Pipeline/Extender16to32.vhd sub00/vhpl41 1493750144
EN reg32bitr NULL C:/Users/Mike/Desktop/organwsh/lab5/Pipeline/Reg32BitR.vhd sub00/vhpl46 1493750149
EN adder NULL C:/Users/Mike/Desktop/organwsh/lab5/Pipeline/Adder.vhd sub00/vhpl52 1493750155
EN stall_unit NULL C:/Users/Mike/Desktop/organwsh/lab5/Pipeline/Stall_Unit.vhd sub00/vhpl70 1493750173
AR decoder5to32 behavioral C:/Users/Mike/Desktop/organwsh/lab5/Pipeline/demux5to32.vhd sub00/vhpl27 1493750130
AR mux8to1_32bit behavioral C:/Users/Mike/Desktop/organwsh/lab5/Pipeline/mux8to1_32Bit.vhd sub00/vhpl13 1493750116
EN mux4to1_32bit NULL C:/Users/Mike/Desktop/organwsh/lab5/Pipeline/mux4to1_32Bit.vhd sub00/vhpl06 1493750109
AR flipflop behavioral C:/Users/Mike/Desktop/organwsh/lab5/Pipeline/flipflop.vhd sub00/vhpl09 1493750112
AR pipelinedprocessor behavioral C:/Users/Mike/Desktop/organwsh/lab5/Pipeline/PipelinedProcessor.vhd sub00/vhpl73 1493750176
AR reg32bit structural C:/Users/Mike/Desktop/organwsh/lab5/Pipeline/Reg32Bit.vhd sub00/vhpl29 1493750132
EN mux32bit NULL C:/Users/Mike/Desktop/organwsh/lab5/Pipeline/mux32Bit.vhd sub00/vhpl02 1493750105
EN forwarding_unit NULL C:/Users/Mike/Desktop/organwsh/lab5/Pipeline/Forwarding_Unit.vhd sub00/vhpl68 1493750171
EN incrementor NULL C:/Users/Mike/Desktop/organwsh/lab5/Pipeline/Incrementor.vhd sub00/vhpl50 1493750153
EN alustage NULL C:/Users/Mike/Desktop/organwsh/lab5/Pipeline/ALUSTAGE.vhd sub00/vhpl60 1493750163
EN demux3to8 NULL C:/Users/Mike/Desktop/organwsh/lab5/Pipeline/demux3to8.vhd sub00/vhpl16 1493750119
EN decoder5to32 NULL C:/Users/Mike/Desktop/organwsh/lab5/Pipeline/demux5to32.vhd sub00/vhpl26 1493750129
AR mux16bit behavioral C:/Users/Mike/Desktop/organwsh/lab5/Pipeline/mux16bit.vhd sub00/vhpl35 1493750138
AR alu behavioral C:/Users/Mike/Desktop/organwsh/lab5/Pipeline/top.vhd sub00/vhpl39 1493750142
AR reg1bit behavioral C:/Users/Mike/Desktop/organwsh/lab5/Pipeline/Reg1Bit.vhd sub00/vhpl15 1493750118
EN demux4to16 NULL C:/Users/Mike/Desktop/organwsh/lab5/Pipeline/demux4to16.vhd sub00/vhpl22 1493750125
EN pipelinedprocessor NULL C:/Users/Mike/Desktop/organwsh/lab5/Pipeline/PipelinedProcessor.vhd sub00/vhpl72 1493750175
AR reg1bitr behavioral C:/Users/Mike/Desktop/organwsh/lab5/Pipeline/Reg1BitR.vhd sub00/vhpl25 1493750128
AR mux behavioral C:/Users/Mike/Desktop/organwsh/lab5/Pipeline/mux.vhd sub00/vhpl01 1493750104
AR control behavioral C:/Users/Mike/Desktop/organwsh/lab5/Pipeline/Control.vhd sub00/vhpl67 1493750170
EN mux16bit NULL C:/Users/Mike/Desktop/organwsh/lab5/Pipeline/mux16bit.vhd sub00/vhpl34 1493750137
AR datapath behavioral C:/Users/Mike/Desktop/organwsh/lab5/Pipeline/Datapath.vhd sub00/vhpl65 1493750168
EN datapath NULL C:/Users/Mike/Desktop/organwsh/lab5/Pipeline/Datapath.vhd sub00/vhpl64 1493750167
EN if_mem NULL C:/Users/Mike/Desktop/organwsh/lab5/Pipeline/IF_MEM.vhd sub00/vhpl48 1493750151
EN reg1bitr NULL C:/Users/Mike/Desktop/organwsh/lab5/Pipeline/Reg1BitR.vhd sub00/vhpl24 1493750127
AR alustage behavioral C:/Users/Mike/Desktop/organwsh/lab5/Pipeline/ALUSTAGE.vhd sub00/vhpl61 1493750164
AR data_mem syn C:/Users/Mike/Desktop/organwsh/lab5/Pipeline/MEMSTAGE.vhd sub00/vhpl63 1493750166
EN mux8to1_32bit NULL C:/Users/Mike/Desktop/organwsh/lab5/Pipeline/mux8to1_32Bit.vhd sub00/vhpl12 1493750115
AR reg32bitr structural C:/Users/Mike/Desktop/organwsh/lab5/Pipeline/Reg32BitR.vhd sub00/vhpl47 1493750150
AR forwarding_unit behavioral C:/Users/Mike/Desktop/organwsh/lab5/Pipeline/Forwarding_Unit.vhd sub00/vhpl69 1493750172
AR registerfile behavioral C:/Users/Mike/Desktop/organwsh/lab5/Pipeline/RegisterFile.vhd sub00/vhpl45 1493750148
EN registerfile NULL C:/Users/Mike/Desktop/organwsh/lab5/Pipeline/RegisterFile.vhd sub00/vhpl44 1493750147
EN data_mem NULL C:/Users/Mike/Desktop/organwsh/lab5/Pipeline/MEMSTAGE.vhd sub00/vhpl62 1493750165
AR mux32bit behavioral C:/Users/Mike/Desktop/organwsh/lab5/Pipeline/mux32Bit.vhd sub00/vhpl03 1493750106
EN reg32bit NULL C:/Users/Mike/Desktop/organwsh/lab5/Pipeline/Reg32Bit.vhd sub00/vhpl28 1493750131
EN table NULL C:/Users/Mike/Desktop/organwsh/lab5/Pipeline/Table.vhd sub00/vhpl54 1493750157
EN ifstage NULL C:/Users/Mike/Desktop/organwsh/lab5/Pipeline/IFSTAGE.vhd sub00/vhpl56 1493750159
AR table behavioral C:/Users/Mike/Desktop/organwsh/lab5/Pipeline/Table.vhd sub00/vhpl55 1493750158
AR ifstage structral C:/Users/Mike/Desktop/organwsh/lab5/Pipeline/IFSTAGE.vhd sub00/vhpl57 1493750160
EN demux2to4 NULL C:/Users/Mike/Desktop/organwsh/lab5/Pipeline/demux2to4.vhd sub00/vhpl10 1493750113
AR demux4to16 behavioral C:/Users/Mike/Desktop/organwsh/lab5/Pipeline/demux4to16.vhd sub00/vhpl23 1493750126
AR incrementor behavioral C:/Users/Mike/Desktop/organwsh/lab5/Pipeline/Incrementor.vhd sub00/vhpl51 1493750154
AR demux3to8 behavioral C:/Users/Mike/Desktop/organwsh/lab5/Pipeline/demux3to8.vhd sub00/vhpl17 1493750120
AR adder behavioral C:/Users/Mike/Desktop/organwsh/lab5/Pipeline/Adder.vhd sub00/vhpl53 1493750156
AR mux4to1_32bit behavioral C:/Users/Mike/Desktop/organwsh/lab5/Pipeline/mux4to1_32Bit.vhd sub00/vhpl07 1493750110
EN immedbox NULL C:/Users/Mike/Desktop/organwsh/lab5/Pipeline/Extender16to32.vhd sub00/vhpl40 1493750143
AR comparemodule behavioral C:/Users/Mike/Desktop/organwsh/lab5/Pipeline/compareModule.vhd sub00/vhpl33 1493750136
AR stall_unit behavioral C:/Users/Mike/Desktop/organwsh/lab5/Pipeline/Stall_Unit.vhd sub00/vhpl71 1493750174
EN flipflop NULL C:/Users/Mike/Desktop/organwsh/lab5/Pipeline/flipflop.vhd sub00/vhpl08 1493750111
EN control NULL C:/Users/Mike/Desktop/organwsh/lab5/Pipeline/Control.vhd sub00/vhpl66 1493750169
AR demux behavioral C:/Users/Mike/Desktop/organwsh/lab5/Pipeline/demux1bit.vhd sub00/vhpl05 1493750108
AR mux5bit behavioral C:/Users/Mike/Desktop/organwsh/lab5/Pipeline/mux5Bit.vhd sub00/vhpl43 1493750146
EN mux NULL C:/Users/Mike/Desktop/organwsh/lab5/Pipeline/mux.vhd sub00/vhpl00 1493750103
EN comparemodule NULL C:/Users/Mike/Desktop/organwsh/lab5/Pipeline/compareModule.vhd sub00/vhpl32 1493750135
AR reg4bitr behavioral C:/Users/Mike/Desktop/organwsh/lab5/Pipeline/Reg4BitR.vhd sub00/vhpl37 1493750140
AR mux16to1_32bit behavioral C:/Users/Mike/Desktop/organwsh/lab5/Pipeline/mux16to1_32Bit.vhd sub00/vhpl19 1493750122
AR reg4bit behavioral C:/Users/Mike/Desktop/organwsh/lab5/Pipeline/Reg4Bit.vhd sub00/vhpl21 1493750124
EN mux5bit NULL C:/Users/Mike/Desktop/organwsh/lab5/Pipeline/mux5Bit.vhd sub00/vhpl42 1493750145
EN decode NULL C:/Users/Mike/Desktop/organwsh/lab5/Pipeline/DECODE.vhd sub00/vhpl58 1493750161
EN mux32to1_32bit NULL C:/Users/Mike/Desktop/organwsh/lab5/Pipeline/mux32to1_32Bit.vhd sub00/vhpl30 1493750133
EN reg4bit NULL C:/Users/Mike/Desktop/organwsh/lab5/Pipeline/Reg4Bit.vhd sub00/vhpl20 1493750123
AR decode behavioral C:/Users/Mike/Desktop/organwsh/lab5/Pipeline/DECODE.vhd sub00/vhpl59 1493750162
EN reg1bit NULL C:/Users/Mike/Desktop/organwsh/lab5/Pipeline/Reg1Bit.vhd sub00/vhpl14 1493750117
EN mux16to1_32bit NULL C:/Users/Mike/Desktop/organwsh/lab5/Pipeline/mux16to1_32Bit.vhd sub00/vhpl18 1493750121
EN alu NULL C:/Users/Mike/Desktop/organwsh/lab5/Pipeline/top.vhd sub00/vhpl38 1493750141
AR if_mem syn C:/Users/Mike/Desktop/organwsh/lab5/Pipeline/IF_MEM.vhd sub00/vhpl49 1493750152
EN reg4bitr NULL C:/Users/Mike/Desktop/organwsh/lab5/Pipeline/Reg4BitR.vhd sub00/vhpl36 1493750139
