V3 147
FL C:/Users/Mike/Desktop/organwsh/lab5/Pipeline/Adder.vhd 2017/04/02.20:48:48 O.87xd
EN work/Adder 1493750155 \
      FL C:/Users/Mike/Desktop/organwsh/lab5/Pipeline/Adder.vhd \
      PB ieee/std_logic_1164 1325952872 PB ieee/STD_LOGIC_UNSIGNED 1325952875
AR work/Adder/Behavioral 1493750156 \
      FL C:/Users/Mike/Desktop/organwsh/lab5/Pipeline/Adder.vhd EN work/Adder 1493750155
FL C:/Users/Mike/Desktop/organwsh/lab5/Pipeline/ALUSTAGE.vhd 2017/02/20.20:50:02 O.87xd
EN work/ALUSTAGE 1493750163 \
      FL C:/Users/Mike/Desktop/organwsh/lab5/Pipeline/ALUSTAGE.vhd \
      PB ieee/std_logic_1164 1325952872
AR work/ALUSTAGE/Behavioral 1493750164 \
      FL C:/Users/Mike/Desktop/organwsh/lab5/Pipeline/ALUSTAGE.vhd \
      EN work/ALUSTAGE 1493750163 CP mux32Bit CP ALU
FL C:/Users/Mike/Desktop/organwsh/lab5/Pipeline/compareModule.vhd 2017/03/13.16:39:42 O.87xd
EN work/compareModule 1493750135 \
      FL C:/Users/Mike/Desktop/organwsh/lab5/Pipeline/compareModule.vhd \
      PB ieee/std_logic_1164 1325952872
AR work/compareModule/Behavioral 1493750136 \
      FL C:/Users/Mike/Desktop/organwsh/lab5/Pipeline/compareModule.vhd \
      EN work/compareModule 1493750135
FL C:/Users/Mike/Desktop/organwsh/lab5/Pipeline/Control.vhd 2017/04/06.19:08:57 O.87xd
EN work/Control 1493750169 \
      FL C:/Users/Mike/Desktop/organwsh/lab5/Pipeline/Control.vhd \
      PB ieee/std_logic_1164 1325952872
AR work/Control/Behavioral 1493750170 \
      FL C:/Users/Mike/Desktop/organwsh/lab5/Pipeline/Control.vhd EN work/Control 1493750169 \
      CP Table CP Reg1BitR CP mux CP Reg4BitR
FL C:/Users/Mike/Desktop/organwsh/lab5/Pipeline/Datapath.vhd 2017/05/02.17:59:01 O.87xd
EN work/Datapath 1493750167 \
      FL C:/Users/Mike/Desktop/organwsh/lab5/Pipeline/Datapath.vhd \
      PB ieee/std_logic_1164 1325952872
AR work/Datapath/Behavioral 1493750168 \
      FL C:/Users/Mike/Desktop/organwsh/lab5/Pipeline/Datapath.vhd \
      EN work/Datapath 1493750167 CP IFSTAGE CP Reg1BitR CP Reg32BitR CP mux32Bit \
      CP DECODE CP mux4to1_32Bit CP ALUSTAGE CP Data_MEM
FL C:/Users/Mike/Desktop/organwsh/lab5/Pipeline/DECODE.vhd 2017/04/03.19:07:59 O.87xd
EN work/DECODE 1493750161 \
      FL C:/Users/Mike/Desktop/organwsh/lab5/Pipeline/DECODE.vhd \
      PB ieee/std_logic_1164 1325952872
AR work/DECODE/Behavioral 1493750162 \
      FL C:/Users/Mike/Desktop/organwsh/lab5/Pipeline/DECODE.vhd EN work/DECODE 1493750161 \
      CP ImmedBox CP mux5Bit CP RegisterFile CP mux32Bit
FL C:/Users/Mike/Desktop/organwsh/lab5/Pipeline/demux1bit.vhd 2017/02/11.22:04:40 O.87xd
EN work/demux 1493750107 \
      FL C:/Users/Mike/Desktop/organwsh/lab5/Pipeline/demux1bit.vhd \
      PB ieee/std_logic_1164 1325952872
AR work/demux/Behavioral 1493750108 \
      FL C:/Users/Mike/Desktop/organwsh/lab5/Pipeline/demux1bit.vhd EN work/demux 1493750107
FL C:/Users/Mike/Desktop/organwsh/lab5/Pipeline/demux2to4.vhd 2017/02/11.22:17:12 O.87xd
EN work/demux2to4 1493750113 \
      FL C:/Users/Mike/Desktop/organwsh/lab5/Pipeline/demux2to4.vhd \
      PB ieee/std_logic_1164 1325952872
AR work/demux2to4/Behavioral 1493750114 \
      FL C:/Users/Mike/Desktop/organwsh/lab5/Pipeline/demux2to4.vhd \
      EN work/demux2to4 1493750113 CP demux
FL C:/Users/Mike/Desktop/organwsh/lab5/Pipeline/demux3to8.vhd 2017/02/11.22:29:40 O.87xd
EN work/demux3to8 1493750119 \
      FL C:/Users/Mike/Desktop/organwsh/lab5/Pipeline/demux3to8.vhd \
      PB ieee/std_logic_1164 1325952872
AR work/demux3to8/Behavioral 1493750120 \
      FL C:/Users/Mike/Desktop/organwsh/lab5/Pipeline/demux3to8.vhd \
      EN work/demux3to8 1493750119 CP demux CP demux2to4
FL C:/Users/Mike/Desktop/organwsh/lab5/Pipeline/demux4to16.vhd 2017/02/11.22:33:58 O.87xd
EN work/demux4to16 1493750125 \
      FL C:/Users/Mike/Desktop/organwsh/lab5/Pipeline/demux4to16.vhd \
      PB ieee/std_logic_1164 1325952872
AR work/demux4to16/Behavioral 1493750126 \
      FL C:/Users/Mike/Desktop/organwsh/lab5/Pipeline/demux4to16.vhd \
      EN work/demux4to16 1493750125 CP demux CP demux3to8
FL C:/Users/Mike/Desktop/organwsh/lab5/Pipeline/demux5to32.vhd 2017/02/18.19:23:20 O.87xd
EN work/Decoder5to32 1493750129 \
      FL C:/Users/Mike/Desktop/organwsh/lab5/Pipeline/demux5to32.vhd \
      PB ieee/std_logic_1164 1325952872
AR work/Decoder5to32/Behavioral 1493750130 \
      FL C:/Users/Mike/Desktop/organwsh/lab5/Pipeline/demux5to32.vhd \
      EN work/Decoder5to32 1493750129 CP demux CP demux4to16
FL C:/Users/Mike/Desktop/organwsh/lab5/Pipeline/Extender16to32.vhd 2017/03/27.19:33:44 O.87xd
EN work/ImmedBox 1493750143 \
      FL C:/Users/Mike/Desktop/organwsh/lab5/Pipeline/Extender16to32.vhd \
      PB ieee/std_logic_1164 1325952872 PB ieee/NUMERIC_STD 1325952877
AR work/ImmedBox/Structural 1493750144 \
      FL C:/Users/Mike/Desktop/organwsh/lab5/Pipeline/Extender16to32.vhd \
      EN work/ImmedBox 1493750143 CP mux16Bit CP mux32Bit
FL C:/Users/Mike/Desktop/organwsh/lab5/Pipeline/flipflop.vhd 2016/04/20.18:44:44 O.87xd
EN work/flipflop 1493750111 \
      FL C:/Users/Mike/Desktop/organwsh/lab5/Pipeline/flipflop.vhd \
      PB ieee/std_logic_1164 1325952872
AR work/flipflop/Behavioral 1493750112 \
      FL C:/Users/Mike/Desktop/organwsh/lab5/Pipeline/flipflop.vhd \
      EN work/flipflop 1493750111
FL C:/Users/Mike/Desktop/organwsh/lab5/Pipeline/Forwarding_Unit.vhd 2017/04/06.20:05:28 O.87xd
EN work/Forwarding_Unit 1493750171 \
      FL C:/Users/Mike/Desktop/organwsh/lab5/Pipeline/Forwarding_Unit.vhd \
      PB ieee/std_logic_1164 1325952872
AR work/Forwarding_Unit/Behavioral 1493750172 \
      FL C:/Users/Mike/Desktop/organwsh/lab5/Pipeline/Forwarding_Unit.vhd \
      EN work/Forwarding_Unit 1493750171
FL C:/Users/Mike/Desktop/organwsh/lab5/Pipeline/IFSTAGE.vhd 2017/04/25.20:12:25 O.87xd
EN work/IFSTAGE 1493750159 \
      FL C:/Users/Mike/Desktop/organwsh/lab5/Pipeline/IFSTAGE.vhd \
      PB ieee/std_logic_1164 1325952872
AR work/IFSTAGE/Structral 1493750160 \
      FL C:/Users/Mike/Desktop/organwsh/lab5/Pipeline/IFSTAGE.vhd EN work/IFSTAGE 1493750159 \
      CP Reg32BitR CP IF_MEM CP Incrementor CP Adder CP mux32Bit
FL C:/Users/Mike/Desktop/organwsh/lab5/Pipeline/IF_MEM.vhd 2017/05/02.21:19:47 O.87xd
EN work/IF_MEM 1493750151 \
      FL C:/Users/Mike/Desktop/organwsh/lab5/Pipeline/IF_MEM.vhd \
      PB ieee/std_logic_1164 1325952872 PB ieee/STD_LOGIC_UNSIGNED 1325952875 \
      PB std/TEXTIO 1325952871 PB ieee/STD_LOGIC_TEXTIO 1325952876
AR work/IF_MEM/syn 1493750152 \
      FL C:/Users/Mike/Desktop/organwsh/lab5/Pipeline/IF_MEM.vhd EN work/IF_MEM 1493750151
FL C:/Users/Mike/Desktop/organwsh/lab5/Pipeline/Incrementor.vhd 2017/02/19.18:06:14 O.87xd
EN work/Incrementor 1493750153 \
      FL C:/Users/Mike/Desktop/organwsh/lab5/Pipeline/Incrementor.vhd \
      PB ieee/std_logic_1164 1325952872 PB ieee/STD_LOGIC_UNSIGNED 1325952875
AR work/Incrementor/Behavioral 1493750154 \
      FL C:/Users/Mike/Desktop/organwsh/lab5/Pipeline/Incrementor.vhd \
      EN work/Incrementor 1493750153
FL C:/Users/Mike/Desktop/organwsh/lab5/Pipeline/MEMSTAGE.vhd 2017/02/20.20:27:58 O.87xd
EN work/Data_MEM 1493750165 \
      FL C:/Users/Mike/Desktop/organwsh/lab5/Pipeline/MEMSTAGE.vhd \
      PB ieee/std_logic_1164 1325952872 PB ieee/STD_LOGIC_UNSIGNED 1325952875
AR work/Data_MEM/syn 1493750166 \
      FL C:/Users/Mike/Desktop/organwsh/lab5/Pipeline/MEMSTAGE.vhd \
      EN work/Data_MEM 1493750165
FL C:/Users/Mike/Desktop/organwsh/lab5/Pipeline/mux.vhd 2016/04/22.17:28:08 O.87xd
EN work/mux 1493750103 FL C:/Users/Mike/Desktop/organwsh/lab5/Pipeline/mux.vhd \
      PB ieee/std_logic_1164 1325952872
AR work/mux/Behavioral 1493750104 \
      FL C:/Users/Mike/Desktop/organwsh/lab5/Pipeline/mux.vhd EN work/mux 1493750103
FL C:/Users/Mike/Desktop/organwsh/lab5/Pipeline/mux16bit.vhd 2017/02/19.19:35:06 O.87xd
EN work/mux16Bit 1493750137 \
      FL C:/Users/Mike/Desktop/organwsh/lab5/Pipeline/mux16bit.vhd \
      PB ieee/std_logic_1164 1325952872
AR work/mux16Bit/Behavioral 1493750138 \
      FL C:/Users/Mike/Desktop/organwsh/lab5/Pipeline/mux16bit.vhd \
      EN work/mux16Bit 1493750137 CP mux
FL C:/Users/Mike/Desktop/organwsh/lab5/Pipeline/mux16to1_32Bit.vhd 2017/02/11.21:29:06 O.87xd
EN work/mux16to1_32Bit 1493750121 \
      FL C:/Users/Mike/Desktop/organwsh/lab5/Pipeline/mux16to1_32Bit.vhd \
      PB ieee/std_logic_1164 1325952872
AR work/mux16to1_32Bit/Behavioral 1493750122 \
      FL C:/Users/Mike/Desktop/organwsh/lab5/Pipeline/mux16to1_32Bit.vhd \
      EN work/mux16to1_32Bit 1493750121 CP mux8to1_32Bit CP mux32Bit
FL C:/Users/Mike/Desktop/organwsh/lab5/Pipeline/mux32Bit.vhd 2017/02/11.20:06:22 O.87xd
EN work/mux32Bit 1493750105 \
      FL C:/Users/Mike/Desktop/organwsh/lab5/Pipeline/mux32Bit.vhd \
      PB ieee/std_logic_1164 1325952872
AR work/mux32Bit/Behavioral 1493750106 \
      FL C:/Users/Mike/Desktop/organwsh/lab5/Pipeline/mux32Bit.vhd \
      EN work/mux32Bit 1493750105 CP mux
FL C:/Users/Mike/Desktop/organwsh/lab5/Pipeline/mux32to1_32Bit.vhd 2017/02/11.21:55:04 O.87xd
EN work/mux32to1_32Bit 1493750133 \
      FL C:/Users/Mike/Desktop/organwsh/lab5/Pipeline/mux32to1_32Bit.vhd \
      PB ieee/std_logic_1164 1325952872
AR work/mux32to1_32Bit/Behavioral 1493750134 \
      FL C:/Users/Mike/Desktop/organwsh/lab5/Pipeline/mux32to1_32Bit.vhd \
      EN work/mux32to1_32Bit 1493750133 CP mux16to1_32Bit CP mux32Bit
FL C:/Users/Mike/Desktop/organwsh/lab5/Pipeline/mux4to1_32Bit.vhd 2017/02/11.20:31:30 O.87xd
EN work/mux4to1_32Bit 1493750109 \
      FL C:/Users/Mike/Desktop/organwsh/lab5/Pipeline/mux4to1_32Bit.vhd \
      PB ieee/std_logic_1164 1325952872
AR work/mux4to1_32Bit/Behavioral 1493750110 \
      FL C:/Users/Mike/Desktop/organwsh/lab5/Pipeline/mux4to1_32Bit.vhd \
      EN work/mux4to1_32Bit 1493750109 CP mux32Bit
FL C:/Users/Mike/Desktop/organwsh/lab5/Pipeline/mux5Bit.vhd 2017/02/19.19:00:00 O.87xd
EN work/mux5Bit 1493750145 \
      FL C:/Users/Mike/Desktop/organwsh/lab5/Pipeline/mux5Bit.vhd \
      PB ieee/std_logic_1164 1325952872
AR work/mux5Bit/Behavioral 1493750146 \
      FL C:/Users/Mike/Desktop/organwsh/lab5/Pipeline/mux5Bit.vhd EN work/mux5Bit 1493750145 \
      CP mux
FL C:/Users/Mike/Desktop/organwsh/lab5/Pipeline/mux8to1_32Bit.vhd 2017/02/11.21:02:38 O.87xd
EN work/mux8to1_32Bit 1493750115 \
      FL C:/Users/Mike/Desktop/organwsh/lab5/Pipeline/mux8to1_32Bit.vhd \
      PB ieee/std_logic_1164 1325952872
AR work/mux8to1_32Bit/Behavioral 1493750116 \
      FL C:/Users/Mike/Desktop/organwsh/lab5/Pipeline/mux8to1_32Bit.vhd \
      EN work/mux8to1_32Bit 1493750115 CP mux4to1_32Bit CP mux32Bit
FL C:/Users/Mike/Desktop/organwsh/lab5/Pipeline/PipelinedProcessor.vhd 2017/04/25.20:50:33 O.87xd
EN work/PipelinedProcessor 1493750175 \
      FL C:/Users/Mike/Desktop/organwsh/lab5/Pipeline/PipelinedProcessor.vhd \
      PB ieee/std_logic_1164 1325952872
AR work/PipelinedProcessor/Behavioral 1493750176 \
      FL C:/Users/Mike/Desktop/organwsh/lab5/Pipeline/PipelinedProcessor.vhd \
      EN work/PipelinedProcessor 1493750175 CP Datapath CP Control CP Reg32BitR \
      CP Forwarding_Unit CP Stall_Unit CP Reg4BitR
FL C:/Users/Mike/Desktop/organwsh/lab5/Pipeline/Reg1Bit.vhd 2017/02/11.19:20:22 O.87xd
EN work/Reg1Bit 1493750117 \
      FL C:/Users/Mike/Desktop/organwsh/lab5/Pipeline/Reg1Bit.vhd \
      PB ieee/std_logic_1164 1325952872
AR work/Reg1Bit/Behavioral 1493750118 \
      FL C:/Users/Mike/Desktop/organwsh/lab5/Pipeline/Reg1Bit.vhd EN work/Reg1Bit 1493750117 \
      CP mux CP flipflop
FL C:/Users/Mike/Desktop/organwsh/lab5/Pipeline/Reg1BitR.vhd 2017/02/20.21:27:00 O.87xd
EN work/Reg1BitR 1493750127 \
      FL C:/Users/Mike/Desktop/organwsh/lab5/Pipeline/Reg1BitR.vhd \
      PB ieee/std_logic_1164 1325952872
AR work/Reg1BitR/Behavioral 1493750128 \
      FL C:/Users/Mike/Desktop/organwsh/lab5/Pipeline/Reg1BitR.vhd \
      EN work/Reg1BitR 1493750127 CP mux CP flipflop
FL C:/Users/Mike/Desktop/organwsh/lab5/Pipeline/Reg32Bit.vhd 2017/02/12.20:22:04 O.87xd
EN work/Reg32Bit 1493750131 \
      FL C:/Users/Mike/Desktop/organwsh/lab5/Pipeline/Reg32Bit.vhd \
      PB ieee/std_logic_1164 1325952872
AR work/Reg32Bit/Structural 1493750132 \
      FL C:/Users/Mike/Desktop/organwsh/lab5/Pipeline/Reg32Bit.vhd \
      EN work/Reg32Bit 1493750131 CP Reg4Bit
FL C:/Users/Mike/Desktop/organwsh/lab5/Pipeline/Reg32BitR.vhd 2017/02/20.21:29:24 O.87xd
EN work/Reg32BitR 1493750149 \
      FL C:/Users/Mike/Desktop/organwsh/lab5/Pipeline/Reg32BitR.vhd \
      PB ieee/std_logic_1164 1325952872
AR work/Reg32BitR/Structural 1493750150 \
      FL C:/Users/Mike/Desktop/organwsh/lab5/Pipeline/Reg32BitR.vhd \
      EN work/Reg32BitR 1493750149 CP Reg4BitR
FL C:/Users/Mike/Desktop/organwsh/lab5/Pipeline/Reg4Bit.vhd 2017/02/11.19:26:40 O.87xd
EN work/Reg4Bit 1493750123 \
      FL C:/Users/Mike/Desktop/organwsh/lab5/Pipeline/Reg4Bit.vhd \
      PB ieee/std_logic_1164 1325952872
AR work/Reg4Bit/Behavioral 1493750124 \
      FL C:/Users/Mike/Desktop/organwsh/lab5/Pipeline/Reg4Bit.vhd EN work/Reg4Bit 1493750123 \
      CP Reg1Bit
FL C:/Users/Mike/Desktop/organwsh/lab5/Pipeline/Reg4BitR.vhd 2017/02/20.21:27:58 O.87xd
EN work/Reg4BitR 1493750139 \
      FL C:/Users/Mike/Desktop/organwsh/lab5/Pipeline/Reg4BitR.vhd \
      PB ieee/std_logic_1164 1325952872
AR work/Reg4BitR/Behavioral 1493750140 \
      FL C:/Users/Mike/Desktop/organwsh/lab5/Pipeline/Reg4BitR.vhd \
      EN work/Reg4BitR 1493750139 CP Reg1BitR
FL C:/Users/Mike/Desktop/organwsh/lab5/Pipeline/RegisterFile.vhd 2017/03/13.16:38:28 O.87xd
EN work/RegisterFile 1493750147 \
      FL C:/Users/Mike/Desktop/organwsh/lab5/Pipeline/RegisterFile.vhd \
      PB ieee/std_logic_1164 1325952872
AR work/RegisterFile/Behavioral 1493750148 \
      FL C:/Users/Mike/Desktop/organwsh/lab5/Pipeline/RegisterFile.vhd \
      EN work/RegisterFile 1493750147 CP Decoder5to32 CP Reg32Bit CP mux32to1_32Bit \
      CP compareModule CP mux32Bit
FL C:/Users/Mike/Desktop/organwsh/lab5/Pipeline/Stall_Unit.vhd 2017/04/06.20:16:38 O.87xd
EN work/Stall_Unit 1493750173 \
      FL C:/Users/Mike/Desktop/organwsh/lab5/Pipeline/Stall_Unit.vhd \
      PB ieee/std_logic_1164 1325952872
AR work/Stall_Unit/Behavioral 1493750174 \
      FL C:/Users/Mike/Desktop/organwsh/lab5/Pipeline/Stall_Unit.vhd \
      EN work/Stall_Unit 1493750173
FL C:/Users/Mike/Desktop/organwsh/lab5/Pipeline/Table.vhd 2017/04/25.19:03:58 O.87xd
EN work/Table 1493750157 \
      FL C:/Users/Mike/Desktop/organwsh/lab5/Pipeline/Table.vhd \
      PB ieee/std_logic_1164 1325952872
AR work/Table/Behavioral 1493750158 \
      FL C:/Users/Mike/Desktop/organwsh/lab5/Pipeline/Table.vhd EN work/Table 1493750157
FL C:/Users/Mike/Desktop/organwsh/lab5/Pipeline/top.vhd 2017/04/02.20:50:33 O.87xd
EN work/ALU 1493750141 FL C:/Users/Mike/Desktop/organwsh/lab5/Pipeline/top.vhd \
      PB ieee/std_logic_1164 1325952872 PB ieee/STD_LOGIC_UNSIGNED 1325952875
AR work/ALU/Behavioral 1493750142 \
      FL C:/Users/Mike/Desktop/organwsh/lab5/Pipeline/top.vhd EN work/ALU 1493750141
