AR mux32to1_32bit behavioral C:/Users/Mike/Desktop/organwsh/test/mux32to1_32Bit.vhd sub00/vhpl31 1490643975
AR demux2to4 behavioral C:/Users/Mike/Desktop/organwsh/test/demux2to4.vhd sub00/vhpl11 1490643955
EN demux NULL C:/Users/Mike/Desktop/organwsh/test/demux1bit.vhd sub00/vhpl04 1490643948
AR immedbox structural C:/Users/Mike/Desktop/organwsh/test/Extender16to32.vhd sub00/vhpl41 1490643985
EN reg32bitr NULL C:/Users/Mike/Desktop/organwsh/test/Reg32BitR.vhd sub00/vhpl46 1490643990
EN adder NULL C:/Users/Mike/Desktop/organwsh/test/Adder.vhd sub00/vhpl52 1490643996
AR decoder5to32 behavioral C:/Users/Mike/Desktop/organwsh/test/demux5to32.vhd sub00/vhpl27 1490643971
AR mux8to1_32bit behavioral C:/Users/Mike/Desktop/organwsh/test/mux8to1_32Bit.vhd sub00/vhpl13 1490643957
EN mux4to1_32bit NULL C:/Users/Mike/Desktop/organwsh/test/mux4to1_32Bit.vhd sub00/vhpl06 1490643950
AR flipflop behavioral C:/Users/Mike/Desktop/organwsh/test/flipflop.vhd sub00/vhpl09 1490643953
AR reg32bit structural C:/Users/Mike/Desktop/organwsh/test/Reg32Bit.vhd sub00/vhpl29 1490643973
EN mux32bit NULL C:/Users/Mike/Desktop/organwsh/test/mux32Bit.vhd sub00/vhpl02 1490643946
EN incrementor NULL C:/Users/Mike/Desktop/organwsh/test/Incrementor.vhd sub00/vhpl50 1490643994
EN alustage NULL C:/Users/Mike/Desktop/organwsh/test/ALUSTAGE.vhd sub00/vhpl58 1490644002
EN memoutcontolunit NULL C:/Users/Mike/Desktop/organwsh/test/sizeContolUnit.vhd sub00/vhpl72 1490644016
EN demux3to8 NULL C:/Users/Mike/Desktop/organwsh/test/demux3to8.vhd sub00/vhpl16 1490643960
EN decoder5to32 NULL C:/Users/Mike/Desktop/organwsh/test/demux5to32.vhd sub00/vhpl26 1490643970
AR mux16bit behavioral C:/Users/Mike/Desktop/organwsh/test/mux16bit.vhd sub00/vhpl35 1490643979
AR alu behavioral C:/Users/Mike/Desktop/organwsh/test/top.vhd sub00/vhpl39 1490643983
AR reg1bit behavioral C:/Users/Mike/Desktop/organwsh/test/Reg1Bit.vhd sub00/vhpl15 1490643959
EN demux4to16 NULL C:/Users/Mike/Desktop/organwsh/test/demux4to16.vhd sub00/vhpl22 1490643966
AR reg1bitr behavioral C:/Users/Mike/Desktop/organwsh/test/Reg1BitR.vhd sub00/vhpl25 1490643969
AR mux behavioral C:/Users/Mike/Desktop/organwsh/test/mux.vhd sub00/vhpl01 1490643945
EN mux16bit NULL C:/Users/Mike/Desktop/organwsh/test/mux16bit.vhd sub00/vhpl34 1490643978
AR control behavioral C:/Users/Mike/Desktop/organwsh/test/CONTROL.vhd sub00/vhpl77 1490644021
AR datapath behavioral C:/Users/Mike/Desktop/organwsh/test/Datapath.vhd sub00/vhpl79 1490644023
EN alu_control NULL C:/Users/Mike/Desktop/organwsh/test/ALU_Control.vhd sub00/vhpl68 1490644012
EN datapath NULL C:/Users/Mike/Desktop/organwsh/test/Datapath.vhd sub00/vhpl78 1490644022
EN if_mem NULL C:/Users/Mike/Desktop/organwsh/test/IF_MEM.vhd sub00/vhpl48 1490643992
EN reg1bitr NULL C:/Users/Mike/Desktop/organwsh/test/Reg1BitR.vhd sub00/vhpl24 1490643968
AR alustage behavioral C:/Users/Mike/Desktop/organwsh/test/ALUSTAGE.vhd sub00/vhpl59 1490644003
AR data_mem syn C:/Users/Mike/Desktop/organwsh/test/MEMSTAGE.vhd sub00/vhpl63 1490644007
EN beqrm_muxctr NULL C:/Users/Mike/Desktop/organwsh/test/beqRM_MuxCtr.vhd sub00/vhpl74 1490644018
AR processor structural C:/Users/Mike/Desktop/organwsh/test/processor.vhd sub00/vhpl81 1490644025
EN mux8to1_32bit NULL C:/Users/Mike/Desktop/organwsh/test/mux8to1_32Bit.vhd sub00/vhpl12 1490643956
AR reg32bitr structural C:/Users/Mike/Desktop/organwsh/test/Reg32BitR.vhd sub00/vhpl47 1490643991
AR registerfile behavioral C:/Users/Mike/Desktop/organwsh/test/RegisterFile.vhd sub00/vhpl45 1490643989
EN registerfile NULL C:/Users/Mike/Desktop/organwsh/test/RegisterFile.vhd sub00/vhpl44 1490643988
EN data_mem NULL C:/Users/Mike/Desktop/organwsh/test/MEMSTAGE.vhd sub00/vhpl62 1490644006
AR mux32bit behavioral C:/Users/Mike/Desktop/organwsh/test/mux32Bit.vhd sub00/vhpl03 1490643947
EN reg8bit NULL C:/Users/Mike/Desktop/organwsh/test/Reg8Bit.vhd sub00/vhpl60 1490644004
EN reg32bit NULL C:/Users/Mike/Desktop/organwsh/test/Reg32Bit.vhd sub00/vhpl28 1490643972
EN cmov_controlunit NULL C:/Users/Mike/Desktop/organwsh/test/Cmov_ControlUnit.vhd sub00/vhpl64 1490644008
EN ifstage NULL C:/Users/Mike/Desktop/organwsh/test/IFSTAGE.vhd sub00/vhpl54 1490643998
AR ifstage structral C:/Users/Mike/Desktop/organwsh/test/IFSTAGE.vhd sub00/vhpl55 1490643999
EN demux2to4 NULL C:/Users/Mike/Desktop/organwsh/test/demux2to4.vhd sub00/vhpl10 1490643954
AR demux4to16 behavioral C:/Users/Mike/Desktop/organwsh/test/demux4to16.vhd sub00/vhpl23 1490643967
AR incrementor behavioral C:/Users/Mike/Desktop/organwsh/test/Incrementor.vhd sub00/vhpl51 1490643995
AR demux3to8 behavioral C:/Users/Mike/Desktop/organwsh/test/demux3to8.vhd sub00/vhpl17 1490643961
EN processor NULL C:/Users/Mike/Desktop/organwsh/test/processor.vhd sub00/vhpl80 1490644024
AR adder behavioral C:/Users/Mike/Desktop/organwsh/test/Adder.vhd sub00/vhpl53 1490643997
AR mux4to1_32bit behavioral C:/Users/Mike/Desktop/organwsh/test/mux4to1_32Bit.vhd sub00/vhpl07 1490643951
AR memoutcontolunit behavioral C:/Users/Mike/Desktop/organwsh/test/sizeContolUnit.vhd sub00/vhpl73 1490644017
AR reg8bit behavioral C:/Users/Mike/Desktop/organwsh/test/Reg8Bit.vhd sub00/vhpl61 1490644005
EN immedbox NULL C:/Users/Mike/Desktop/organwsh/test/Extender16to32.vhd sub00/vhpl40 1490643984
AR comparemodule behavioral C:/Users/Mike/Desktop/organwsh/test/compareModule.vhd sub00/vhpl33 1490643977
AR alu_control behavioral C:/Users/Mike/Desktop/organwsh/test/ALU_Control.vhd sub00/vhpl69 1490644013
EN flipflop NULL C:/Users/Mike/Desktop/organwsh/test/flipflop.vhd sub00/vhpl08 1490643952
EN control NULL C:/Users/Mike/Desktop/organwsh/test/CONTROL.vhd sub00/vhpl76 1490644020
AR demux behavioral C:/Users/Mike/Desktop/organwsh/test/demux1bit.vhd sub00/vhpl05 1490643949
AR immed_control behavioral C:/Users/Mike/Desktop/organwsh/test/Immed_Control.vhd sub00/vhpl71 1490644015
AR mux5bit behavioral C:/Users/Mike/Desktop/organwsh/test/rfer.vhd sub00/vhpl43 1490643987
EN fsm NULL C:/Users/Mike/Desktop/organwsh/test/FSM.vhd sub00/vhpl66 1490644010
EN mux NULL C:/Users/Mike/Desktop/organwsh/test/mux.vhd sub00/vhpl00 1490643944
EN comparemodule NULL C:/Users/Mike/Desktop/organwsh/test/compareModule.vhd sub00/vhpl32 1490643976
AR reg4bitr behavioral C:/Users/Mike/Desktop/organwsh/test/Reg4BitR.vhd sub00/vhpl37 1490643981
AR mux16to1_32bit behavioral C:/Users/Mike/Desktop/organwsh/test/mux16to1_32Bit.vhd sub00/vhpl19 1490643963
AR reg4bit behavioral C:/Users/Mike/Desktop/organwsh/test/Reg4Bit.vhd sub00/vhpl21 1490643965
EN mux5bit NULL C:/Users/Mike/Desktop/organwsh/test/rfer.vhd sub00/vhpl42 1490643986
EN decode NULL C:/Users/Mike/Desktop/organwsh/test/DECODE.vhd sub00/vhpl56 1490644000
EN mux32to1_32bit NULL C:/Users/Mike/Desktop/organwsh/test/mux32to1_32Bit.vhd sub00/vhpl30 1490643974
AR cmov_controlunit behavioral C:/Users/Mike/Desktop/organwsh/test/Cmov_ControlUnit.vhd sub00/vhpl65 1490644009
AR beqrm_muxctr behavioral C:/Users/Mike/Desktop/organwsh/test/beqRM_MuxCtr.vhd sub00/vhpl75 1490644019
EN reg4bit NULL C:/Users/Mike/Desktop/organwsh/test/Reg4Bit.vhd sub00/vhpl20 1490643964
AR decode behavioral C:/Users/Mike/Desktop/organwsh/test/DECODE.vhd sub00/vhpl57 1490644001
EN reg1bit NULL C:/Users/Mike/Desktop/organwsh/test/Reg1Bit.vhd sub00/vhpl14 1490643958
AR fsm behavioral C:/Users/Mike/Desktop/organwsh/test/FSM.vhd sub00/vhpl67 1490644011
EN mux16to1_32bit NULL C:/Users/Mike/Desktop/organwsh/test/mux16to1_32Bit.vhd sub00/vhpl18 1490643962
EN alu NULL C:/Users/Mike/Desktop/organwsh/test/top.vhd sub00/vhpl38 1490643982
AR if_mem syn C:/Users/Mike/Desktop/organwsh/test/IF_MEM.vhd sub00/vhpl49 1490643993
EN immed_control NULL C:/Users/Mike/Desktop/organwsh/test/Immed_Control.vhd sub00/vhpl70 1490644014
EN reg4bitr NULL C:/Users/Mike/Desktop/organwsh/test/Reg4BitR.vhd sub00/vhpl36 1490643980
