V3 163
FL C:/Users/Mike/Desktop/organwsh/test/Adder.vhd 2017/03/27.20:05:56 O.87xd
EN work/Adder 1490643996 FL C:/Users/Mike/Desktop/organwsh/test/Adder.vhd \
      PB ieee/std_logic_1164 1325952872 PB ieee/STD_LOGIC_UNSIGNED 1325952875
AR work/Adder/Behavioral 1490643997 \
      FL C:/Users/Mike/Desktop/organwsh/test/Adder.vhd EN work/Adder 1490643996
FL C:/Users/Mike/Desktop/organwsh/test/ALUSTAGE.vhd 2017/02/20.20:50:02 O.87xd
EN work/ALUSTAGE 1490644002 FL C:/Users/Mike/Desktop/organwsh/test/ALUSTAGE.vhd \
      PB ieee/std_logic_1164 1325952872
AR work/ALUSTAGE/Behavioral 1490644003 \
      FL C:/Users/Mike/Desktop/organwsh/test/ALUSTAGE.vhd EN work/ALUSTAGE 1490644002 \
      CP mux32Bit CP ALU
FL C:/Users/Mike/Desktop/organwsh/test/ALU_Control.vhd 2017/03/25.18:35:22 O.87xd
EN work/ALU_Control 1490644012 \
      FL C:/Users/Mike/Desktop/organwsh/test/ALU_Control.vhd \
      PB ieee/std_logic_1164 1325952872
AR work/ALU_Control/Behavioral 1490644013 \
      FL C:/Users/Mike/Desktop/organwsh/test/ALU_Control.vhd EN work/ALU_Control 1490644012
FL C:/Users/Mike/Desktop/organwsh/test/beqRM_MuxCtr.vhd 2017/03/25.21:19:43 O.87xd
EN work/beqRM_MuxCtr 1490644018 \
      FL C:/Users/Mike/Desktop/organwsh/test/beqRM_MuxCtr.vhd \
      PB ieee/std_logic_1164 1325952872
AR work/beqRM_MuxCtr/Behavioral 1490644019 \
      FL C:/Users/Mike/Desktop/organwsh/test/beqRM_MuxCtr.vhd \
      EN work/beqRM_MuxCtr 1490644018
FL C:/Users/Mike/Desktop/organwsh/test/Cmov_ControlUnit.vhd 2017/03/22.22:50:04 O.87xd
EN work/Cmov_ControlUnit 1490644008 \
      FL C:/Users/Mike/Desktop/organwsh/test/Cmov_ControlUnit.vhd \
      PB ieee/std_logic_1164 1325952872
AR work/Cmov_ControlUnit/Behavioral 1490644009 \
      FL C:/Users/Mike/Desktop/organwsh/test/Cmov_ControlUnit.vhd \
      EN work/Cmov_ControlUnit 1490644008
FL C:/Users/Mike/Desktop/organwsh/test/compareModule.vhd 2017/03/13.16:39:42 O.87xd
EN work/compareModule 1490643976 \
      FL C:/Users/Mike/Desktop/organwsh/test/compareModule.vhd \
      PB ieee/std_logic_1164 1325952872
AR work/compareModule/Behavioral 1490643977 \
      FL C:/Users/Mike/Desktop/organwsh/test/compareModule.vhd \
      EN work/compareModule 1490643976
FL C:/Users/Mike/Desktop/organwsh/test/CONTROL.vhd 2017/03/26.17:28:43 O.87xd
EN work/CONTROL 1490644020 FL C:/Users/Mike/Desktop/organwsh/test/CONTROL.vhd \
      PB ieee/std_logic_1164 1325952872
AR work/CONTROL/Behavioral 1490644021 \
      FL C:/Users/Mike/Desktop/organwsh/test/CONTROL.vhd EN work/CONTROL 1490644020 \
      CP Cmov_ControlUnit CP FSM CP ALU_Control CP Immed_Control CP MemOutContolUnit \
      CP beqRM_MuxCtr
FL C:/Users/Mike/Desktop/organwsh/test/Datapath.vhd 2017/03/27.22:13:54 O.87xd
EN work/Datapath 1490644022 FL C:/Users/Mike/Desktop/organwsh/test/Datapath.vhd \
      PB ieee/std_logic_1164 1325952872
AR work/Datapath/Behavioral 1490644023 \
      FL C:/Users/Mike/Desktop/organwsh/test/Datapath.vhd EN work/Datapath 1490644022 \
      CP mux32Bit CP IFSTAGE CP Reg32BitR CP DECODE CP mux8to1_32Bit CP ALUSTAGE \
      CP Reg8Bit CP mux4to1_32Bit CP Incrementor CP Data_MEM
FL C:/Users/Mike/Desktop/organwsh/test/DECODE.vhd 2017/03/12.23:04:26 O.87xd
EN work/DECODE 1490644000 FL C:/Users/Mike/Desktop/organwsh/test/DECODE.vhd \
      PB ieee/std_logic_1164 1325952872
AR work/DECODE/Behavioral 1490644001 \
      FL C:/Users/Mike/Desktop/organwsh/test/DECODE.vhd EN work/DECODE 1490644000 \
      CP ImmedBox CP mux5Bit CP RegisterFile CP mux32Bit
FL C:/Users/Mike/Desktop/organwsh/test/demux1bit.vhd 2017/02/11.22:04:38 O.87xd
EN work/demux 1490643948 FL C:/Users/Mike/Desktop/organwsh/test/demux1bit.vhd \
      PB ieee/std_logic_1164 1325952872
AR work/demux/Behavioral 1490643949 \
      FL C:/Users/Mike/Desktop/organwsh/test/demux1bit.vhd EN work/demux 1490643948
FL C:/Users/Mike/Desktop/organwsh/test/demux2to4.vhd 2017/02/11.22:17:12 O.87xd
EN work/demux2to4 1490643954 FL C:/Users/Mike/Desktop/organwsh/test/demux2to4.vhd \
      PB ieee/std_logic_1164 1325952872
AR work/demux2to4/Behavioral 1490643955 \
      FL C:/Users/Mike/Desktop/organwsh/test/demux2to4.vhd EN work/demux2to4 1490643954 \
      CP demux
FL C:/Users/Mike/Desktop/organwsh/test/demux3to8.vhd 2017/02/11.22:29:40 O.87xd
EN work/demux3to8 1490643960 FL C:/Users/Mike/Desktop/organwsh/test/demux3to8.vhd \
      PB ieee/std_logic_1164 1325952872
AR work/demux3to8/Behavioral 1490643961 \
      FL C:/Users/Mike/Desktop/organwsh/test/demux3to8.vhd EN work/demux3to8 1490643960 \
      CP demux CP demux2to4
FL C:/Users/Mike/Desktop/organwsh/test/demux4to16.vhd 2017/02/11.22:33:56 O.87xd
EN work/demux4to16 1490643966 \
      FL C:/Users/Mike/Desktop/organwsh/test/demux4to16.vhd \
      PB ieee/std_logic_1164 1325952872
AR work/demux4to16/Behavioral 1490643967 \
      FL C:/Users/Mike/Desktop/organwsh/test/demux4to16.vhd EN work/demux4to16 1490643966 \
      CP demux CP demux3to8
FL C:/Users/Mike/Desktop/organwsh/test/demux5to32.vhd 2017/02/18.19:23:18 O.87xd
EN work/Decoder5to32 1490643970 \
      FL C:/Users/Mike/Desktop/organwsh/test/demux5to32.vhd \
      PB ieee/std_logic_1164 1325952872
AR work/Decoder5to32/Behavioral 1490643971 \
      FL C:/Users/Mike/Desktop/organwsh/test/demux5to32.vhd EN work/Decoder5to32 1490643970 \
      CP demux CP demux4to16
FL C:/Users/Mike/Desktop/organwsh/test/Extender16to32.vhd 2017/03/27.19:33:42 O.87xd
EN work/ImmedBox 1490643984 \
      FL C:/Users/Mike/Desktop/organwsh/test/Extender16to32.vhd \
      PB ieee/std_logic_1164 1325952872 PB ieee/NUMERIC_STD 1325952877
AR work/ImmedBox/Structural 1490643985 \
      FL C:/Users/Mike/Desktop/organwsh/test/Extender16to32.vhd EN work/ImmedBox 1490643984 \
      CP mux16Bit CP mux32Bit
FL C:/Users/Mike/Desktop/organwsh/test/flipflop.vhd 2016/04/20.18:44:42 O.87xd
EN work/flipflop 1490643952 FL C:/Users/Mike/Desktop/organwsh/test/flipflop.vhd \
      PB ieee/std_logic_1164 1325952872
AR work/flipflop/Behavioral 1490643953 \
      FL C:/Users/Mike/Desktop/organwsh/test/flipflop.vhd EN work/flipflop 1490643952
FL C:/Users/Mike/Desktop/organwsh/test/FSM.vhd 2017/03/27.22:45:34 O.87xd
EN work/FSM 1490644010 FL C:/Users/Mike/Desktop/organwsh/test/FSM.vhd \
      PB ieee/std_logic_1164 1325952872
AR work/FSM/Behavioral 1490644011 \
      FL C:/Users/Mike/Desktop/organwsh/test/FSM.vhd EN work/FSM 1490644010
FL C:/Users/Mike/Desktop/organwsh/test/IFSTAGE.vhd 2017/02/20.21:27:26 O.87xd
EN work/IFSTAGE 1490643998 FL C:/Users/Mike/Desktop/organwsh/test/IFSTAGE.vhd \
      PB ieee/std_logic_1164 1325952872
AR work/IFSTAGE/Structral 1490643999 \
      FL C:/Users/Mike/Desktop/organwsh/test/IFSTAGE.vhd EN work/IFSTAGE 1490643998 \
      CP Reg32BitR CP IF_MEM CP Incrementor CP Adder CP mux32Bit
FL C:/Users/Mike/Desktop/organwsh/test/IF_MEM.vhd 2017/03/26.18:23:01 O.87xd
EN work/IF_MEM 1490643992 FL C:/Users/Mike/Desktop/organwsh/test/IF_MEM.vhd \
      PB ieee/std_logic_1164 1325952872 PB ieee/STD_LOGIC_UNSIGNED 1325952875 \
      PB std/TEXTIO 1325952871 PB ieee/STD_LOGIC_TEXTIO 1325952876
AR work/IF_MEM/syn 1490643993 \
      FL C:/Users/Mike/Desktop/organwsh/test/IF_MEM.vhd EN work/IF_MEM 1490643992
FL C:/Users/Mike/Desktop/organwsh/test/Immed_Control.vhd 2017/03/27.20:31:56 O.87xd
EN work/Immed_Control 1490644014 \
      FL C:/Users/Mike/Desktop/organwsh/test/Immed_Control.vhd \
      PB ieee/std_logic_1164 1325952872
AR work/Immed_Control/Behavioral 1490644015 \
      FL C:/Users/Mike/Desktop/organwsh/test/Immed_Control.vhd \
      EN work/Immed_Control 1490644014
FL C:/Users/Mike/Desktop/organwsh/test/Incrementor.vhd 2017/02/19.18:06:14 O.87xd
EN work/Incrementor 1490643994 \
      FL C:/Users/Mike/Desktop/organwsh/test/Incrementor.vhd \
      PB ieee/std_logic_1164 1325952872 PB ieee/STD_LOGIC_UNSIGNED 1325952875
AR work/Incrementor/Behavioral 1490643995 \
      FL C:/Users/Mike/Desktop/organwsh/test/Incrementor.vhd EN work/Incrementor 1490643994
FL C:/Users/Mike/Desktop/organwsh/test/MEMSTAGE.vhd 2017/02/20.20:27:56 O.87xd
EN work/Data_MEM 1490644006 FL C:/Users/Mike/Desktop/organwsh/test/MEMSTAGE.vhd \
      PB ieee/std_logic_1164 1325952872 PB ieee/STD_LOGIC_UNSIGNED 1325952875
AR work/Data_MEM/syn 1490644007 \
      FL C:/Users/Mike/Desktop/organwsh/test/MEMSTAGE.vhd EN work/Data_MEM 1490644006
FL C:/Users/Mike/Desktop/organwsh/test/mux.vhd 2016/04/22.17:28:08 O.87xd
EN work/mux 1490643944 FL C:/Users/Mike/Desktop/organwsh/test/mux.vhd \
      PB ieee/std_logic_1164 1325952872
AR work/mux/Behavioral 1490643945 \
      FL C:/Users/Mike/Desktop/organwsh/test/mux.vhd EN work/mux 1490643944
FL C:/Users/Mike/Desktop/organwsh/test/mux16bit.vhd 2017/02/19.19:35:04 O.87xd
EN work/mux16Bit 1490643978 FL C:/Users/Mike/Desktop/organwsh/test/mux16bit.vhd \
      PB ieee/std_logic_1164 1325952872
AR work/mux16Bit/Behavioral 1490643979 \
      FL C:/Users/Mike/Desktop/organwsh/test/mux16bit.vhd EN work/mux16Bit 1490643978 \
      CP mux
FL C:/Users/Mike/Desktop/organwsh/test/mux16to1_32Bit.vhd 2017/02/11.21:29:06 O.87xd
EN work/mux16to1_32Bit 1490643962 \
      FL C:/Users/Mike/Desktop/organwsh/test/mux16to1_32Bit.vhd \
      PB ieee/std_logic_1164 1325952872
AR work/mux16to1_32Bit/Behavioral 1490643963 \
      FL C:/Users/Mike/Desktop/organwsh/test/mux16to1_32Bit.vhd \
      EN work/mux16to1_32Bit 1490643962 CP mux8to1_32Bit CP mux32Bit
FL C:/Users/Mike/Desktop/organwsh/test/mux32Bit.vhd 2017/02/11.20:06:20 O.87xd
EN work/mux32Bit 1490643946 FL C:/Users/Mike/Desktop/organwsh/test/mux32Bit.vhd \
      PB ieee/std_logic_1164 1325952872
AR work/mux32Bit/Behavioral 1490643947 \
      FL C:/Users/Mike/Desktop/organwsh/test/mux32Bit.vhd EN work/mux32Bit 1490643946 \
      CP mux
FL C:/Users/Mike/Desktop/organwsh/test/mux32to1_32Bit.vhd 2017/02/11.21:55:04 O.87xd
EN work/mux32to1_32Bit 1490643974 \
      FL C:/Users/Mike/Desktop/organwsh/test/mux32to1_32Bit.vhd \
      PB ieee/std_logic_1164 1325952872
AR work/mux32to1_32Bit/Behavioral 1490643975 \
      FL C:/Users/Mike/Desktop/organwsh/test/mux32to1_32Bit.vhd \
      EN work/mux32to1_32Bit 1490643974 CP mux16to1_32Bit CP mux32Bit
FL C:/Users/Mike/Desktop/organwsh/test/mux4to1_32Bit.vhd 2017/02/11.20:31:30 O.87xd
EN work/mux4to1_32Bit 1490643950 \
      FL C:/Users/Mike/Desktop/organwsh/test/mux4to1_32Bit.vhd \
      PB ieee/std_logic_1164 1325952872
AR work/mux4to1_32Bit/Behavioral 1490643951 \
      FL C:/Users/Mike/Desktop/organwsh/test/mux4to1_32Bit.vhd \
      EN work/mux4to1_32Bit 1490643950 CP mux32Bit
FL C:/Users/Mike/Desktop/organwsh/test/mux8to1_32Bit.vhd 2017/02/11.21:02:38 O.87xd
EN work/mux8to1_32Bit 1490643956 \
      FL C:/Users/Mike/Desktop/organwsh/test/mux8to1_32Bit.vhd \
      PB ieee/std_logic_1164 1325952872
AR work/mux8to1_32Bit/Behavioral 1490643957 \
      FL C:/Users/Mike/Desktop/organwsh/test/mux8to1_32Bit.vhd \
      EN work/mux8to1_32Bit 1490643956 CP mux4to1_32Bit CP mux32Bit
FL C:/Users/Mike/Desktop/organwsh/test/processor.vhd 2017/03/26.17:29:33 O.87xd
EN work/processor 1490644024 FL C:/Users/Mike/Desktop/organwsh/test/processor.vhd \
      PB ieee/std_logic_1164 1325952872
AR work/processor/Structural 1490644025 \
      FL C:/Users/Mike/Desktop/organwsh/test/processor.vhd EN work/processor 1490644024 \
      CP CONTROL CP Datapath
FL C:/Users/Mike/Desktop/organwsh/test/Reg1Bit.vhd 2017/02/11.19:20:20 O.87xd
EN work/Reg1Bit 1490643958 FL C:/Users/Mike/Desktop/organwsh/test/Reg1Bit.vhd \
      PB ieee/std_logic_1164 1325952872
AR work/Reg1Bit/Behavioral 1490643959 \
      FL C:/Users/Mike/Desktop/organwsh/test/Reg1Bit.vhd EN work/Reg1Bit 1490643958 \
      CP mux CP flipflop
FL C:/Users/Mike/Desktop/organwsh/test/Reg1BitR.vhd 2017/02/20.21:27:00 O.87xd
EN work/Reg1BitR 1490643968 FL C:/Users/Mike/Desktop/organwsh/test/Reg1BitR.vhd \
      PB ieee/std_logic_1164 1325952872
AR work/Reg1BitR/Behavioral 1490643969 \
      FL C:/Users/Mike/Desktop/organwsh/test/Reg1BitR.vhd EN work/Reg1BitR 1490643968 \
      CP mux CP flipflop
FL C:/Users/Mike/Desktop/organwsh/test/Reg32Bit.vhd 2017/02/12.20:22:04 O.87xd
EN work/Reg32Bit 1490643972 FL C:/Users/Mike/Desktop/organwsh/test/Reg32Bit.vhd \
      PB ieee/std_logic_1164 1325952872
AR work/Reg32Bit/Structural 1490643973 \
      FL C:/Users/Mike/Desktop/organwsh/test/Reg32Bit.vhd EN work/Reg32Bit 1490643972 \
      CP Reg4Bit
FL C:/Users/Mike/Desktop/organwsh/test/Reg32BitR.vhd 2017/02/20.21:29:22 O.87xd
EN work/Reg32BitR 1490643990 FL C:/Users/Mike/Desktop/organwsh/test/Reg32BitR.vhd \
      PB ieee/std_logic_1164 1325952872
AR work/Reg32BitR/Structural 1490643991 \
      FL C:/Users/Mike/Desktop/organwsh/test/Reg32BitR.vhd EN work/Reg32BitR 1490643990 \
      CP Reg4BitR
FL C:/Users/Mike/Desktop/organwsh/test/Reg4Bit.vhd 2017/02/11.19:26:38 O.87xd
EN work/Reg4Bit 1490643964 FL C:/Users/Mike/Desktop/organwsh/test/Reg4Bit.vhd \
      PB ieee/std_logic_1164 1325952872
AR work/Reg4Bit/Behavioral 1490643965 \
      FL C:/Users/Mike/Desktop/organwsh/test/Reg4Bit.vhd EN work/Reg4Bit 1490643964 \
      CP Reg1Bit
FL C:/Users/Mike/Desktop/organwsh/test/Reg4BitR.vhd 2017/02/20.21:27:58 O.87xd
EN work/Reg4BitR 1490643980 FL C:/Users/Mike/Desktop/organwsh/test/Reg4BitR.vhd \
      PB ieee/std_logic_1164 1325952872
AR work/Reg4BitR/Behavioral 1490643981 \
      FL C:/Users/Mike/Desktop/organwsh/test/Reg4BitR.vhd EN work/Reg4BitR 1490643980 \
      CP Reg1BitR
FL C:/Users/Mike/Desktop/organwsh/test/Reg8Bit.vhd 2017/03/24.21:58:41 O.87xd
EN work/Reg8Bit 1490644004 FL C:/Users/Mike/Desktop/organwsh/test/Reg8Bit.vhd \
      PB ieee/std_logic_1164 1325952872
AR work/Reg8Bit/Behavioral 1490644005 \
      FL C:/Users/Mike/Desktop/organwsh/test/Reg8Bit.vhd EN work/Reg8Bit 1490644004 \
      CP Reg4Bit
FL C:/Users/Mike/Desktop/organwsh/test/RegisterFile.vhd 2017/03/13.16:38:28 O.87xd
EN work/RegisterFile 1490643988 \
      FL C:/Users/Mike/Desktop/organwsh/test/RegisterFile.vhd \
      PB ieee/std_logic_1164 1325952872
AR work/RegisterFile/Behavioral 1490643989 \
      FL C:/Users/Mike/Desktop/organwsh/test/RegisterFile.vhd \
      EN work/RegisterFile 1490643988 CP Decoder5to32 CP Reg32Bit CP mux32to1_32Bit \
      CP compareModule CP mux32Bit
FL C:/Users/Mike/Desktop/organwsh/test/rfer.vhd 2017/02/19.19:00:00 O.87xd
EN work/mux5Bit 1490643986 FL C:/Users/Mike/Desktop/organwsh/test/rfer.vhd \
      PB ieee/std_logic_1164 1325952872
AR work/mux5Bit/Behavioral 1490643987 \
      FL C:/Users/Mike/Desktop/organwsh/test/rfer.vhd EN work/mux5Bit 1490643986 \
      CP mux
FL C:/Users/Mike/Desktop/organwsh/test/sizeContolUnit.vhd 2017/03/26.15:15:38 O.87xd
EN work/MemOutContolUnit 1490644016 \
      FL C:/Users/Mike/Desktop/organwsh/test/sizeContolUnit.vhd \
      PB ieee/std_logic_1164 1325952872
AR work/MemOutContolUnit/Behavioral 1490644017 \
      FL C:/Users/Mike/Desktop/organwsh/test/sizeContolUnit.vhd \
      EN work/MemOutContolUnit 1490644016
FL C:/Users/Mike/Desktop/organwsh/test/top.vhd 2017/03/26.19:08:52 O.87xd
EN work/ALU 1490643982 FL C:/Users/Mike/Desktop/organwsh/test/top.vhd \
      PB ieee/std_logic_1164 1325952872 PB ieee/STD_LOGIC_UNSIGNED 1325952875
AR work/ALU/Behavioral 1490643983 \
      FL C:/Users/Mike/Desktop/organwsh/test/top.vhd EN work/ALU 1490643982
